#!MC 1410
# Spectrum colormap
$!CREATECOLORMAP
  NAME = 'FieldView - Spectrum (c1.col)'
  NUMCONTROLPOINTS = 11
  CONTROLPOINT 1 { COLORMAPFRACTION = 0.0 LEADRGB { R =   0 G =   1 B = 255 } TRAILRGB { R =   0 G =   1 B = 255 } }
  CONTROLPOINT 2 { COLORMAPFRACTION = 0.08163265306122448 LEADRGB { R =   0 G =  84 B = 255 } TRAILRGB { R =   0 G =  84 B = 255 } }
  CONTROLPOINT 3 { COLORMAPFRACTION = 0.1836734693877551 LEADRGB { R =   0 G = 188 B = 255 } TRAILRGB { R =   0 G = 188 B = 255 } }
  CONTROLPOINT 4 { COLORMAPFRACTION = 0.2857142857142857 LEADRGB { R =   0 G = 255 B = 218 } TRAILRGB { R =   0 G = 255 B = 218 } }
  CONTROLPOINT 5 { COLORMAPFRACTION = 0.3877551020408163 LEADRGB { R =   0 G = 255 B = 114 } TRAILRGB { R =   0 G = 255 B = 114 } }
  CONTROLPOINT 6 { COLORMAPFRACTION = 0.4897959183673469 LEADRGB { R =   0 G = 255 B =  10 } TRAILRGB { R =   0 G = 255 B =  10 } }
  CONTROLPOINT 7 { COLORMAPFRACTION = 0.5918367346938775 LEADRGB { R =  94 G = 255 B =   0 } TRAILRGB { R =  94 G = 255 B =   0 } }
  CONTROLPOINT 8 { COLORMAPFRACTION = 0.6938775510204082 LEADRGB { R = 198 G = 255 B =   0 } TRAILRGB { R = 198 G = 255 B =   0 } }
  CONTROLPOINT 9 { COLORMAPFRACTION = 0.7959183673469388 LEADRGB { R = 255 G = 208 B =   0 } TRAILRGB { R = 255 G = 208 B =   0 } }
  CONTROLPOINT 10 { COLORMAPFRACTION = 0.8979591836734694 LEADRGB { R = 255 G = 104 B =   0 } TRAILRGB { R = 255 G = 104 B =   0 } }
  CONTROLPOINT 11 { COLORMAPFRACTION = 1.0 LEADRGB { R = 255 G =   0 B =   0 } TRAILRGB { R = 255 G =   0 B =   0 } }
# Spectrum colormap
$!CREATECOLORMAP
  NAME = 'FieldView - NASA-1 (c7.col)'
  NUMCONTROLPOINTS = 11
  CONTROLPOINT 1 { COLORMAPFRACTION = 0.0 LEADRGB { R =   0 G =   1 B = 255 } TRAILRGB { R =   0 G =   1 B = 255 } }
  CONTROLPOINT 2 { COLORMAPFRACTION = 0.08163265306122448 LEADRGB { R =   0 G =  56 B = 255 } TRAILRGB { R =   0 G =  56 B = 255 } }
  CONTROLPOINT 3 { COLORMAPFRACTION = 0.1836734693877551 LEADRGB { R =   0 G = 126 B = 255 } TRAILRGB { R =   0 G = 126 B = 255 } }
  CONTROLPOINT 4 { COLORMAPFRACTION = 0.2857142857142857 LEADRGB { R =   0 G = 245 B = 255 } TRAILRGB { R =   0 G = 245 B = 255 } }
  CONTROLPOINT 5 { COLORMAPFRACTION = 0.3877551020408163 LEADRGB { R =  30 G = 255 B =   0 } TRAILRGB { R =  30 G = 255 B =   0 } }
  CONTROLPOINT 6 { COLORMAPFRACTION = 0.4897959183673469 LEADRGB { R = 255 G = 244 B =   0 } TRAILRGB { R = 255 G = 244 B =   0 } }
  CONTROLPOINT 7 { COLORMAPFRACTION = 0.5918367346938775 LEADRGB { R = 255 G = 174 B =   0 } TRAILRGB { R = 255 G = 174 B =   0 } }
  CONTROLPOINT 8 { COLORMAPFRACTION = 0.6938775510204082 LEADRGB { R = 255 G = 105 B =   0 } TRAILRGB { R = 255 G = 105 B =   0 } }
  CONTROLPOINT 9 { COLORMAPFRACTION = 0.7959183673469388 LEADRGB { R = 255 G =  36 B =   0 } TRAILRGB { R = 255 G =  36 B =   0 } }
  CONTROLPOINT 10 { COLORMAPFRACTION = 0.8979591836734694 LEADRGB { R = 255 G =  42 B =  83 } TRAILRGB { R = 255 G =  42 B =  83 } }
  CONTROLPOINT 11 { COLORMAPFRACTION = 1.0 LEADRGB { R = 255 G = 128 B = 255 } TRAILRGB { R = 255 G = 128 B = 255 } }
# Spectrum colormap
$!CREATECOLORMAP
  NAME = 'FieldView - NASA-2 (c8.col)'
  NUMCONTROLPOINTS = 11
  CONTROLPOINT 1 { COLORMAPFRACTION = 0.0 LEADRGB { R =   0 G =   0 B =   0 } TRAILRGB { R =   0 G =   0 B =   0 } }
  CONTROLPOINT 2 { COLORMAPFRACTION = 0.08163265306122448 LEADRGB { R =   0 G =   0 B = 169 } TRAILRGB { R =   0 G =   0 B = 169 } }
  CONTROLPOINT 3 { COLORMAPFRACTION = 0.1836734693877551 LEADRGB { R =   0 G =  51 B = 255 } TRAILRGB { R =   0 G =  51 B = 255 } }
  CONTROLPOINT 4 { COLORMAPFRACTION = 0.2857142857142857 LEADRGB { R =   0 G = 136 B = 255 } TRAILRGB { R =   0 G = 136 B = 255 } }
  CONTROLPOINT 5 { COLORMAPFRACTION = 0.3877551020408163 LEADRGB { R =   0 G = 255 B = 136 } TRAILRGB { R =   0 G = 255 B = 136 } }
  CONTROLPOINT 6 { COLORMAPFRACTION = 0.4897959183673469 LEADRGB { R = 198 G = 255 B =   0 } TRAILRGB { R = 198 G = 255 B =   0 } }
  CONTROLPOINT 7 { COLORMAPFRACTION = 0.5918367346938775 LEADRGB { R = 255 G = 186 B =   0 } TRAILRGB { R = 255 G = 186 B =   0 } }
  CONTROLPOINT 8 { COLORMAPFRACTION = 0.6938775510204082 LEADRGB { R = 255 G = 101 B =   0 } TRAILRGB { R = 255 G = 101 B =   0 } }
  CONTROLPOINT 9 { COLORMAPFRACTION = 0.7959183673469388 LEADRGB { R = 255 G =  16 B =   0 } TRAILRGB { R = 255 G =  16 B =   0 } }
  CONTROLPOINT 10 { COLORMAPFRACTION = 0.8979591836734694 LEADRGB { R = 255 G =  86 B = 172 } TRAILRGB { R = 255 G =  86 B = 172 } }
  CONTROLPOINT 11 { COLORMAPFRACTION = 1.0 LEADRGB { R = 255 G = 255 B = 255 } TRAILRGB { R = 255 G = 255 B = 255 } }
# Gray Scale colormap
$!CREATECOLORMAP
  NAME = 'FieldView - Gray Scale (c2.col)'
  NUMCONTROLPOINTS = 11
  CONTROLPOINT 1 { COLORMAPFRACTION = 0.0 LEADRGB { R =   0 G =   0 B =   0 } TRAILRGB { R =   0 G =   0 B =   0 } }
  CONTROLPOINT 2 { COLORMAPFRACTION = 0.08163265306122448 LEADRGB { R =  21 G =  21 B =  21 } TRAILRGB { R =  21 G =  21 B =  21 } }
  CONTROLPOINT 3 { COLORMAPFRACTION = 0.1836734693877551 LEADRGB { R =  46 G =  46 B =  46 } TRAILRGB { R =  46 G =  46 B =  46 } }
  CONTROLPOINT 4 { COLORMAPFRACTION = 0.2857142857142857 LEADRGB { R =  72 G =  72 B =  72 } TRAILRGB { R =  72 G =  72 B =  72 } }
  CONTROLPOINT 5 { COLORMAPFRACTION = 0.3877551020408163 LEADRGB { R =  98 G =  98 B =  98 } TRAILRGB { R =  98 G =  98 B =  98 } }
  CONTROLPOINT 6 { COLORMAPFRACTION = 0.4897959183673469 LEADRGB { R = 124 G = 124 B = 124 } TRAILRGB { R = 124 G = 124 B = 124 } }
  CONTROLPOINT 7 { COLORMAPFRACTION = 0.5918367346938775 LEADRGB { R = 149 G = 149 B = 149 } TRAILRGB { R = 149 G = 149 B = 149 } }
  CONTROLPOINT 8 { COLORMAPFRACTION = 0.6938775510204082 LEADRGB { R = 176 G = 176 B = 176 } TRAILRGB { R = 176 G = 176 B = 176 } }
  CONTROLPOINT 9 { COLORMAPFRACTION = 0.7959183673469388 LEADRGB { R = 201 G = 201 B = 201 } TRAILRGB { R = 201 G = 201 B = 201 } }
  CONTROLPOINT 10 { COLORMAPFRACTION = 0.8979591836734694 LEADRGB { R = 228 G = 228 B = 228 } TRAILRGB { R = 228 G = 228 B = 228 } }
  CONTROLPOINT 11 { COLORMAPFRACTION = 1.0 LEADRGB { R = 254 G = 254 B = 254 } TRAILRGB { R = 254 G = 254 B = 254 } }
# Color Striped colormap
$!CREATECOLORMAP
  NAME = 'FieldView - Color Striped (c5.col)'
  NUMCONTROLPOINTS = 11
  CONTROLPOINT 1 { COLORMAPFRACTION = 0.0 LEADRGB { R =   0 G =   0 B = 217 } TRAILRGB { R =   0 G =   0 B = 217 } }
  CONTROLPOINT 2 { COLORMAPFRACTION = 0.08163265306122448 LEADRGB { R =   0 G =  75 B = 235 } TRAILRGB { R =   0 G =  75 B = 235 } }
  CONTROLPOINT 3 { COLORMAPFRACTION = 0.1836734693877551 LEADRGB { R =   0 G = 163 B = 251 } TRAILRGB { R =   0 G = 163 B = 251 } }
  CONTROLPOINT 4 { COLORMAPFRACTION = 0.2857142857142857 LEADRGB { R =   0 G = 226 B = 229 } TRAILRGB { R =   0 G = 226 B = 229 } }
  CONTROLPOINT 5 { COLORMAPFRACTION = 0.3877551020408163 LEADRGB { R =   0 G = 238 B = 147 } TRAILRGB { R =   0 G = 238 B = 147 } }
  CONTROLPOINT 6 { COLORMAPFRACTION = 0.4897959183673469 LEADRGB { R =   0 G = 207 B =  13 } TRAILRGB { R =   0 G = 207 B =  13 } }
  CONTROLPOINT 7 { COLORMAPFRACTION = 0.5918367346938775 LEADRGB { R = 117 G = 232 B =   0 } TRAILRGB { R = 117 G = 232 B =   0 } }
  CONTROLPOINT 8 { COLORMAPFRACTION = 0.6938775510204082 LEADRGB { R = 219 G = 241 B =   0 } TRAILRGB { R = 219 G = 241 B =   0 } }
  CONTROLPOINT 9 { COLORMAPFRACTION = 0.7959183673469388 LEADRGB { R = 245 G = 189 B =   0 } TRAILRGB { R = 245 G = 189 B =   0 } }
  CONTROLPOINT 10 { COLORMAPFRACTION = 0.8979591836734694 LEADRGB { R = 245 G = 114 B =   0 } TRAILRGB { R = 245 G = 114 B =   0 } }
  CONTROLPOINT 11 { COLORMAPFRACTION = 1.0 LEADRGB { R = 230 G =  26 B =   0 } TRAILRGB { R = 230 G =  26 B =   0 } }
# Black&White colormap
$!CREATECOLORMAP
  NAME = 'FieldView - Black&White (c6.col)'
  NUMCONTROLPOINTS = 11
  CONTROLPOINT 1 { COLORMAPFRACTION = 0.0 LEADRGB { R =  26 G =  26 B =  26 } TRAILRGB { R =  26 G =  26 B =  26 } }
  CONTROLPOINT 2 { COLORMAPFRACTION = 0.08163265306122448 LEADRGB { R =  42 G =  42 B =  42 } TRAILRGB { R =  42 G =  42 B =  42 } }
  CONTROLPOINT 3 { COLORMAPFRACTION = 0.1836734693877551 LEADRGB { R =  63 G =  63 B =  63 } TRAILRGB { R =  63 G =  63 B =  63 } }
  CONTROLPOINT 4 { COLORMAPFRACTION = 0.2857142857142857 LEADRGB { R =  84 G =  84 B =  84 } TRAILRGB { R =  84 G =  84 B =  84 } }
  CONTROLPOINT 5 { COLORMAPFRACTION = 0.3877551020408163 LEADRGB { R = 105 G = 105 B = 105 } TRAILRGB { R = 105 G = 105 B = 105 } }
  CONTROLPOINT 6 { COLORMAPFRACTION = 0.4897959183673469 LEADRGB { R = 125 G = 125 B = 125 } TRAILRGB { R = 125 G = 125 B = 125 } }
  CONTROLPOINT 7 { COLORMAPFRACTION = 0.5918367346938775 LEADRGB { R = 151 G = 151 B = 151 } TRAILRGB { R = 151 G = 151 B = 151 } }
  CONTROLPOINT 8 { COLORMAPFRACTION = 0.6938775510204082 LEADRGB { R = 177 G = 177 B = 177 } TRAILRGB { R = 177 G = 177 B = 177 } }
  CONTROLPOINT 9 { COLORMAPFRACTION = 0.7959183673469388 LEADRGB { R = 202 G = 202 B = 202 } TRAILRGB { R = 202 G = 202 B = 202 } }
  CONTROLPOINT 10 { COLORMAPFRACTION = 0.8979591836734694 LEADRGB { R = 224 G = 224 B = 224 } TRAILRGB { R = 224 G = 224 B = 224 } }
  CONTROLPOINT 11 { COLORMAPFRACTION = 1.0 LEADRGB { R = 247 G = 247 B = 247 } TRAILRGB { R = 247 G = 247 B = 247 } }
# Striped colormap
$!CREATECOLORMAP
  NAME = 'FieldView - Striped (c4.col)'
  NUMCONTROLPOINTS = 11
  CONTROLPOINT 1 { COLORMAPFRACTION = 0.0 LEADRGB { R =   0 G =   1 B = 255 } TRAILRGB { R =   0 G =   1 B = 255 } }
  CONTROLPOINT 2 { COLORMAPFRACTION = 0.08163265306122448 LEADRGB { R =   0 G =   1 B = 234 } TRAILRGB { R =   0 G =   1 B = 234 } }
  CONTROLPOINT 3 { COLORMAPFRACTION = 0.1836734693877551 LEADRGB { R =   0 G = 146 B = 255 } TRAILRGB { R =   0 G = 146 B = 255 } }
  CONTROLPOINT 4 { COLORMAPFRACTION = 0.2857142857142857 LEADRGB { R =   0 G = 255 B = 217 } TRAILRGB { R =   0 G = 255 B = 217 } }
  CONTROLPOINT 5 { COLORMAPFRACTION = 0.3877551020408163 LEADRGB { R =   0 G =  99 B =  28 } TRAILRGB { R =   0 G =  99 B =  28 } }
  CONTROLPOINT 6 { COLORMAPFRACTION = 0.4897959183673469 LEADRGB { R =   0 G =   0 B =   0 } TRAILRGB { R =   0 G =   0 B =   0 } }
  CONTROLPOINT 7 { COLORMAPFRACTION = 0.5918367346938775 LEADRGB { R =  74 G = 255 B =   0 } TRAILRGB { R =  74 G = 255 B =   0 } }
  CONTROLPOINT 8 { COLORMAPFRACTION = 0.6938775510204082 LEADRGB { R = 219 G = 255 B =   0 } TRAILRGB { R = 219 G = 255 B =   0 } }
  CONTROLPOINT 9 { COLORMAPFRACTION = 0.7959183673469388 LEADRGB { R = 255 G = 145 B =   0 } TRAILRGB { R = 255 G = 145 B =   0 } }
  CONTROLPOINT 10 { COLORMAPFRACTION = 0.8979591836734694 LEADRGB { R =   0 G =   0 B =   0 } TRAILRGB { R =   0 G =   0 B =   0 } }
  CONTROLPOINT 11 { COLORMAPFRACTION = 1.0 LEADRGB { R = 255 G =   0 B =   0 } TRAILRGB { R = 255 G =   0 B =   0 } }
# Zebra colormap
$!CREATECOLORMAP
  NAME = 'FieldView - Zebra (c3.col)'
  NUMCONTROLPOINTS = 11
  CONTROLPOINT 1 { COLORMAPFRACTION = 0.0 LEADRGB { R =   0 G =   0 B =   0 } TRAILRGB { R =   0 G =   0 B =   0 } }
  CONTROLPOINT 2 { COLORMAPFRACTION = 0.08163265306122448 LEADRGB { R = 147 G = 147 B = 147 } TRAILRGB { R = 147 G = 147 B = 147 } }
  CONTROLPOINT 3 { COLORMAPFRACTION = 0.1836734693877551 LEADRGB { R = 150 G = 150 B = 150 } TRAILRGB { R = 150 G = 150 B = 150 } }
  CONTROLPOINT 4 { COLORMAPFRACTION = 0.2857142857142857 LEADRGB { R = 126 G = 126 B = 126 } TRAILRGB { R = 126 G = 126 B = 126 } }
  CONTROLPOINT 5 { COLORMAPFRACTION = 0.3877551020408163 LEADRGB { R = 129 G = 129 B = 129 } TRAILRGB { R = 129 G = 129 B = 129 } }
  CONTROLPOINT 6 { COLORMAPFRACTION = 0.4897959183673469 LEADRGB { R = 105 G = 105 B = 105 } TRAILRGB { R = 105 G = 105 B = 105 } }
  CONTROLPOINT 7 { COLORMAPFRACTION = 0.5918367346938775 LEADRGB { R = 108 G = 108 B = 108 } TRAILRGB { R = 108 G = 108 B = 108 } }
  CONTROLPOINT 8 { COLORMAPFRACTION = 0.6938775510204082 LEADRGB { R =  82 G =  82 B =  82 } TRAILRGB { R =  82 G =  82 B =  82 } }
  CONTROLPOINT 9 { COLORMAPFRACTION = 0.7959183673469388 LEADRGB { R =  78 G =  78 B =  78 } TRAILRGB { R =  78 G =  78 B =  78 } }
  CONTROLPOINT 10 { COLORMAPFRACTION = 0.8979591836734694 LEADRGB { R =  59 G =  59 B =  59 } TRAILRGB { R =  59 G =  59 B =  59 } }
  CONTROLPOINT 11 { COLORMAPFRACTION = 1.0 LEADRGB { R =  31 G =  31 B =  31 } TRAILRGB { R =  31 G =  31 B =  31 } }
# J. Mcnames, "An Effective Color Scale For Simultaneous Color And Gray Scale Publications," Ieee Signal Processing Magazine, In Press (January 2006) colormap
$!CREATECOLORMAP
  NAME = 'FieldView - Achromatic Vision 1 (achromatic_vision1.col)'
  NUMCONTROLPOINTS = 11
  CONTROLPOINT 1 { COLORMAPFRACTION = 0.0 LEADRGB { R =   0 G =   0 B =   0 } TRAILRGB { R =   0 G =   0 B =   0 } }
  CONTROLPOINT 2 { COLORMAPFRACTION = 0.08163265306122448 LEADRGB { R =   5 G =  15 B =  15 } TRAILRGB { R =   5 G =  15 B =  15 } }
  CONTROLPOINT 3 { COLORMAPFRACTION = 0.1836734693877551 LEADRGB { R =  22 G =  12 B =  58 } TRAILRGB { R =  22 G =  12 B =  58 } }
  CONTROLPOINT 4 { COLORMAPFRACTION = 0.2857142857142857 LEADRGB { R = 114 G =  20 B =  71 } TRAILRGB { R = 114 G =  20 B =  71 } }
  CONTROLPOINT 5 { COLORMAPFRACTION = 0.3877551020408163 LEADRGB { R = 171 G = 106 B =  40 } TRAILRGB { R = 171 G = 106 B =  40 } }
  CONTROLPOINT 6 { COLORMAPFRACTION = 0.4897959183673469 LEADRGB { R = 115 G = 190 B =  67 } TRAILRGB { R = 115 G = 190 B =  67 } }
  CONTROLPOINT 7 { COLORMAPFRACTION = 0.5918367346938775 LEADRGB { R =  54 G = 179 B = 195 } TRAILRGB { R =  54 G = 179 B = 195 } }
  CONTROLPOINT 8 { COLORMAPFRACTION = 0.6938775510204082 LEADRGB { R = 135 G = 117 B = 182 } TRAILRGB { R = 135 G = 117 B = 182 } }
  CONTROLPOINT 9 { COLORMAPFRACTION = 0.7959183673469388 LEADRGB { R = 232 G = 154 B = 187 } TRAILRGB { R = 232 G = 154 B = 187 } }
  CONTROLPOINT 10 { COLORMAPFRACTION = 0.8979591836734694 LEADRGB { R = 247 G = 232 B = 201 } TRAILRGB { R = 247 G = 232 B = 201 } }
  CONTROLPOINT 11 { COLORMAPFRACTION = 1.0 LEADRGB { R = 255 G = 255 B = 255 } TRAILRGB { R = 255 G = 255 B = 255 } }
# Colorblind Friendly colormap
$!CREATECOLORMAP
  NAME = 'FieldView - Achromatic Vision 2 (achromatic_vision2.col)'
  NUMCONTROLPOINTS = 11
  CONTROLPOINT 1 { COLORMAPFRACTION = 0.0 LEADRGB { R =   0 G =   0 B =   0 } TRAILRGB { R =   0 G =   0 B =   0 } }
  CONTROLPOINT 2 { COLORMAPFRACTION = 0.08163265306122448 LEADRGB { R =   1 G =   2 B =  40 } TRAILRGB { R =   1 G =   2 B =  40 } }
  CONTROLPOINT 3 { COLORMAPFRACTION = 0.1836734693877551 LEADRGB { R =   4 G =   5 B =  91 } TRAILRGB { R =   4 G =   5 B =  91 } }
  CONTROLPOINT 4 { COLORMAPFRACTION = 0.2857142857142857 LEADRGB { R =   6 G =   8 B = 142 } TRAILRGB { R =   6 G =   8 B = 142 } }
  CONTROLPOINT 5 { COLORMAPFRACTION = 0.3877551020408163 LEADRGB { R =   9 G =  10 B = 193 } TRAILRGB { R =   9 G =  10 B = 193 } }
  CONTROLPOINT 6 { COLORMAPFRACTION = 0.4897959183673469 LEADRGB { R =  11 G =  13 B = 244 } TRAILRGB { R =  11 G =  13 B = 244 } }
  CONTROLPOINT 7 { COLORMAPFRACTION = 0.5918367346938775 LEADRGB { R =  56 G =  58 B = 204 } TRAILRGB { R =  56 G =  58 B = 204 } }
  CONTROLPOINT 8 { COLORMAPFRACTION = 0.6938775510204082 LEADRGB { R = 105 G = 107 B = 154 } TRAILRGB { R = 105 G = 107 B = 154 } }
  CONTROLPOINT 9 { COLORMAPFRACTION = 0.7959183673469388 LEADRGB { R = 154 G = 156 B = 105 } TRAILRGB { R = 154 G = 156 B = 105 } }
  CONTROLPOINT 10 { COLORMAPFRACTION = 0.8979591836734694 LEADRGB { R = 203 G = 205 B =  55 } TRAILRGB { R = 203 G = 205 B =  55 } }
  CONTROLPOINT 11 { COLORMAPFRACTION = 1.0 LEADRGB { R = 253 G = 254 B =   6 } TRAILRGB { R = 253 G = 254 B =   6 } }
# Red Green colormap
$!CREATECOLORMAP
  NAME = 'FieldView - Banded Blue to Red Dark (banded_blue_to_red_dark.col)'
  NUMCONTROLPOINTS = 11
  CONTROLPOINT 1 { COLORMAPFRACTION = 0.0 LEADRGB { R = 253 G =   1 B =   1 } TRAILRGB { R = 253 G =   1 B =   1 } }
  CONTROLPOINT 2 { COLORMAPFRACTION = 0.08163265306122448 LEADRGB { R = 151 G =  14 B =  14 } TRAILRGB { R = 151 G =  14 B =  14 } }
  CONTROLPOINT 3 { COLORMAPFRACTION = 0.1836734693877551 LEADRGB { R = 104 G =  24 B =  24 } TRAILRGB { R = 104 G =  24 B =  24 } }
  CONTROLPOINT 4 { COLORMAPFRACTION = 0.2857142857142857 LEADRGB { R = 120 G =  49 B =  49 } TRAILRGB { R = 120 G =  49 B =  49 } }
  CONTROLPOINT 5 { COLORMAPFRACTION = 0.3877551020408163 LEADRGB { R = 145 G =  93 B =  93 } TRAILRGB { R = 145 G =  93 B =  93 } }
  CONTROLPOINT 6 { COLORMAPFRACTION = 0.4897959183673469 LEADRGB { R = 127 G = 123 B = 123 } TRAILRGB { R = 127 G = 123 B = 123 } }
  CONTROLPOINT 7 { COLORMAPFRACTION = 0.5918367346938775 LEADRGB { R =  78 G =  78 B = 112 } TRAILRGB { R =  78 G =  78 B = 112 } }
  CONTROLPOINT 8 { COLORMAPFRACTION = 0.6938775510204082 LEADRGB { R =  41 G =  41 B =  91 } TRAILRGB { R =  41 G =  41 B =  91 } }
  CONTROLPOINT 9 { COLORMAPFRACTION = 0.7959183673469388 LEADRGB { R =  30 G =  30 B = 116 } TRAILRGB { R =  30 G =  30 B = 116 } }
  CONTROLPOINT 10 { COLORMAPFRACTION = 0.8979591836734694 LEADRGB { R =  23 G =  23 B = 193 } TRAILRGB { R =  23 G =  23 B = 193 } }
  CONTROLPOINT 11 { COLORMAPFRACTION = 1.0 LEADRGB { R =   1 G =   1 B = 254 } TRAILRGB { R =   1 G =   1 B = 254 } }
# Red Green colormap
$!CREATECOLORMAP
  NAME = 'FieldView - Banded Blue to Red Light (banded_blue_to_red_light.col)'
  NUMCONTROLPOINTS = 11
  CONTROLPOINT 1 { COLORMAPFRACTION = 0.0 LEADRGB { R = 247 G =   2 B =   2 } TRAILRGB { R = 247 G =   2 B =   2 } }
  CONTROLPOINT 2 { COLORMAPFRACTION = 0.08163265306122448 LEADRGB { R = 174 G =  30 B =  30 } TRAILRGB { R = 174 G =  30 B =  30 } }
  CONTROLPOINT 3 { COLORMAPFRACTION = 0.1836734693877551 LEADRGB { R = 129 G =  48 B =  48 } TRAILRGB { R = 129 G =  48 B =  48 } }
  CONTROLPOINT 4 { COLORMAPFRACTION = 0.2857142857142857 LEADRGB { R = 176 G = 102 B = 102 } TRAILRGB { R = 176 G = 102 B = 102 } }
  CONTROLPOINT 5 { COLORMAPFRACTION = 0.3877551020408163 LEADRGB { R = 224 G = 175 B = 175 } TRAILRGB { R = 224 G = 175 B = 175 } }
  CONTROLPOINT 6 { COLORMAPFRACTION = 0.4897959183673469 LEADRGB { R = 238 G = 234 B = 234 } TRAILRGB { R = 238 G = 234 B = 234 } }
  CONTROLPOINT 7 { COLORMAPFRACTION = 0.5918367346938775 LEADRGB { R = 156 G = 156 B = 191 } TRAILRGB { R = 156 G = 156 B = 191 } }
  CONTROLPOINT 8 { COLORMAPFRACTION = 0.6938775510204082 LEADRGB { R =  88 G =  88 B = 143 } TRAILRGB { R =  88 G =  88 B = 143 } }
  CONTROLPOINT 9 { COLORMAPFRACTION = 0.7959183673469388 LEADRGB { R =  66 G =  66 B = 160 } TRAILRGB { R =  66 G =  66 B = 160 } }
  CONTROLPOINT 10 { COLORMAPFRACTION = 0.8979591836734694 LEADRGB { R =  44 G =  44 B = 207 } TRAILRGB { R =  44 G =  44 B = 207 } }
  CONTROLPOINT 11 { COLORMAPFRACTION = 1.0 LEADRGB { R =   2 G =   2 B = 255 } TRAILRGB { R =   2 G =   2 B = 255 } }
# Greyscale colormap
$!CREATECOLORMAP
  NAME = 'FieldView - greyscale (banded_greyscale.col)'
  NUMCONTROLPOINTS = 11
  CONTROLPOINT 1 { COLORMAPFRACTION = 0.0 LEADRGB { R = 255 G = 255 B = 255 } TRAILRGB { R = 255 G = 255 B = 255 } }
  CONTROLPOINT 2 { COLORMAPFRACTION = 0.08163265306122448 LEADRGB { R = 151 G = 151 B = 151 } TRAILRGB { R = 151 G = 151 B = 151 } }
  CONTROLPOINT 3 { COLORMAPFRACTION = 0.1836734693877551 LEADRGB { R = 107 G = 107 B = 107 } TRAILRGB { R = 107 G = 107 B = 107 } }
  CONTROLPOINT 4 { COLORMAPFRACTION = 0.2857142857142857 LEADRGB { R = 104 G = 104 B = 104 } TRAILRGB { R = 104 G = 104 B = 104 } }
  CONTROLPOINT 5 { COLORMAPFRACTION = 0.3877551020408163 LEADRGB { R = 122 G = 122 B = 122 } TRAILRGB { R = 122 G = 122 B = 122 } }
  CONTROLPOINT 6 { COLORMAPFRACTION = 0.4897959183673469 LEADRGB { R = 126 G = 126 B = 126 } TRAILRGB { R = 126 G = 126 B = 126 } }
  CONTROLPOINT 7 { COLORMAPFRACTION = 0.5918367346938775 LEADRGB { R = 101 G = 101 B = 101 } TRAILRGB { R = 101 G = 101 B = 101 } }
  CONTROLPOINT 8 { COLORMAPFRACTION = 0.6938775510204082 LEADRGB { R =  62 G =  62 B =  62 } TRAILRGB { R =  62 G =  62 B =  62 } }
  CONTROLPOINT 9 { COLORMAPFRACTION = 0.7959183673469388 LEADRGB { R =  31 G =  31 B =  31 } TRAILRGB { R =  31 G =  31 B =  31 } }
  CONTROLPOINT 10 { COLORMAPFRACTION = 0.8979591836734694 LEADRGB { R =  13 G =  13 B =  13 } TRAILRGB { R =  13 G =  13 B =  13 } }
  CONTROLPOINT 11 { COLORMAPFRACTION = 1.0 LEADRGB { R =   0 G =   0 B =   0 } TRAILRGB { R =   0 G =   0 B =   0 } }
# Big Diff colormap
$!CREATECOLORMAP
  NAME = 'FieldView - Big Difference (big_difference.col)'
  NUMCONTROLPOINTS = 11
  CONTROLPOINT 1 { COLORMAPFRACTION = 0.0 LEADRGB { R =   0 G =   1 B =  94 } TRAILRGB { R =   0 G =   1 B =  94 } }
  CONTROLPOINT 2 { COLORMAPFRACTION = 0.08163265306122448 LEADRGB { R =   0 G =  17 B = 116 } TRAILRGB { R =   0 G =  17 B = 116 } }
  CONTROLPOINT 3 { COLORMAPFRACTION = 0.1836734693877551 LEADRGB { R =  29 G =  92 B = 166 } TRAILRGB { R =  29 G =  92 B = 166 } }
  CONTROLPOINT 4 { COLORMAPFRACTION = 0.2857142857142857 LEADRGB { R =  64 G = 173 B = 154 } TRAILRGB { R =  64 G = 173 B = 154 } }
  CONTROLPOINT 5 { COLORMAPFRACTION = 0.3877551020408163 LEADRGB { R =  53 G = 215 B = 100 } TRAILRGB { R =  53 G = 215 B = 100 } }
  CONTROLPOINT 6 { COLORMAPFRACTION = 0.4897959183673469 LEADRGB { R = 147 G = 243 B = 159 } TRAILRGB { R = 147 G = 243 B = 159 } }
  CONTROLPOINT 7 { COLORMAPFRACTION = 0.5918367346938775 LEADRGB { R = 250 G = 237 B =  71 } TRAILRGB { R = 250 G = 237 B =  71 } }
  CONTROLPOINT 8 { COLORMAPFRACTION = 0.6938775510204082 LEADRGB { R = 245 G = 149 B =  38 } TRAILRGB { R = 245 G = 149 B =  38 } }
  CONTROLPOINT 9 { COLORMAPFRACTION = 0.7959183673469388 LEADRGB { R = 224 G =  66 B =  27 } TRAILRGB { R = 224 G =  66 B =  27 } }
  CONTROLPOINT 10 { COLORMAPFRACTION = 0.8979591836734694 LEADRGB { R = 171 G =  50 B =  47 } TRAILRGB { R = 171 G =  50 B =  47 } }
  CONTROLPOINT 11 { COLORMAPFRACTION = 1.0 LEADRGB { R =  85 G =   0 B =   0 } TRAILRGB { R =  85 G =   0 B =   0 } }
# Flesh Tones colormap
$!CREATECOLORMAP
  NAME = 'FieldView - Bio Spectrum 1 (bio_spectrum1.col)'
  NUMCONTROLPOINTS = 11
  CONTROLPOINT 1 { COLORMAPFRACTION = 0.0 LEADRGB { R =  74 G =   0 B =   0 } TRAILRGB { R =  74 G =   0 B =   0 } }
  CONTROLPOINT 2 { COLORMAPFRACTION = 0.08163265306122448 LEADRGB { R = 109 G =   0 B =   0 } TRAILRGB { R = 109 G =   0 B =   0 } }
  CONTROLPOINT 3 { COLORMAPFRACTION = 0.1836734693877551 LEADRGB { R = 154 G =   0 B =   0 } TRAILRGB { R = 154 G =   0 B =   0 } }
  CONTROLPOINT 4 { COLORMAPFRACTION = 0.2857142857142857 LEADRGB { R = 195 G =   4 B =   2 } TRAILRGB { R = 195 G =   4 B =   2 } }
  CONTROLPOINT 5 { COLORMAPFRACTION = 0.3877551020408163 LEADRGB { R = 237 G =  21 B =  11 } TRAILRGB { R = 237 G =  21 B =  11 } }
  CONTROLPOINT 6 { COLORMAPFRACTION = 0.4897959183673469 LEADRGB { R = 239 G =  75 B =  60 } TRAILRGB { R = 239 G =  75 B =  60 } }
  CONTROLPOINT 7 { COLORMAPFRACTION = 0.5918367346938775 LEADRGB { R = 237 G = 123 B = 105 } TRAILRGB { R = 237 G = 123 B = 105 } }
  CONTROLPOINT 8 { COLORMAPFRACTION = 0.6938775510204082 LEADRGB { R = 240 G = 131 B =  80 } TRAILRGB { R = 240 G = 131 B =  80 } }
  CONTROLPOINT 9 { COLORMAPFRACTION = 0.7959183673469388 LEADRGB { R = 244 G = 149 B =  55 } TRAILRGB { R = 244 G = 149 B =  55 } }
  CONTROLPOINT 10 { COLORMAPFRACTION = 0.8979591836734694 LEADRGB { R = 249 G = 178 B =  28 } TRAILRGB { R = 249 G = 178 B =  28 } }
  CONTROLPOINT 11 { COLORMAPFRACTION = 1.0 LEADRGB { R = 255 G = 219 B =   0 } TRAILRGB { R = 255 G = 219 B =   0 } }
# Flesh Tone 2 colormap
$!CREATECOLORMAP
  NAME = 'FieldView - Bio Spectrum 2 (bio_spectrum2.col)'
  NUMCONTROLPOINTS = 11
  CONTROLPOINT 1 { COLORMAPFRACTION = 0.0 LEADRGB { R =  74 G =   0 B =   0 } TRAILRGB { R =  74 G =   0 B =   0 } }
  CONTROLPOINT 2 { COLORMAPFRACTION = 0.08163265306122448 LEADRGB { R = 109 G =   0 B =   0 } TRAILRGB { R = 109 G =   0 B =   0 } }
  CONTROLPOINT 3 { COLORMAPFRACTION = 0.1836734693877551 LEADRGB { R = 154 G =   0 B =   0 } TRAILRGB { R = 154 G =   0 B =   0 } }
  CONTROLPOINT 4 { COLORMAPFRACTION = 0.2857142857142857 LEADRGB { R = 195 G =   4 B =   2 } TRAILRGB { R = 195 G =   4 B =   2 } }
  CONTROLPOINT 5 { COLORMAPFRACTION = 0.3877551020408163 LEADRGB { R = 237 G =  21 B =  11 } TRAILRGB { R = 237 G =  21 B =  11 } }
  CONTROLPOINT 6 { COLORMAPFRACTION = 0.4897959183673469 LEADRGB { R = 239 G =  75 B =  60 } TRAILRGB { R = 239 G =  75 B =  60 } }
  CONTROLPOINT 7 { COLORMAPFRACTION = 0.5918367346938775 LEADRGB { R = 238 G = 122 B = 105 } TRAILRGB { R = 238 G = 122 B = 105 } }
  CONTROLPOINT 8 { COLORMAPFRACTION = 0.6938775510204082 LEADRGB { R = 243 G = 142 B = 111 } TRAILRGB { R = 243 G = 142 B = 111 } }
  CONTROLPOINT 9 { COLORMAPFRACTION = 0.7959183673469388 LEADRGB { R = 247 G = 162 B = 118 } TRAILRGB { R = 247 G = 162 B = 118 } }
  CONTROLPOINT 10 { COLORMAPFRACTION = 0.8979591836734694 LEADRGB { R = 252 G = 182 B = 125 } TRAILRGB { R = 252 G = 182 B = 125 } }
  CONTROLPOINT 11 { COLORMAPFRACTION = 1.0 LEADRGB { R = 255 G = 201 B = 133 } TRAILRGB { R = 255 G = 201 B = 133 } }
# Blood Flow Doppler colormap
$!CREATECOLORMAP
  NAME = 'FieldView - Bloodflow Doppler (bloodflow_doppler.col)'
  NUMCONTROLPOINTS = 11
  CONTROLPOINT 1 { COLORMAPFRACTION = 0.0 LEADRGB { R = 150 G = 244 B = 161 } TRAILRGB { R = 150 G = 244 B = 161 } }
  CONTROLPOINT 2 { COLORMAPFRACTION = 0.08163265306122448 LEADRGB { R =  65 G = 225 B =  94 } TRAILRGB { R =  65 G = 225 B =  94 } }
  CONTROLPOINT 3 { COLORMAPFRACTION = 0.1836734693877551 LEADRGB { R =  40 G = 183 B = 135 } TRAILRGB { R =  40 G = 183 B = 135 } }
  CONTROLPOINT 4 { COLORMAPFRACTION = 0.2857142857142857 LEADRGB { R =  62 G = 119 B = 175 } TRAILRGB { R =  62 G = 119 B = 175 } }
  CONTROLPOINT 5 { COLORMAPFRACTION = 0.3877551020408163 LEADRGB { R =   0 G =  34 B = 130 } TRAILRGB { R =   0 G =  34 B = 130 } }
  CONTROLPOINT 6 { COLORMAPFRACTION = 0.4897959183673469 LEADRGB { R =   0 G =   2 B =  96 } TRAILRGB { R =   0 G =   2 B =  96 } }
  CONTROLPOINT 7 { COLORMAPFRACTION = 0.5918367346938775 LEADRGB { R = 162 G =  51 B =  52 } TRAILRGB { R = 162 G =  51 B =  52 } }
  CONTROLPOINT 8 { COLORMAPFRACTION = 0.6938775510204082 LEADRGB { R = 219 G =  59 B =  25 } TRAILRGB { R = 219 G =  59 B =  25 } }
  CONTROLPOINT 9 { COLORMAPFRACTION = 0.7959183673469388 LEADRGB { R = 244 G = 132 B =  37 } TRAILRGB { R = 244 G = 132 B =  37 } }
  CONTROLPOINT 10 { COLORMAPFRACTION = 0.8979591836734694 LEADRGB { R = 249 G = 223 B =  64 } TRAILRGB { R = 249 G = 223 B =  64 } }
  CONTROLPOINT 11 { COLORMAPFRACTION = 1.0 LEADRGB { R = 255 G = 254 B = 244 } TRAILRGB { R = 255 G = 254 B = 244 } }
# Blue Chrome colormap
$!CREATECOLORMAP
  NAME = 'FieldView - Blue Chrome (blue_chrome.col)'
  NUMCONTROLPOINTS = 11
  CONTROLPOINT 1 { COLORMAPFRACTION = 0.0 LEADRGB { R =  19 G =  40 B =  31 } TRAILRGB { R =  19 G =  40 B =  31 } }
  CONTROLPOINT 2 { COLORMAPFRACTION = 0.08163265306122448 LEADRGB { R = 101 G = 126 B = 131 } TRAILRGB { R = 101 G = 126 B = 131 } }
  CONTROLPOINT 3 { COLORMAPFRACTION = 0.1836734693877551 LEADRGB { R = 135 G = 172 B = 199 } TRAILRGB { R = 135 G = 172 B = 199 } }
  CONTROLPOINT 4 { COLORMAPFRACTION = 0.2857142857142857 LEADRGB { R = 129 G = 182 B = 225 } TRAILRGB { R = 129 G = 182 B = 225 } }
  CONTROLPOINT 5 { COLORMAPFRACTION = 0.3877551020408163 LEADRGB { R = 150 G = 222 B = 254 } TRAILRGB { R = 150 G = 222 B = 254 } }
  CONTROLPOINT 6 { COLORMAPFRACTION = 0.4897959183673469 LEADRGB { R = 188 G = 250 B = 254 } TRAILRGB { R = 188 G = 250 B = 254 } }
  CONTROLPOINT 7 { COLORMAPFRACTION = 0.5918367346938775 LEADRGB { R = 153 G = 243 B = 249 } TRAILRGB { R = 153 G = 243 B = 249 } }
  CONTROLPOINT 8 { COLORMAPFRACTION = 0.6938775510204082 LEADRGB { R =  94 G = 209 B = 249 } TRAILRGB { R =  94 G = 209 B = 249 } }
  CONTROLPOINT 9 { COLORMAPFRACTION = 0.7959183673469388 LEADRGB { R =  46 G = 173 B = 252 } TRAILRGB { R =  46 G = 173 B = 252 } }
  CONTROLPOINT 10 { COLORMAPFRACTION = 0.8979591836734694 LEADRGB { R =  29 G = 158 B = 252 } TRAILRGB { R =  29 G = 158 B = 252 } }
  CONTROLPOINT 11 { COLORMAPFRACTION = 1.0 LEADRGB { R =  14 G = 137 B = 253 } TRAILRGB { R =  14 G = 137 B = 253 } }
# Camo colormap
$!CREATECOLORMAP
  NAME = 'FieldView - Camouflage (camouflage.col)'
  NUMCONTROLPOINTS = 11
  CONTROLPOINT 1 { COLORMAPFRACTION = 0.0 LEADRGB { R = 119 G = 184 B = 105 } TRAILRGB { R = 119 G = 184 B = 105 } }
  CONTROLPOINT 2 { COLORMAPFRACTION = 0.08163265306122448 LEADRGB { R =  81 G = 139 B =  76 } TRAILRGB { R =  81 G = 139 B =  76 } }
  CONTROLPOINT 3 { COLORMAPFRACTION = 0.1836734693877551 LEADRGB { R =  72 G = 128 B =  69 } TRAILRGB { R =  72 G = 128 B =  69 } }
  CONTROLPOINT 4 { COLORMAPFRACTION = 0.2857142857142857 LEADRGB { R = 119 G = 184 B = 105 } TRAILRGB { R = 119 G = 184 B = 105 } }
  CONTROLPOINT 5 { COLORMAPFRACTION = 0.3877551020408163 LEADRGB { R = 129 G = 119 B =  30 } TRAILRGB { R = 129 G = 119 B =  30 } }
  CONTROLPOINT 6 { COLORMAPFRACTION = 0.4897959183673469 LEADRGB { R = 127 G = 132 B =  45 } TRAILRGB { R = 127 G = 132 B =  45 } }
  CONTROLPOINT 7 { COLORMAPFRACTION = 0.5918367346938775 LEADRGB { R = 120 G = 163 B =  90 } TRAILRGB { R = 120 G = 163 B =  90 } }
  CONTROLPOINT 8 { COLORMAPFRACTION = 0.6938775510204082 LEADRGB { R = 126 G =  61 B =  15 } TRAILRGB { R = 126 G =  61 B =  15 } }
  CONTROLPOINT 9 { COLORMAPFRACTION = 0.7959183673469388 LEADRGB { R = 161 G = 103 B =  39 } TRAILRGB { R = 161 G = 103 B =  39 } }
  CONTROLPOINT 10 { COLORMAPFRACTION = 0.8979591836734694 LEADRGB { R = 138 G = 115 B =  52 } TRAILRGB { R = 138 G = 115 B =  52 } }
  CONTROLPOINT 11 { COLORMAPFRACTION = 1.0 LEADRGB { R =  14 G =  28 B =  13 } TRAILRGB { R =  14 G =  28 B =  13 } }
# Ccm Blue Red colormap
$!CREATECOLORMAP
  NAME = 'FieldView - ccm blue-red (ccm_blue-red.col)'
  NUMCONTROLPOINTS = 11
  CONTROLPOINT 1 { COLORMAPFRACTION = 0.0 LEADRGB { R =  94 G = 125 B = 215 } TRAILRGB { R =  94 G = 125 B = 215 } }
  CONTROLPOINT 2 { COLORMAPFRACTION = 0.08163265306122448 LEADRGB { R = 120 G = 162 B = 237 } TRAILRGB { R = 120 G = 162 B = 237 } }
  CONTROLPOINT 3 { COLORMAPFRACTION = 0.1836734693877551 LEADRGB { R = 155 G = 197 B = 254 } TRAILRGB { R = 155 G = 197 B = 254 } }
  CONTROLPOINT 4 { COLORMAPFRACTION = 0.2857142857142857 LEADRGB { R = 185 G = 217 B = 255 } TRAILRGB { R = 185 G = 217 B = 255 } }
  CONTROLPOINT 5 { COLORMAPFRACTION = 0.3877551020408163 LEADRGB { R = 208 G = 231 B = 255 } TRAILRGB { R = 208 G = 231 B = 255 } }
  CONTROLPOINT 6 { COLORMAPFRACTION = 0.4897959183673469 LEADRGB { R = 240 G = 245 B = 251 } TRAILRGB { R = 240 G = 245 B = 251 } }
  CONTROLPOINT 7 { COLORMAPFRACTION = 0.5918367346938775 LEADRGB { R = 249 G = 240 B = 228 } TRAILRGB { R = 249 G = 240 B = 228 } }
  CONTROLPOINT 8 { COLORMAPFRACTION = 0.6938775510204082 LEADRGB { R = 249 G = 223 B = 195 } TRAILRGB { R = 249 G = 223 B = 195 } }
  CONTROLPOINT 9 { COLORMAPFRACTION = 0.7959183673469388 LEADRGB { R = 243 G = 197 B = 160 } TRAILRGB { R = 243 G = 197 B = 160 } }
  CONTROLPOINT 10 { COLORMAPFRACTION = 0.8979591836734694 LEADRGB { R = 231 G = 161 B = 125 } TRAILRGB { R = 231 G = 161 B = 125 } }
  CONTROLPOINT 11 { COLORMAPFRACTION = 1.0 LEADRGB { R = 211 G = 103 B =  93 } TRAILRGB { R = 211 G = 103 B =  93 } }
# Ccm Cool Warm colormap
$!CREATECOLORMAP
  NAME = 'FieldView - ccm cool-warm (ccm_cool-warm.col)'
  NUMCONTROLPOINTS = 11
  CONTROLPOINT 1 { COLORMAPFRACTION = 0.0 LEADRGB { R = 114 G =   0 B = 114 } TRAILRGB { R = 114 G =   0 B = 114 } }
  CONTROLPOINT 2 { COLORMAPFRACTION = 0.08163265306122448 LEADRGB { R = 169 G =   0 B = 190 } TRAILRGB { R = 169 G =   0 B = 190 } }
  CONTROLPOINT 3 { COLORMAPFRACTION = 0.1836734693877551 LEADRGB { R = 126 G =   0 B = 221 } TRAILRGB { R = 126 G =   0 B = 221 } }
  CONTROLPOINT 4 { COLORMAPFRACTION = 0.2857142857142857 LEADRGB { R =  65 G =  38 B = 220 } TRAILRGB { R =  65 G =  38 B = 220 } }
  CONTROLPOINT 5 { COLORMAPFRACTION = 0.3877551020408163 LEADRGB { R = 155 G = 180 B = 255 } TRAILRGB { R = 155 G = 180 B = 255 } }
  CONTROLPOINT 6 { COLORMAPFRACTION = 0.4897959183673469 LEADRGB { R =  70 G = 231 B = 186 } TRAILRGB { R =  70 G = 231 B = 186 } }
  CONTROLPOINT 7 { COLORMAPFRACTION = 0.5918367346938775 LEADRGB { R = 111 G = 245 B =  83 } TRAILRGB { R = 111 G = 245 B =  83 } }
  CONTROLPOINT 8 { COLORMAPFRACTION = 0.6938775510204082 LEADRGB { R = 191 G = 255 B = 186 } TRAILRGB { R = 191 G = 255 B = 186 } }
  CONTROLPOINT 9 { COLORMAPFRACTION = 0.7959183673469388 LEADRGB { R = 248 G = 222 B = 119 } TRAILRGB { R = 248 G = 222 B = 119 } }
  CONTROLPOINT 10 { COLORMAPFRACTION = 0.8979591836734694 LEADRGB { R = 255 G = 187 B = 251 } TRAILRGB { R = 255 G = 187 B = 251 } }
  CONTROLPOINT 11 { COLORMAPFRACTION = 1.0 LEADRGB { R = 255 G =  16 B =  42 } TRAILRGB { R = 255 G =  16 B =  42 } }
# Ccm High Contrast colormap
$!CREATECOLORMAP
  NAME = 'FieldView - ccm high-contrast (ccm_high-contrast.col)'
  NUMCONTROLPOINTS = 11
  CONTROLPOINT 1 { COLORMAPFRACTION = 0.0 LEADRGB { R =   0 G =   0 B =   0 } TRAILRGB { R =   0 G =   0 B =   0 } }
  CONTROLPOINT 2 { COLORMAPFRACTION = 0.08163265306122448 LEADRGB { R =   0 G =   0 B = 192 } TRAILRGB { R =   0 G =   0 B = 192 } }
  CONTROLPOINT 3 { COLORMAPFRACTION = 0.1836734693877551 LEADRGB { R =   0 G = 138 B = 254 } TRAILRGB { R =   0 G = 138 B = 254 } }
  CONTROLPOINT 4 { COLORMAPFRACTION = 0.2857142857142857 LEADRGB { R =   0 G = 243 B = 237 } TRAILRGB { R =   0 G = 243 B = 237 } }
  CONTROLPOINT 5 { COLORMAPFRACTION = 0.3877551020408163 LEADRGB { R =  14 G = 255 B = 118 } TRAILRGB { R =  14 G = 255 B = 118 } }
  CONTROLPOINT 6 { COLORMAPFRACTION = 0.4897959183673469 LEADRGB { R = 176 G = 255 B =   0 } TRAILRGB { R = 176 G = 255 B =   0 } }
  CONTROLPOINT 7 { COLORMAPFRACTION = 0.5918367346938775 LEADRGB { R = 255 G = 221 B =   0 } TRAILRGB { R = 255 G = 221 B =   0 } }
  CONTROLPOINT 8 { COLORMAPFRACTION = 0.6938775510204082 LEADRGB { R = 255 G = 131 B =   0 } TRAILRGB { R = 255 G = 131 B =   0 } }
  CONTROLPOINT 9 { COLORMAPFRACTION = 0.7959183673469388 LEADRGB { R = 255 G =  18 B =  99 } TRAILRGB { R = 255 G =  18 B =  99 } }
  CONTROLPOINT 10 { COLORMAPFRACTION = 0.8979591836734694 LEADRGB { R = 255 G =  32 B = 242 } TRAILRGB { R = 255 G =  32 B = 242 } }
  CONTROLPOINT 11 { COLORMAPFRACTION = 1.0 LEADRGB { R = 255 G = 237 B = 255 } TRAILRGB { R = 255 G = 237 B = 255 } }
# Ccm Colormap colormap
$!CREATECOLORMAP
  NAME = 'FieldView - ccm spectrum (ccm_spectrum.col)'
  NUMCONTROLPOINTS = 11
  CONTROLPOINT 1 { COLORMAPFRACTION = 0.0 LEADRGB { R =   0 G =   0 B = 255 } TRAILRGB { R =   0 G =   0 B = 255 } }
  CONTROLPOINT 2 { COLORMAPFRACTION = 0.08163265306122448 LEADRGB { R =   0 G = 112 B = 255 } TRAILRGB { R =   0 G = 112 B = 255 } }
  CONTROLPOINT 3 { COLORMAPFRACTION = 0.1836734693877551 LEADRGB { R =   0 G = 201 B = 255 } TRAILRGB { R =   0 G = 201 B = 255 } }
  CONTROLPOINT 4 { COLORMAPFRACTION = 0.2857142857142857 LEADRGB { R =   0 G = 249 B = 244 } TRAILRGB { R =   0 G = 249 B = 244 } }
  CONTROLPOINT 5 { COLORMAPFRACTION = 0.3877551020408163 LEADRGB { R =   0 G = 255 B = 163 } TRAILRGB { R =   0 G = 255 B = 163 } }
  CONTROLPOINT 6 { COLORMAPFRACTION = 0.4897959183673469 LEADRGB { R =  49 G = 255 B =  27 } TRAILRGB { R =  49 G = 255 B =  27 } }
  CONTROLPOINT 7 { COLORMAPFRACTION = 0.5918367346938775 LEADRGB { R = 179 G = 255 B =   0 } TRAILRGB { R = 179 G = 255 B =   0 } }
  CONTROLPOINT 8 { COLORMAPFRACTION = 0.6938775510204082 LEADRGB { R = 215 G = 255 B =   0 } TRAILRGB { R = 215 G = 255 B =   0 } }
  CONTROLPOINT 9 { COLORMAPFRACTION = 0.7959183673469388 LEADRGB { R = 253 G = 236 B =   0 } TRAILRGB { R = 253 G = 236 B =   0 } }
  CONTROLPOINT 10 { COLORMAPFRACTION = 0.8979591836734694 LEADRGB { R = 255 G = 156 B =   0 } TRAILRGB { R = 255 G = 156 B =   0 } }
  CONTROLPOINT 11 { COLORMAPFRACTION = 1.0 LEADRGB { R = 255 G =  22 B =   0 } TRAILRGB { R = 255 G =  22 B =   0 } }
# Star Cd Colormap colormap
$!CREATECOLORMAP
  NAME = 'FieldView - CD Spectrum (cd_spectrum.col)'
  NUMCONTROLPOINTS = 11
  CONTROLPOINT 1 { COLORMAPFRACTION = 0.0 LEADRGB { R =   2 G =   0 B = 255 } TRAILRGB { R =   2 G =   0 B = 255 } }
  CONTROLPOINT 2 { COLORMAPFRACTION = 0.08163265306122448 LEADRGB { R = 151 G = 164 B = 255 } TRAILRGB { R = 151 G = 164 B = 255 } }
  CONTROLPOINT 3 { COLORMAPFRACTION = 0.1836734693877551 LEADRGB { R =   0 G = 216 B = 255 } TRAILRGB { R =   0 G = 216 B = 255 } }
  CONTROLPOINT 4 { COLORMAPFRACTION = 0.2857142857142857 LEADRGB { R =  19 G = 219 B = 201 } TRAILRGB { R =  19 G = 219 B = 201 } }
  CONTROLPOINT 5 { COLORMAPFRACTION = 0.3877551020408163 LEADRGB { R =  28 G = 231 B =   7 } TRAILRGB { R =  28 G = 231 B =   7 } }
  CONTROLPOINT 6 { COLORMAPFRACTION = 0.4897959183673469 LEADRGB { R = 152 G = 255 B = 124 } TRAILRGB { R = 152 G = 255 B = 124 } }
  CONTROLPOINT 7 { COLORMAPFRACTION = 0.5918367346938775 LEADRGB { R = 236 G = 255 B =  20 } TRAILRGB { R = 236 G = 255 B =  20 } }
  CONTROLPOINT 8 { COLORMAPFRACTION = 0.6938775510204082 LEADRGB { R = 255 G = 203 B =  26 } TRAILRGB { R = 255 G = 203 B =  26 } }
  CONTROLPOINT 9 { COLORMAPFRACTION = 0.7959183673469388 LEADRGB { R = 255 G = 159 B = 135 } TRAILRGB { R = 255 G = 159 B = 135 } }
  CONTROLPOINT 10 { COLORMAPFRACTION = 0.8979591836734694 LEADRGB { R = 255 G =  56 B = 250 } TRAILRGB { R = 255 G =  56 B = 250 } }
  CONTROLPOINT 11 { COLORMAPFRACTION = 1.0 LEADRGB { R = 255 G =   0 B =   0 } TRAILRGB { R = 255 G =   0 B =   0 } }
# Star Cd Colormap colormap
$!CREATECOLORMAP
  NAME = 'FieldView - CD Striped (cd_striped.col)'
  NUMCONTROLPOINTS = 11
  CONTROLPOINT 1 { COLORMAPFRACTION = 0.0 LEADRGB { R =   0 G =   0 B = 255 } TRAILRGB { R =   0 G =   0 B = 255 } }
  CONTROLPOINT 2 { COLORMAPFRACTION = 0.08163265306122448 LEADRGB { R = 151 G = 163 B = 255 } TRAILRGB { R = 151 G = 163 B = 255 } }
  CONTROLPOINT 3 { COLORMAPFRACTION = 0.1836734693877551 LEADRGB { R =   0 G = 216 B = 255 } TRAILRGB { R =   0 G = 216 B = 255 } }
  CONTROLPOINT 4 { COLORMAPFRACTION = 0.2857142857142857 LEADRGB { R =  18 G = 219 B = 201 } TRAILRGB { R =  18 G = 219 B = 201 } }
  CONTROLPOINT 5 { COLORMAPFRACTION = 0.3877551020408163 LEADRGB { R =  29 G = 231 B =   7 } TRAILRGB { R =  29 G = 231 B =   7 } }
  CONTROLPOINT 6 { COLORMAPFRACTION = 0.4897959183673469 LEADRGB { R = 151 G = 255 B = 125 } TRAILRGB { R = 151 G = 255 B = 125 } }
  CONTROLPOINT 7 { COLORMAPFRACTION = 0.5918367346938775 LEADRGB { R = 235 G = 255 B =  19 } TRAILRGB { R = 235 G = 255 B =  19 } }
  CONTROLPOINT 8 { COLORMAPFRACTION = 0.6938775510204082 LEADRGB { R = 255 G = 203 B =  26 } TRAILRGB { R = 255 G = 203 B =  26 } }
  CONTROLPOINT 9 { COLORMAPFRACTION = 0.7959183673469388 LEADRGB { R = 255 G = 161 B = 134 } TRAILRGB { R = 255 G = 161 B = 134 } }
  CONTROLPOINT 10 { COLORMAPFRACTION = 0.8979591836734694 LEADRGB { R = 255 G =  56 B = 251 } TRAILRGB { R = 255 G =  56 B = 251 } }
  CONTROLPOINT 11 { COLORMAPFRACTION = 1.0 LEADRGB { R = 255 G =   0 B =   0 } TRAILRGB { R = 255 G =   0 B =   0 } }
# Test colormap
$!CREATECOLORMAP
  NAME = 'FieldView - Chrome (chrome.col)'
  NUMCONTROLPOINTS = 11
  CONTROLPOINT 1 { COLORMAPFRACTION = 0.0 LEADRGB { R =  50 G =  57 B =  64 } TRAILRGB { R =  50 G =  57 B =  64 } }
  CONTROLPOINT 2 { COLORMAPFRACTION = 0.08163265306122448 LEADRGB { R = 132 G = 133 B = 144 } TRAILRGB { R = 132 G = 133 B = 144 } }
  CONTROLPOINT 3 { COLORMAPFRACTION = 0.1836734693877551 LEADRGB { R = 206 G = 205 B = 213 } TRAILRGB { R = 206 G = 205 B = 213 } }
  CONTROLPOINT 4 { COLORMAPFRACTION = 0.2857142857142857 LEADRGB { R = 216 G = 219 B = 221 } TRAILRGB { R = 216 G = 219 B = 221 } }
  CONTROLPOINT 5 { COLORMAPFRACTION = 0.3877551020408163 LEADRGB { R = 151 G = 159 B = 164 } TRAILRGB { R = 151 G = 159 B = 164 } }
  CONTROLPOINT 6 { COLORMAPFRACTION = 0.4897959183673469 LEADRGB { R = 201 G = 202 B = 207 } TRAILRGB { R = 201 G = 202 B = 207 } }
  CONTROLPOINT 7 { COLORMAPFRACTION = 0.5918367346938775 LEADRGB { R = 161 G = 158 B = 176 } TRAILRGB { R = 161 G = 158 B = 176 } }
  CONTROLPOINT 8 { COLORMAPFRACTION = 0.6938775510204082 LEADRGB { R = 194 G = 191 B = 206 } TRAILRGB { R = 194 G = 191 B = 206 } }
  CONTROLPOINT 9 { COLORMAPFRACTION = 0.7959183673469388 LEADRGB { R = 224 G = 225 B = 232 } TRAILRGB { R = 224 G = 225 B = 232 } }
  CONTROLPOINT 10 { COLORMAPFRACTION = 0.8979591836734694 LEADRGB { R = 169 G = 174 B = 187 } TRAILRGB { R = 169 G = 174 B = 187 } }
  CONTROLPOINT 11 { COLORMAPFRACTION = 1.0 LEADRGB { R = 216 G = 217 B = 220 } TRAILRGB { R = 216 G = 217 B = 220 } }
# Cold colormap
$!CREATECOLORMAP
  NAME = 'FieldView - Cold (cold.col)'
  NUMCONTROLPOINTS = 11
  CONTROLPOINT 1 { COLORMAPFRACTION = 0.0 LEADRGB { R =   0 G =   0 B =   0 } TRAILRGB { R =   0 G =   0 B =   0 } }
  CONTROLPOINT 2 { COLORMAPFRACTION = 0.08163265306122448 LEADRGB { R =   0 G =   0 B =  42 } TRAILRGB { R =   0 G =   0 B =  42 } }
  CONTROLPOINT 3 { COLORMAPFRACTION = 0.1836734693877551 LEADRGB { R =   0 G =   0 B = 107 } TRAILRGB { R =   0 G =   0 B = 107 } }
  CONTROLPOINT 4 { COLORMAPFRACTION = 0.2857142857142857 LEADRGB { R =   0 G =   0 B = 191 } TRAILRGB { R =   0 G =   0 B = 191 } }
  CONTROLPOINT 5 { COLORMAPFRACTION = 0.3877551020408163 LEADRGB { R =   0 G =  22 B = 236 } TRAILRGB { R =   0 G =  22 B = 236 } }
  CONTROLPOINT 6 { COLORMAPFRACTION = 0.4897959183673469 LEADRGB { R =   0 G =  77 B = 255 } TRAILRGB { R =   0 G =  77 B = 255 } }
  CONTROLPOINT 7 { COLORMAPFRACTION = 0.5918367346938775 LEADRGB { R =   0 G = 153 B = 255 } TRAILRGB { R =   0 G = 153 B = 255 } }
  CONTROLPOINT 8 { COLORMAPFRACTION = 0.6938775510204082 LEADRGB { R =   0 G = 228 B = 255 } TRAILRGB { R =   0 G = 228 B = 255 } }
  CONTROLPOINT 9 { COLORMAPFRACTION = 0.7959183673469388 LEADRGB { R =  73 G = 250 B = 255 } TRAILRGB { R =  73 G = 250 B = 255 } }
  CONTROLPOINT 10 { COLORMAPFRACTION = 0.8979591836734694 LEADRGB { R = 164 G = 255 B = 255 } TRAILRGB { R = 164 G = 255 B = 255 } }
  CONTROLPOINT 11 { COLORMAPFRACTION = 1.0 LEADRGB { R = 255 G = 255 B = 255 } TRAILRGB { R = 255 G = 255 B = 255 } }
# Dark Radiation colormap
$!CREATECOLORMAP
  NAME = 'FieldView - Dark Radiation (dark_radiation.col)'
  NUMCONTROLPOINTS = 11
  CONTROLPOINT 1 { COLORMAPFRACTION = 0.0 LEADRGB { R = 242 G = 230 B =  82 } TRAILRGB { R = 242 G = 230 B =  82 } }
  CONTROLPOINT 2 { COLORMAPFRACTION = 0.08163265306122448 LEADRGB { R = 220 G = 161 B =  60 } TRAILRGB { R = 220 G = 161 B =  60 } }
  CONTROLPOINT 3 { COLORMAPFRACTION = 0.1836734693877551 LEADRGB { R = 193 G =  74 B =  32 } TRAILRGB { R = 193 G =  74 B =  32 } }
  CONTROLPOINT 4 { COLORMAPFRACTION = 0.2857142857142857 LEADRGB { R = 155 G =  14 B =  12 } TRAILRGB { R = 155 G =  14 B =  12 } }
  CONTROLPOINT 5 { COLORMAPFRACTION = 0.3877551020408163 LEADRGB { R =  98 G =   7 B =   9 } TRAILRGB { R =  98 G =   7 B =   9 } }
  CONTROLPOINT 6 { COLORMAPFRACTION = 0.4897959183673469 LEADRGB { R =  41 G =   1 B =   5 } TRAILRGB { R =  41 G =   1 B =   5 } }
  CONTROLPOINT 7 { COLORMAPFRACTION = 0.5918367346938775 LEADRGB { R =  48 G =  47 B =  71 } TRAILRGB { R =  48 G =  47 B =  71 } }
  CONTROLPOINT 8 { COLORMAPFRACTION = 0.6938775510204082 LEADRGB { R =  66 G = 103 B = 149 } TRAILRGB { R =  66 G = 103 B = 149 } }
  CONTROLPOINT 9 { COLORMAPFRACTION = 0.7959183673469388 LEADRGB { R =  67 G = 118 B = 173 } TRAILRGB { R =  67 G = 118 B = 173 } }
  CONTROLPOINT 10 { COLORMAPFRACTION = 0.8979591836734694 LEADRGB { R =  38 G =  63 B = 106 } TRAILRGB { R =  38 G =  63 B = 106 } }
  CONTROLPOINT 11 { COLORMAPFRACTION = 1.0 LEADRGB { R =   9 G =   9 B =  39 } TRAILRGB { R =   9 G =   9 B =  39 } }
# Phys Fluids colormap
$!CREATECOLORMAP
  NAME = 'FieldView - Dark Spectrum (dark_spectrum.col)'
  NUMCONTROLPOINTS = 11
  CONTROLPOINT 1 { COLORMAPFRACTION = 0.0 LEADRGB { R =   3 G =   7 B =  75 } TRAILRGB { R =   3 G =   7 B =  75 } }
  CONTROLPOINT 2 { COLORMAPFRACTION = 0.08163265306122448 LEADRGB { R =  21 G =  26 B = 112 } TRAILRGB { R =  21 G =  26 B = 112 } }
  CONTROLPOINT 3 { COLORMAPFRACTION = 0.1836734693877551 LEADRGB { R =  45 G =  58 B = 160 } TRAILRGB { R =  45 G =  58 B = 160 } }
  CONTROLPOINT 4 { COLORMAPFRACTION = 0.2857142857142857 LEADRGB { R =  79 G = 137 B = 212 } TRAILRGB { R =  79 G = 137 B = 212 } }
  CONTROLPOINT 5 { COLORMAPFRACTION = 0.3877551020408163 LEADRGB { R = 108 G = 175 B = 186 } TRAILRGB { R = 108 G = 175 B = 186 } }
  CONTROLPOINT 6 { COLORMAPFRACTION = 0.4897959183673469 LEADRGB { R = 132 G = 174 B =  81 } TRAILRGB { R = 132 G = 174 B =  81 } }
  CONTROLPOINT 7 { COLORMAPFRACTION = 0.5918367346938775 LEADRGB { R = 196 G = 196 B =  41 } TRAILRGB { R = 196 G = 196 B =  41 } }
  CONTROLPOINT 8 { COLORMAPFRACTION = 0.6938775510204082 LEADRGB { R = 249 G = 195 B =  16 } TRAILRGB { R = 249 G = 195 B =  16 } }
  CONTROLPOINT 9 { COLORMAPFRACTION = 0.7959183673469388 LEADRGB { R = 222 G =  81 B =   9 } TRAILRGB { R = 222 G =  81 B =   9 } }
  CONTROLPOINT 10 { COLORMAPFRACTION = 0.8979591836734694 LEADRGB { R = 171 G =  22 B =   4 } TRAILRGB { R = 171 G =  22 B =   4 } }
  CONTROLPOINT 11 { COLORMAPFRACTION = 1.0 LEADRGB { R = 100 G =   7 B =   3 } TRAILRGB { R = 100 G =   7 B =   3 } }
# Camoflage colormap
$!CREATECOLORMAP
  NAME = 'FieldView - Dark Green Gradient (darkgreen_gradient.col)'
  NUMCONTROLPOINTS = 11
  CONTROLPOINT 1 { COLORMAPFRACTION = 0.0 LEADRGB { R =  48 G =  94 B =  48 } TRAILRGB { R =  48 G =  94 B =  48 } }
  CONTROLPOINT 2 { COLORMAPFRACTION = 0.08163265306122448 LEADRGB { R =  44 G =  92 B =  44 } TRAILRGB { R =  44 G =  92 B =  44 } }
  CONTROLPOINT 3 { COLORMAPFRACTION = 0.1836734693877551 LEADRGB { R =  39 G =  89 B =  39 } TRAILRGB { R =  39 G =  89 B =  39 } }
  CONTROLPOINT 4 { COLORMAPFRACTION = 0.2857142857142857 LEADRGB { R =  34 G =  87 B =  34 } TRAILRGB { R =  34 G =  87 B =  34 } }
  CONTROLPOINT 5 { COLORMAPFRACTION = 0.3877551020408163 LEADRGB { R =  29 G =  84 B =  29 } TRAILRGB { R =  29 G =  84 B =  29 } }
  CONTROLPOINT 6 { COLORMAPFRACTION = 0.4897959183673469 LEADRGB { R =  32 G =  88 B =  32 } TRAILRGB { R =  32 G =  88 B =  32 } }
  CONTROLPOINT 7 { COLORMAPFRACTION = 0.5918367346938775 LEADRGB { R =  42 G =  96 B =  42 } TRAILRGB { R =  42 G =  96 B =  42 } }
  CONTROLPOINT 8 { COLORMAPFRACTION = 0.6938775510204082 LEADRGB { R =  51 G = 105 B =  53 } TRAILRGB { R =  51 G = 105 B =  53 } }
  CONTROLPOINT 9 { COLORMAPFRACTION = 0.7959183673469388 LEADRGB { R =  40 G =  78 B =  42 } TRAILRGB { R =  40 G =  78 B =  42 } }
  CONTROLPOINT 10 { COLORMAPFRACTION = 0.8979591836734694 LEADRGB { R =  26 G =  45 B =  27 } TRAILRGB { R =  26 G =  45 B =  27 } }
  CONTROLPOINT 11 { COLORMAPFRACTION = 1.0 LEADRGB { R =  11 G =  12 B =  12 } TRAILRGB { R =  11 G =  12 B =  12 } }
# Flame Transition colormap
$!CREATECOLORMAP
  NAME = 'FieldView - Flame Transition (flame_transition.col)'
  NUMCONTROLPOINTS = 11
  CONTROLPOINT 1 { COLORMAPFRACTION = 0.0 LEADRGB { R =  30 G =  30 B =  30 } TRAILRGB { R =  30 G =  30 B =  30 } }
  CONTROLPOINT 2 { COLORMAPFRACTION = 0.08163265306122448 LEADRGB { R =  78 G =  36 B =  29 } TRAILRGB { R =  78 G =  36 B =  29 } }
  CONTROLPOINT 3 { COLORMAPFRACTION = 0.1836734693877551 LEADRGB { R = 114 G =  41 B =  31 } TRAILRGB { R = 114 G =  41 B =  31 } }
  CONTROLPOINT 4 { COLORMAPFRACTION = 0.2857142857142857 LEADRGB { R = 148 G =  52 B =  39 } TRAILRGB { R = 148 G =  52 B =  39 } }
  CONTROLPOINT 5 { COLORMAPFRACTION = 0.3877551020408163 LEADRGB { R = 210 G =  82 B =  52 } TRAILRGB { R = 210 G =  82 B =  52 } }
  CONTROLPOINT 6 { COLORMAPFRACTION = 0.4897959183673469 LEADRGB { R = 216 G =  85 B =  50 } TRAILRGB { R = 216 G =  85 B =  50 } }
  CONTROLPOINT 7 { COLORMAPFRACTION = 0.5918367346938775 LEADRGB { R = 218 G = 100 B =  54 } TRAILRGB { R = 218 G = 100 B =  54 } }
  CONTROLPOINT 8 { COLORMAPFRACTION = 0.6938775510204082 LEADRGB { R = 224 G = 149 B =  63 } TRAILRGB { R = 224 G = 149 B =  63 } }
  CONTROLPOINT 9 { COLORMAPFRACTION = 0.7959183673469388 LEADRGB { R = 234 G = 199 B =  94 } TRAILRGB { R = 234 G = 199 B =  94 } }
  CONTROLPOINT 10 { COLORMAPFRACTION = 0.8979591836734694 LEADRGB { R = 241 G = 217 B = 159 } TRAILRGB { R = 241 G = 217 B = 159 } }
  CONTROLPOINT 11 { COLORMAPFRACTION = 1.0 LEADRGB { R = 237 G = 235 B = 230 } TRAILRGB { R = 237 G = 235 B = 230 } }
# Gold colormap
$!CREATECOLORMAP
  NAME = 'FieldView - Gold (gold.col)'
  NUMCONTROLPOINTS = 11
  CONTROLPOINT 1 { COLORMAPFRACTION = 0.0 LEADRGB { R = 251 G = 243 B = 152 } TRAILRGB { R = 251 G = 243 B = 152 } }
  CONTROLPOINT 2 { COLORMAPFRACTION = 0.08163265306122448 LEADRGB { R = 249 G = 240 B = 150 } TRAILRGB { R = 249 G = 240 B = 150 } }
  CONTROLPOINT 3 { COLORMAPFRACTION = 0.1836734693877551 LEADRGB { R = 247 G = 237 B = 147 } TRAILRGB { R = 247 G = 237 B = 147 } }
  CONTROLPOINT 4 { COLORMAPFRACTION = 0.2857142857142857 LEADRGB { R = 243 G = 230 B = 141 } TRAILRGB { R = 243 G = 230 B = 141 } }
  CONTROLPOINT 5 { COLORMAPFRACTION = 0.3877551020408163 LEADRGB { R = 232 G = 214 B = 126 } TRAILRGB { R = 232 G = 214 B = 126 } }
  CONTROLPOINT 6 { COLORMAPFRACTION = 0.4897959183673469 LEADRGB { R = 222 G = 198 B = 112 } TRAILRGB { R = 222 G = 198 B = 112 } }
  CONTROLPOINT 7 { COLORMAPFRACTION = 0.5918367346938775 LEADRGB { R = 231 G = 214 B = 151 } TRAILRGB { R = 231 G = 214 B = 151 } }
  CONTROLPOINT 8 { COLORMAPFRACTION = 0.6938775510204082 LEADRGB { R = 245 G = 236 B = 200 } TRAILRGB { R = 245 G = 236 B = 200 } }
  CONTROLPOINT 9 { COLORMAPFRACTION = 0.7959183673469388 LEADRGB { R = 246 G = 238 B = 210 } TRAILRGB { R = 246 G = 238 B = 210 } }
  CONTROLPOINT 10 { COLORMAPFRACTION = 0.8979591836734694 LEADRGB { R = 226 G = 206 B = 156 } TRAILRGB { R = 226 G = 206 B = 156 } }
  CONTROLPOINT 11 { COLORMAPFRACTION = 1.0 LEADRGB { R = 206 G = 175 B = 101 } TRAILRGB { R = 206 G = 175 B = 101 } }
# Working Test colormap
$!CREATECOLORMAP
  NAME = 'FieldView - High Contrast (highcontrast.col)'
  NUMCONTROLPOINTS = 11
  CONTROLPOINT 1 { COLORMAPFRACTION = 0.0 LEADRGB { R =  20 G =  20 B =  20 } TRAILRGB { R =  20 G =  20 B =  20 } }
  CONTROLPOINT 2 { COLORMAPFRACTION = 0.08163265306122448 LEADRGB { R =  49 G = 124 B =  49 } TRAILRGB { R =  49 G = 124 B =  49 } }
  CONTROLPOINT 3 { COLORMAPFRACTION = 0.1836734693877551 LEADRGB { R = 128 G = 254 B = 128 } TRAILRGB { R = 128 G = 254 B = 128 } }
  CONTROLPOINT 4 { COLORMAPFRACTION = 0.2857142857142857 LEADRGB { R = 174 G = 254 B = 174 } TRAILRGB { R = 174 G = 254 B = 174 } }
  CONTROLPOINT 5 { COLORMAPFRACTION = 0.3877551020408163 LEADRGB { R =  32 G = 206 B =  32 } TRAILRGB { R =  32 G = 206 B =  32 } }
  CONTROLPOINT 6 { COLORMAPFRACTION = 0.4897959183673469 LEADRGB { R =  12 G =  40 B =  12 } TRAILRGB { R =  12 G =  40 B =  12 } }
  CONTROLPOINT 7 { COLORMAPFRACTION = 0.5918367346938775 LEADRGB { R =  51 G = 131 B =  51 } TRAILRGB { R =  51 G = 131 B =  51 } }
  CONTROLPOINT 8 { COLORMAPFRACTION = 0.6938775510204082 LEADRGB { R = 137 G = 254 B = 137 } TRAILRGB { R = 137 G = 254 B = 137 } }
  CONTROLPOINT 9 { COLORMAPFRACTION = 0.7959183673469388 LEADRGB { R = 162 G = 254 B = 162 } TRAILRGB { R = 162 G = 254 B = 162 } }
  CONTROLPOINT 10 { COLORMAPFRACTION = 0.8979591836734694 LEADRGB { R =  30 G = 202 B =  30 } TRAILRGB { R =  30 G = 202 B =  30 } }
  CONTROLPOINT 11 { COLORMAPFRACTION = 1.0 LEADRGB { R =  11 G =  31 B =  11 } TRAILRGB { R =  11 G =  31 B =  11 } }
# Hot colormap
$!CREATECOLORMAP
  NAME = 'FieldView - Hot (hot.col)'
  NUMCONTROLPOINTS = 11
  CONTROLPOINT 1 { COLORMAPFRACTION = 0.0 LEADRGB { R =   0 G =   0 B =   0 } TRAILRGB { R =   0 G =   0 B =   0 } }
  CONTROLPOINT 2 { COLORMAPFRACTION = 0.08163265306122448 LEADRGB { R =  73 G =   0 B =   0 } TRAILRGB { R =  73 G =   0 B =   0 } }
  CONTROLPOINT 3 { COLORMAPFRACTION = 0.1836734693877551 LEADRGB { R = 164 G =   4 B =   0 } TRAILRGB { R = 164 G =   4 B =   0 } }
  CONTROLPOINT 4 { COLORMAPFRACTION = 0.2857142857142857 LEADRGB { R = 255 G =  11 B =   0 } TRAILRGB { R = 255 G =  11 B =   0 } }
  CONTROLPOINT 5 { COLORMAPFRACTION = 0.3877551020408163 LEADRGB { R = 255 G =  87 B =   0 } TRAILRGB { R = 255 G =  87 B =   0 } }
  CONTROLPOINT 6 { COLORMAPFRACTION = 0.4897959183673469 LEADRGB { R = 255 G = 163 B =   0 } TRAILRGB { R = 255 G = 163 B =   0 } }
  CONTROLPOINT 7 { COLORMAPFRACTION = 0.5918367346938775 LEADRGB { R = 255 G = 228 B =  10 } TRAILRGB { R = 255 G = 228 B =  10 } }
  CONTROLPOINT 8 { COLORMAPFRACTION = 0.6938775510204082 LEADRGB { R = 255 G = 251 B =  55 } TRAILRGB { R = 255 G = 251 B =  55 } }
  CONTROLPOINT 9 { COLORMAPFRACTION = 0.7959183673469388 LEADRGB { R = 255 G = 255 B = 131 } TRAILRGB { R = 255 G = 255 B = 131 } }
  CONTROLPOINT 10 { COLORMAPFRACTION = 0.8979591836734694 LEADRGB { R = 255 G = 255 B = 203 } TRAILRGB { R = 255 G = 255 B = 203 } }
  CONTROLPOINT 11 { COLORMAPFRACTION = 1.0 LEADRGB { R = 255 G = 255 B = 255 } TRAILRGB { R = 255 G = 255 B = 255 } }
# Working Test colormap
$!CREATECOLORMAP
  NAME = 'FieldView - Hot to Cold Diff (hot_to_cold_diff.col)'
  NUMCONTROLPOINTS = 11
  CONTROLPOINT 1 { COLORMAPFRACTION = 0.0 LEADRGB { R = 240 G = 245 B = 255 } TRAILRGB { R = 240 G = 245 B = 255 } }
  CONTROLPOINT 2 { COLORMAPFRACTION = 0.08163265306122448 LEADRGB { R = 186 G = 208 B = 255 } TRAILRGB { R = 186 G = 208 B = 255 } }
  CONTROLPOINT 3 { COLORMAPFRACTION = 0.1836734693877551 LEADRGB { R = 107 G = 163 B = 228 } TRAILRGB { R = 107 G = 163 B = 228 } }
  CONTROLPOINT 4 { COLORMAPFRACTION = 0.2857142857142857 LEADRGB { R =  52 G = 107 B = 200 } TRAILRGB { R =  52 G = 107 B = 200 } }
  CONTROLPOINT 5 { COLORMAPFRACTION = 0.3877551020408163 LEADRGB { R =   2 G =  54 B = 156 } TRAILRGB { R =   2 G =  54 B = 156 } }
  CONTROLPOINT 6 { COLORMAPFRACTION = 0.4897959183673469 LEADRGB { R =   0 G =   5 B =  79 } TRAILRGB { R =   0 G =   5 B =  79 } }
  CONTROLPOINT 7 { COLORMAPFRACTION = 0.5918367346938775 LEADRGB { R = 223 G =  41 B =   0 } TRAILRGB { R = 223 G =  41 B =   0 } }
  CONTROLPOINT 8 { COLORMAPFRACTION = 0.6938775510204082 LEADRGB { R = 249 G =  98 B =  15 } TRAILRGB { R = 249 G =  98 B =  15 } }
  CONTROLPOINT 9 { COLORMAPFRACTION = 0.7959183673469388 LEADRGB { R = 255 G = 224 B =  84 } TRAILRGB { R = 255 G = 224 B =  84 } }
  CONTROLPOINT 10 { COLORMAPFRACTION = 0.8979591836734694 LEADRGB { R = 255 G = 255 B = 160 } TRAILRGB { R = 255 G = 255 B = 160 } }
  CONTROLPOINT 11 { COLORMAPFRACTION = 1.0 LEADRGB { R = 255 G = 251 B = 250 } TRAILRGB { R = 255 G = 251 B = 250 } }
# Indigo Flame Test colormap
$!CREATECOLORMAP
  NAME = 'FieldView - Indigo Flame Test (indigo_flame.col)'
  NUMCONTROLPOINTS = 11
  CONTROLPOINT 1 { COLORMAPFRACTION = 0.0 LEADRGB { R =  36 G = 122 B = 213 } TRAILRGB { R =  36 G = 122 B = 213 } }
  CONTROLPOINT 2 { COLORMAPFRACTION = 0.08163265306122448 LEADRGB { R =  40 G =  96 B = 178 } TRAILRGB { R =  40 G =  96 B = 178 } }
  CONTROLPOINT 3 { COLORMAPFRACTION = 0.1836734693877551 LEADRGB { R =  48 G =  66 B = 136 } TRAILRGB { R =  48 G =  66 B = 136 } }
  CONTROLPOINT 4 { COLORMAPFRACTION = 0.2857142857142857 LEADRGB { R =  70 G =  46 B =  98 } TRAILRGB { R =  70 G =  46 B =  98 } }
  CONTROLPOINT 5 { COLORMAPFRACTION = 0.3877551020408163 LEADRGB { R = 130 G =  39 B =  75 } TRAILRGB { R = 130 G =  39 B =  75 } }
  CONTROLPOINT 6 { COLORMAPFRACTION = 0.4897959183673469 LEADRGB { R = 227 G =  44 B =  67 } TRAILRGB { R = 227 G =  44 B =  67 } }
  CONTROLPOINT 7 { COLORMAPFRACTION = 0.5918367346938775 LEADRGB { R = 245 G = 149 B =  42 } TRAILRGB { R = 245 G = 149 B =  42 } }
  CONTROLPOINT 8 { COLORMAPFRACTION = 0.6938775510204082 LEADRGB { R = 247 G = 247 B =  28 } TRAILRGB { R = 247 G = 247 B =  28 } }
  CONTROLPOINT 9 { COLORMAPFRACTION = 0.7959183673469388 LEADRGB { R = 239 G = 239 B =  73 } TRAILRGB { R = 239 G = 239 B =  73 } }
  CONTROLPOINT 10 { COLORMAPFRACTION = 0.8979591836734694 LEADRGB { R = 242 G = 242 B = 146 } TRAILRGB { R = 242 G = 242 B = 146 } }
  CONTROLPOINT 11 { COLORMAPFRACTION = 1.0 LEADRGB { R = 252 G = 252 B = 243 } TRAILRGB { R = 252 G = 252 B = 243 } }
# Inferno colormap
$!CREATECOLORMAP
  NAME = 'FieldView - inferno (inferno.col)'
  NUMCONTROLPOINTS = 11
  CONTROLPOINT 1 { COLORMAPFRACTION = 0.0 LEADRGB { R =   0 G =   0 B =   4 } TRAILRGB { R =   0 G =   0 B =   4 } }
  CONTROLPOINT 2 { COLORMAPFRACTION = 0.08163265306122448 LEADRGB { R =  17 G =  10 B =  47 } TRAILRGB { R =  17 G =  10 B =  47 } }
  CONTROLPOINT 3 { COLORMAPFRACTION = 0.1836734693877551 LEADRGB { R =  59 G =   9 B = 100 } TRAILRGB { R =  59 G =   9 B = 100 } }
  CONTROLPOINT 4 { COLORMAPFRACTION = 0.2857142857142857 LEADRGB { R = 101 G =  21 B = 110 } TRAILRGB { R = 101 G =  21 B = 110 } }
  CONTROLPOINT 5 { COLORMAPFRACTION = 0.3877551020408163 LEADRGB { R = 143 G =  36 B = 105 } TRAILRGB { R = 143 G =  36 B = 105 } }
  CONTROLPOINT 6 { COLORMAPFRACTION = 0.4897959183673469 LEADRGB { R = 183 G =  53 B =  87 } TRAILRGB { R = 183 G =  53 B =  87 } }
  CONTROLPOINT 7 { COLORMAPFRACTION = 0.5918367346938775 LEADRGB { R = 218 G =  78 B =  60 } TRAILRGB { R = 218 G =  78 B =  60 } }
  CONTROLPOINT 8 { COLORMAPFRACTION = 0.6938775510204082 LEADRGB { R = 242 G = 116 B =  28 } TRAILRGB { R = 242 G = 116 B =  28 } }
  CONTROLPOINT 9 { COLORMAPFRACTION = 0.7959183673469388 LEADRGB { R = 252 G = 163 B =   9 } TRAILRGB { R = 252 G = 163 B =   9 } }
  CONTROLPOINT 10 { COLORMAPFRACTION = 0.8979591836734694 LEADRGB { R = 246 G = 213 B =  67 } TRAILRGB { R = 246 G = 213 B =  67 } }
  CONTROLPOINT 11 { COLORMAPFRACTION = 1.0 LEADRGB { R = 252 G = 255 B = 164 } TRAILRGB { R = 252 G = 255 B = 164 } }
# Leaf Color colormap
$!CREATECOLORMAP
  NAME = 'FieldView - Leaf Color (leaf_color.col)'
  NUMCONTROLPOINTS = 11
  CONTROLPOINT 1 { COLORMAPFRACTION = 0.0 LEADRGB { R =  45 G =  75 B =   0 } TRAILRGB { R =  45 G =  75 B =   0 } }
  CONTROLPOINT 2 { COLORMAPFRACTION = 0.08163265306122448 LEADRGB { R =  82 G = 123 B =   0 } TRAILRGB { R =  82 G = 123 B =   0 } }
  CONTROLPOINT 3 { COLORMAPFRACTION = 0.1836734693877551 LEADRGB { R = 133 G = 177 B =   0 } TRAILRGB { R = 133 G = 177 B =   0 } }
  CONTROLPOINT 4 { COLORMAPFRACTION = 0.2857142857142857 LEADRGB { R = 201 G = 192 B =   0 } TRAILRGB { R = 201 G = 192 B =   0 } }
  CONTROLPOINT 5 { COLORMAPFRACTION = 0.3877551020408163 LEADRGB { R = 241 G = 207 B =   0 } TRAILRGB { R = 241 G = 207 B =   0 } }
  CONTROLPOINT 6 { COLORMAPFRACTION = 0.4897959183673469 LEADRGB { R = 252 G = 224 B =   0 } TRAILRGB { R = 252 G = 224 B =   0 } }
  CONTROLPOINT 7 { COLORMAPFRACTION = 0.5918367346938775 LEADRGB { R = 235 G = 172 B =   0 } TRAILRGB { R = 235 G = 172 B =   0 } }
  CONTROLPOINT 8 { COLORMAPFRACTION = 0.6938775510204082 LEADRGB { R = 215 G = 110 B =   0 } TRAILRGB { R = 215 G = 110 B =   0 } }
  CONTROLPOINT 9 { COLORMAPFRACTION = 0.7959183673469388 LEADRGB { R = 204 G =  51 B =   0 } TRAILRGB { R = 204 G =  51 B =   0 } }
  CONTROLPOINT 10 { COLORMAPFRACTION = 0.8979591836734694 LEADRGB { R = 199 G =  76 B =  41 } TRAILRGB { R = 199 G =  76 B =  41 } }
  CONTROLPOINT 11 { COLORMAPFRACTION = 1.0 LEADRGB { R = 199 G = 170 B = 115 } TRAILRGB { R = 199 G = 170 B = 115 } }
# Magma colormap
$!CREATECOLORMAP
  NAME = 'FieldView - magma (magma.col)'
  NUMCONTROLPOINTS = 11
  CONTROLPOINT 1 { COLORMAPFRACTION = 0.0 LEADRGB { R =   0 G =   0 B =   4 } TRAILRGB { R =   0 G =   0 B =   4 } }
  CONTROLPOINT 2 { COLORMAPFRACTION = 0.08163265306122448 LEADRGB { R =  15 G =  11 B =  45 } TRAILRGB { R =  15 G =  11 B =  45 } }
  CONTROLPOINT 3 { COLORMAPFRACTION = 0.1836734693877551 LEADRGB { R =  52 G =  16 B = 105 } TRAILRGB { R =  52 G =  16 B = 105 } }
  CONTROLPOINT 4 { COLORMAPFRACTION = 0.2857142857142857 LEADRGB { R =  95 G =  24 B = 127 } TRAILRGB { R =  95 G =  24 B = 127 } }
  CONTROLPOINT 5 { COLORMAPFRACTION = 0.3877551020408163 LEADRGB { R = 135 G =  39 B = 129 } TRAILRGB { R = 135 G =  39 B = 129 } }
  CONTROLPOINT 6 { COLORMAPFRACTION = 0.4897959183673469 LEADRGB { R = 178 G =  53 B = 123 } TRAILRGB { R = 178 G =  53 B = 123 } }
  CONTROLPOINT 7 { COLORMAPFRACTION = 0.5918367346938775 LEADRGB { R = 219 G =  71 B = 106 } TRAILRGB { R = 219 G =  71 B = 106 } }
  CONTROLPOINT 8 { COLORMAPFRACTION = 0.6938775510204082 LEADRGB { R = 246 G = 108 B =  92 } TRAILRGB { R = 246 G = 108 B =  92 } }
  CONTROLPOINT 9 { COLORMAPFRACTION = 0.7959183673469388 LEADRGB { R = 254 G = 157 B = 108 } TRAILRGB { R = 254 G = 157 B = 108 } }
  CONTROLPOINT 10 { COLORMAPFRACTION = 0.8979591836734694 LEADRGB { R = 254 G = 205 B = 144 } TRAILRGB { R = 254 G = 205 B = 144 } }
  CONTROLPOINT 11 { COLORMAPFRACTION = 1.0 LEADRGB { R = 252 G = 253 B = 191 } TRAILRGB { R = 252 G = 253 B = 191 } }
# Plasma colormap
$!CREATECOLORMAP
  NAME = 'FieldView - plasma (plasma.col)'
  NUMCONTROLPOINTS = 11
  CONTROLPOINT 1 { COLORMAPFRACTION = 0.0 LEADRGB { R =  13 G =   8 B = 135 } TRAILRGB { R =  13 G =   8 B = 135 } }
  CONTROLPOINT 2 { COLORMAPFRACTION = 0.08163265306122448 LEADRGB { R =  58 G =   4 B = 154 } TRAILRGB { R =  58 G =   4 B = 154 } }
  CONTROLPOINT 3 { COLORMAPFRACTION = 0.1836734693877551 LEADRGB { R = 100 G =   0 B = 167 } TRAILRGB { R = 100 G =   0 B = 167 } }
  CONTROLPOINT 4 { COLORMAPFRACTION = 0.2857142857142857 LEADRGB { R = 139 G =  10 B = 165 } TRAILRGB { R = 139 G =  10 B = 165 } }
  CONTROLPOINT 5 { COLORMAPFRACTION = 0.3877551020408163 LEADRGB { R = 173 G =  39 B = 147 } TRAILRGB { R = 173 G =  39 B = 147 } }
  CONTROLPOINT 6 { COLORMAPFRACTION = 0.4897959183673469 LEADRGB { R = 201 G =  68 B = 123 } TRAILRGB { R = 201 G =  68 B = 123 } }
  CONTROLPOINT 7 { COLORMAPFRACTION = 0.5918367346938775 LEADRGB { R = 223 G =  98 B = 100 } TRAILRGB { R = 223 G =  98 B = 100 } }
  CONTROLPOINT 8 { COLORMAPFRACTION = 0.6938775510204082 LEADRGB { R = 241 G = 129 B =  77 } TRAILRGB { R = 241 G = 129 B =  77 } }
  CONTROLPOINT 9 { COLORMAPFRACTION = 0.7959183673469388 LEADRGB { R = 252 G = 165 B =  55 } TRAILRGB { R = 252 G = 165 B =  55 } }
  CONTROLPOINT 10 { COLORMAPFRACTION = 0.8979591836734694 LEADRGB { R = 252 G = 205 B =  37 } TRAILRGB { R = 252 G = 205 B =  37 } }
  CONTROLPOINT 11 { COLORMAPFRACTION = 1.0 LEADRGB { R = 240 G = 249 B =  33 } TRAILRGB { R = 240 G = 249 B =  33 } }
# Blackbody Radiation colormap
$!CREATECOLORMAP
  NAME = 'FieldView - Radiation Colors (radiation_colors.col)'
  NUMCONTROLPOINTS = 11
  CONTROLPOINT 1 { COLORMAPFRACTION = 0.0 LEADRGB { R = 255 G =  16 B =   0 } TRAILRGB { R = 255 G =  16 B =   0 } }
  CONTROLPOINT 2 { COLORMAPFRACTION = 0.08163265306122448 LEADRGB { R = 255 G =  98 B =   8 } TRAILRGB { R = 255 G =  98 B =   8 } }
  CONTROLPOINT 3 { COLORMAPFRACTION = 0.1836734693877551 LEADRGB { R = 255 G = 191 B =  27 } TRAILRGB { R = 255 G = 191 B =  27 } }
  CONTROLPOINT 4 { COLORMAPFRACTION = 0.2857142857142857 LEADRGB { R = 255 G = 240 B =  97 } TRAILRGB { R = 255 G = 240 B =  97 } }
  CONTROLPOINT 5 { COLORMAPFRACTION = 0.3877551020408163 LEADRGB { R = 201 G = 255 B = 157 } TRAILRGB { R = 201 G = 255 B = 157 } }
  CONTROLPOINT 6 { COLORMAPFRACTION = 0.4897959183673469 LEADRGB { R = 206 G = 255 B = 237 } TRAILRGB { R = 206 G = 255 B = 237 } }
  CONTROLPOINT 7 { COLORMAPFRACTION = 0.5918367346938775 LEADRGB { R = 184 G = 255 B = 251 } TRAILRGB { R = 184 G = 255 B = 251 } }
  CONTROLPOINT 8 { COLORMAPFRACTION = 0.6938775510204082 LEADRGB { R = 153 G = 244 B = 255 } TRAILRGB { R = 153 G = 244 B = 255 } }
  CONTROLPOINT 9 { COLORMAPFRACTION = 0.7959183673469388 LEADRGB { R = 139 G = 230 B = 255 } TRAILRGB { R = 139 G = 230 B = 255 } }
  CONTROLPOINT 10 { COLORMAPFRACTION = 0.8979591836734694 LEADRGB { R = 126 G = 217 B = 255 } TRAILRGB { R = 126 G = 217 B = 255 } }
  CONTROLPOINT 11 { COLORMAPFRACTION = 1.0 LEADRGB { R = 116 G = 207 B = 255 } TRAILRGB { R = 116 G = 207 B = 255 } }
# Red To Blue Diff Map colormap
$!CREATECOLORMAP
  NAME = 'FieldView - Red to Blue Diff (red_to_blue_diff.col)'
  NUMCONTROLPOINTS = 11
  CONTROLPOINT 1 { COLORMAPFRACTION = 0.0 LEADRGB { R =   2 G =  47 B = 152 } TRAILRGB { R =   2 G =  47 B = 152 } }
  CONTROLPOINT 2 { COLORMAPFRACTION = 0.08163265306122448 LEADRGB { R =   2 G =  77 B = 179 } TRAILRGB { R =   2 G =  77 B = 179 } }
  CONTROLPOINT 3 { COLORMAPFRACTION = 0.1836734693877551 LEADRGB { R =  10 G = 115 B = 210 } TRAILRGB { R =  10 G = 115 B = 210 } }
  CONTROLPOINT 4 { COLORMAPFRACTION = 0.2857142857142857 LEADRGB { R =  69 G = 156 B = 221 } TRAILRGB { R =  69 G = 156 B = 221 } }
  CONTROLPOINT 5 { COLORMAPFRACTION = 0.3877551020408163 LEADRGB { R = 144 G = 199 B = 233 } TRAILRGB { R = 144 G = 199 B = 233 } }
  CONTROLPOINT 6 { COLORMAPFRACTION = 0.4897959183673469 LEADRGB { R = 235 G = 242 B = 247 } TRAILRGB { R = 235 G = 242 B = 247 } }
  CONTROLPOINT 7 { COLORMAPFRACTION = 0.5918367346938775 LEADRGB { R = 242 G = 202 B = 158 } TRAILRGB { R = 242 G = 202 B = 158 } }
  CONTROLPOINT 8 { COLORMAPFRACTION = 0.6938775510204082 LEADRGB { R = 235 G = 146 B =  63 } TRAILRGB { R = 235 G = 146 B =  63 } }
  CONTROLPOINT 9 { COLORMAPFRACTION = 0.7959183673469388 LEADRGB { R = 227 G =  92 B =  23 } TRAILRGB { R = 227 G =  92 B =  23 } }
  CONTROLPOINT 10 { COLORMAPFRACTION = 0.8979591836734694 LEADRGB { R = 209 G =  45 B =  11 } TRAILRGB { R = 209 G =  45 B =  11 } }
  CONTROLPOINT 11 { COLORMAPFRACTION = 1.0 LEADRGB { R = 181 G =   4 B =  22 } TRAILRGB { R = 181 G =   4 B =  22 } }
# Red To Purple Diff colormap
$!CREATECOLORMAP
  NAME = 'FieldView - Red to Purple Diff (red_to_purple_diff.col)'
  NUMCONTROLPOINTS = 11
  CONTROLPOINT 1 { COLORMAPFRACTION = 0.0 LEADRGB { R = 110 G =  48 B = 176 } TRAILRGB { R = 110 G =  48 B = 176 } }
  CONTROLPOINT 2 { COLORMAPFRACTION = 0.08163265306122448 LEADRGB { R = 127 G =  84 B = 191 } TRAILRGB { R = 127 G =  84 B = 191 } }
  CONTROLPOINT 3 { COLORMAPFRACTION = 0.1836734693877551 LEADRGB { R = 149 G = 127 B = 210 } TRAILRGB { R = 149 G = 127 B = 210 } }
  CONTROLPOINT 4 { COLORMAPFRACTION = 0.2857142857142857 LEADRGB { R = 176 G = 154 B = 239 } TRAILRGB { R = 176 G = 154 B = 239 } }
  CONTROLPOINT 5 { COLORMAPFRACTION = 0.3877551020408163 LEADRGB { R = 206 G = 191 B = 251 } TRAILRGB { R = 206 G = 191 B = 251 } }
  CONTROLPOINT 6 { COLORMAPFRACTION = 0.4897959183673469 LEADRGB { R = 240 G = 238 B = 246 } TRAILRGB { R = 240 G = 238 B = 246 } }
  CONTROLPOINT 7 { COLORMAPFRACTION = 0.5918367346938775 LEADRGB { R = 237 G = 175 B = 175 } TRAILRGB { R = 237 G = 175 B = 175 } }
  CONTROLPOINT 8 { COLORMAPFRACTION = 0.6938775510204082 LEADRGB { R = 230 G = 102 B = 106 } TRAILRGB { R = 230 G = 102 B = 106 } }
  CONTROLPOINT 9 { COLORMAPFRACTION = 0.7959183673469388 LEADRGB { R = 230 G =  71 B =  97 } TRAILRGB { R = 230 G =  71 B =  97 } }
  CONTROLPOINT 10 { COLORMAPFRACTION = 0.8979591836734694 LEADRGB { R = 222 G =  48 B =  90 } TRAILRGB { R = 222 G =  48 B =  90 } }
  CONTROLPOINT 11 { COLORMAPFRACTION = 1.0 LEADRGB { R = 208 G =  33 B =  86 } TRAILRGB { R = 208 G =  33 B =  86 } }
# Relief Map colormap
$!CREATECOLORMAP
  NAME = 'FieldView - Relief Map (relief_map.col)'
  NUMCONTROLPOINTS = 11
  CONTROLPOINT 1 { COLORMAPFRACTION = 0.0 LEADRGB { R =   2 G =  79 B = 161 } TRAILRGB { R =   2 G =  79 B = 161 } }
  CONTROLPOINT 2 { COLORMAPFRACTION = 0.08163265306122448 LEADRGB { R =  19 G = 115 B = 196 } TRAILRGB { R =  19 G = 115 B = 196 } }
  CONTROLPOINT 3 { COLORMAPFRACTION = 0.1836734693877551 LEADRGB { R =  93 G = 167 B = 208 } TRAILRGB { R =  93 G = 167 B = 208 } }
  CONTROLPOINT 4 { COLORMAPFRACTION = 0.2857142857142857 LEADRGB { R = 168 G = 216 B = 212 } TRAILRGB { R = 168 G = 216 B = 212 } }
  CONTROLPOINT 5 { COLORMAPFRACTION = 0.3877551020408163 LEADRGB { R = 210 G = 229 B = 224 } TRAILRGB { R = 210 G = 229 B = 224 } }
  CONTROLPOINT 6 { COLORMAPFRACTION = 0.4897959183673469 LEADRGB { R = 244 G = 248 B = 241 } TRAILRGB { R = 244 G = 248 B = 241 } }
  CONTROLPOINT 7 { COLORMAPFRACTION = 0.5918367346938775 LEADRGB { R =  40 G = 177 B =   0 } TRAILRGB { R =  40 G = 177 B =   0 } }
  CONTROLPOINT 8 { COLORMAPFRACTION = 0.6938775510204082 LEADRGB { R = 196 G = 134 B =  24 } TRAILRGB { R = 196 G = 134 B =  24 } }
  CONTROLPOINT 9 { COLORMAPFRACTION = 0.7959183673469388 LEADRGB { R = 224 G = 182 B = 103 } TRAILRGB { R = 224 G = 182 B = 103 } }
  CONTROLPOINT 10 { COLORMAPFRACTION = 0.8979591836734694 LEADRGB { R = 236 G = 208 B = 146 } TRAILRGB { R = 236 G = 208 B = 146 } }
  CONTROLPOINT 11 { COLORMAPFRACTION = 1.0 LEADRGB { R = 245 G = 231 B = 194 } TRAILRGB { R = 245 G = 231 B = 194 } }
# Relief Map Land colormap
$!CREATECOLORMAP
  NAME = 'FieldView - Relief Map Land (relief_map_land.col)'
  NUMCONTROLPOINTS = 11
  CONTROLPOINT 1 { COLORMAPFRACTION = 0.0 LEADRGB { R =   0 G = 133 B =  93 } TRAILRGB { R =   0 G = 133 B =  93 } }
  CONTROLPOINT 2 { COLORMAPFRACTION = 0.08163265306122448 LEADRGB { R =   0 G = 148 B =  37 } TRAILRGB { R =   0 G = 148 B =  37 } }
  CONTROLPOINT 3 { COLORMAPFRACTION = 0.1836734693877551 LEADRGB { R =  43 G = 179 B =   0 } TRAILRGB { R =  43 G = 179 B =   0 } }
  CONTROLPOINT 4 { COLORMAPFRACTION = 0.2857142857142857 LEADRGB { R = 154 G = 204 B =   6 } TRAILRGB { R = 154 G = 204 B =   6 } }
  CONTROLPOINT 5 { COLORMAPFRACTION = 0.3877551020408163 LEADRGB { R = 196 G = 135 B =  26 } TRAILRGB { R = 196 G = 135 B =  26 } }
  CONTROLPOINT 6 { COLORMAPFRACTION = 0.4897959183673469 LEADRGB { R = 213 G = 162 B =  70 } TRAILRGB { R = 213 G = 162 B =  70 } }
  CONTROLPOINT 7 { COLORMAPFRACTION = 0.5918367346938775 LEADRGB { R = 224 G = 182 B = 104 } TRAILRGB { R = 224 G = 182 B = 104 } }
  CONTROLPOINT 8 { COLORMAPFRACTION = 0.6938775510204082 LEADRGB { R = 231 G = 198 B = 129 } TRAILRGB { R = 231 G = 198 B = 129 } }
  CONTROLPOINT 9 { COLORMAPFRACTION = 0.7959183673469388 LEADRGB { R = 236 G = 208 B = 146 } TRAILRGB { R = 236 G = 208 B = 146 } }
  CONTROLPOINT 10 { COLORMAPFRACTION = 0.8979591836734694 LEADRGB { R = 241 G = 216 B = 161 } TRAILRGB { R = 241 G = 216 B = 161 } }
  CONTROLPOINT 11 { COLORMAPFRACTION = 1.0 LEADRGB { R = 245 G = 231 B = 194 } TRAILRGB { R = 245 G = 231 B = 194 } }
# Relief Map Land colormap
$!CREATECOLORMAP
  NAME = 'FieldView - Relief Map Ocean (relief_map_ocean.col)'
  NUMCONTROLPOINTS = 11
  CONTROLPOINT 1 { COLORMAPFRACTION = 0.0 LEADRGB { R =   2 G =  79 B = 161 } TRAILRGB { R =   2 G =  79 B = 161 } }
  CONTROLPOINT 2 { COLORMAPFRACTION = 0.08163265306122448 LEADRGB { R =   5 G =  97 B = 182 } TRAILRGB { R =   5 G =  97 B = 182 } }
  CONTROLPOINT 3 { COLORMAPFRACTION = 0.1836734693877551 LEADRGB { R =  26 G = 120 B = 197 } TRAILRGB { R =  26 G = 120 B = 197 } }
  CONTROLPOINT 4 { COLORMAPFRACTION = 0.2857142857142857 LEADRGB { R =  62 G = 144 B = 204 } TRAILRGB { R =  62 G = 144 B = 204 } }
  CONTROLPOINT 5 { COLORMAPFRACTION = 0.3877551020408163 LEADRGB { R = 100 G = 172 B = 209 } TRAILRGB { R = 100 G = 172 B = 209 } }
  CONTROLPOINT 6 { COLORMAPFRACTION = 0.4897959183673469 LEADRGB { R = 137 G = 199 B = 205 } TRAILRGB { R = 137 G = 199 B = 205 } }
  CONTROLPOINT 7 { COLORMAPFRACTION = 0.5918367346938775 LEADRGB { R = 175 G = 219 B = 214 } TRAILRGB { R = 175 G = 219 B = 214 } }
  CONTROLPOINT 8 { COLORMAPFRACTION = 0.6938775510204082 LEADRGB { R = 198 G = 226 B = 220 } TRAILRGB { R = 198 G = 226 B = 220 } }
  CONTROLPOINT 9 { COLORMAPFRACTION = 0.7959183673469388 LEADRGB { R = 213 G = 231 B = 226 } TRAILRGB { R = 213 G = 231 B = 226 } }
  CONTROLPOINT 10 { COLORMAPFRACTION = 0.8979591836734694 LEADRGB { R = 231 G = 241 B = 236 } TRAILRGB { R = 231 G = 241 B = 236 } }
  CONTROLPOINT 11 { COLORMAPFRACTION = 1.0 LEADRGB { R = 246 G = 249 B = 243 } TRAILRGB { R = 246 G = 249 B = 243 } }
# Flux Table colormap
$!CREATECOLORMAP
  NAME = 'FieldView - Simple Flux (simple_flux.col)'
  NUMCONTROLPOINTS = 11
  CONTROLPOINT 1 { COLORMAPFRACTION = 0.0 LEADRGB { R =   0 G =   0 B = 255 } TRAILRGB { R =   0 G =   0 B = 255 } }
  CONTROLPOINT 2 { COLORMAPFRACTION = 0.08163265306122448 LEADRGB { R =  83 G =   0 B = 255 } TRAILRGB { R =  83 G =   0 B = 255 } }
  CONTROLPOINT 3 { COLORMAPFRACTION = 0.1836734693877551 LEADRGB { R = 187 G =   0 B = 255 } TRAILRGB { R = 187 G =   0 B = 255 } }
  CONTROLPOINT 4 { COLORMAPFRACTION = 0.2857142857142857 LEADRGB { R = 255 G =   0 B = 219 } TRAILRGB { R = 255 G =   0 B = 219 } }
  CONTROLPOINT 5 { COLORMAPFRACTION = 0.3877551020408163 LEADRGB { R = 255 G =   0 B = 114 } TRAILRGB { R = 255 G =   0 B = 114 } }
  CONTROLPOINT 6 { COLORMAPFRACTION = 0.4897959183673469 LEADRGB { R = 255 G =   0 B =  10 } TRAILRGB { R = 255 G =   0 B =  10 } }
  CONTROLPOINT 7 { COLORMAPFRACTION = 0.5918367346938775 LEADRGB { R = 255 G =  71 B =   0 } TRAILRGB { R = 255 G =  71 B =   0 } }
  CONTROLPOINT 8 { COLORMAPFRACTION = 0.6938775510204082 LEADRGB { R = 255 G = 150 B =   0 } TRAILRGB { R = 255 G = 150 B =   0 } }
  CONTROLPOINT 9 { COLORMAPFRACTION = 0.7959183673469388 LEADRGB { R = 255 G = 229 B =   0 } TRAILRGB { R = 255 G = 229 B =   0 } }
  CONTROLPOINT 10 { COLORMAPFRACTION = 0.8979591836734694 LEADRGB { R = 255 G = 255 B = 102 } TRAILRGB { R = 255 G = 255 B = 102 } }
  CONTROLPOINT 11 { COLORMAPFRACTION = 1.0 LEADRGB { R = 255 G = 255 B = 255 } TRAILRGB { R = 255 G = 255 B = 255 } }
# Smalldiff, New colormap
$!CREATECOLORMAP
  NAME = 'FieldView - Small Difference (small_difference.col)'
  NUMCONTROLPOINTS = 11
  CONTROLPOINT 1 { COLORMAPFRACTION = 0.0 LEADRGB { R = 150 G = 244 B = 161 } TRAILRGB { R = 150 G = 244 B = 161 } }
  CONTROLPOINT 2 { COLORMAPFRACTION = 0.08163265306122448 LEADRGB { R =  65 G = 224 B =  93 } TRAILRGB { R =  65 G = 224 B =  93 } }
  CONTROLPOINT 3 { COLORMAPFRACTION = 0.1836734693877551 LEADRGB { R =  41 G = 182 B = 136 } TRAILRGB { R =  41 G = 182 B = 136 } }
  CONTROLPOINT 4 { COLORMAPFRACTION = 0.2857142857142857 LEADRGB { R =  60 G = 118 B = 175 } TRAILRGB { R =  60 G = 118 B = 175 } }
  CONTROLPOINT 5 { COLORMAPFRACTION = 0.3877551020408163 LEADRGB { R =   0 G =  32 B = 129 } TRAILRGB { R =   0 G =  32 B = 129 } }
  CONTROLPOINT 6 { COLORMAPFRACTION = 0.4897959183673469 LEADRGB { R =   2 G =   4 B =  97 } TRAILRGB { R =   2 G =   4 B =  97 } }
  CONTROLPOINT 7 { COLORMAPFRACTION = 0.5918367346938775 LEADRGB { R = 161 G =  51 B =  53 } TRAILRGB { R = 161 G =  51 B =  53 } }
  CONTROLPOINT 8 { COLORMAPFRACTION = 0.6938775510204082 LEADRGB { R = 219 G =  58 B =  25 } TRAILRGB { R = 219 G =  58 B =  25 } }
  CONTROLPOINT 9 { COLORMAPFRACTION = 0.7959183673469388 LEADRGB { R = 243 G = 131 B =  36 } TRAILRGB { R = 243 G = 131 B =  36 } }
  CONTROLPOINT 10 { COLORMAPFRACTION = 0.8979591836734694 LEADRGB { R = 249 G = 223 B =  64 } TRAILRGB { R = 249 G = 223 B =  64 } }
  CONTROLPOINT 11 { COLORMAPFRACTION = 1.0 LEADRGB { R = 255 G = 254 B = 167 } TRAILRGB { R = 255 G = 254 B = 167 } }
# Working Test colormap
$!CREATECOLORMAP
  NAME = 'FieldView - Spectrum Diff Gray (spectrum_diff_grey.col)'
  NUMCONTROLPOINTS = 11
  CONTROLPOINT 1 { COLORMAPFRACTION = 0.0 LEADRGB { R =   3 G =   7 B =  75 } TRAILRGB { R =   3 G =   7 B =  75 } }
  CONTROLPOINT 2 { COLORMAPFRACTION = 0.08163265306122448 LEADRGB { R =  27 G =  32 B = 125 } TRAILRGB { R =  27 G =  32 B = 125 } }
  CONTROLPOINT 3 { COLORMAPFRACTION = 0.1836734693877551 LEADRGB { R =  66 G = 105 B = 191 } TRAILRGB { R =  66 G = 105 B = 191 } }
  CONTROLPOINT 4 { COLORMAPFRACTION = 0.2857142857142857 LEADRGB { R = 118 G = 177 B = 223 } TRAILRGB { R = 118 G = 177 B = 223 } }
  CONTROLPOINT 5 { COLORMAPFRACTION = 0.3877551020408163 LEADRGB { R = 179 G = 179 B = 179 } TRAILRGB { R = 179 G = 179 B = 179 } }
  CONTROLPOINT 6 { COLORMAPFRACTION = 0.4897959183673469 LEADRGB { R = 179 G = 179 B = 179 } TRAILRGB { R = 179 G = 179 B = 179 } }
  CONTROLPOINT 7 { COLORMAPFRACTION = 0.5918367346938775 LEADRGB { R = 149 G = 175 B = 101 } TRAILRGB { R = 149 G = 175 B = 101 } }
  CONTROLPOINT 8 { COLORMAPFRACTION = 0.6938775510204082 LEADRGB { R = 194 G = 195 B =  42 } TRAILRGB { R = 194 G = 195 B =  42 } }
  CONTROLPOINT 9 { COLORMAPFRACTION = 0.7959183673469388 LEADRGB { R = 241 G = 161 B =  14 } TRAILRGB { R = 241 G = 161 B =  14 } }
  CONTROLPOINT 10 { COLORMAPFRACTION = 0.8979591836734694 LEADRGB { R = 197 G =  27 B =   5 } TRAILRGB { R = 197 G =  27 B =   5 } }
  CONTROLPOINT 11 { COLORMAPFRACTION = 1.0 LEADRGB { R = 102 G =   8 B =   3 } TRAILRGB { R = 102 G =   8 B =   3 } }
# Working Test colormap
$!CREATECOLORMAP
  NAME = 'FieldView - Spectrum Diff White (spectrum_diff_white.col)'
  NUMCONTROLPOINTS = 11
  CONTROLPOINT 1 { COLORMAPFRACTION = 0.0 LEADRGB { R =   3 G =   7 B =  75 } TRAILRGB { R =   3 G =   7 B =  75 } }
  CONTROLPOINT 2 { COLORMAPFRACTION = 0.08163265306122448 LEADRGB { R =  27 G =  32 B = 125 } TRAILRGB { R =  27 G =  32 B = 125 } }
  CONTROLPOINT 3 { COLORMAPFRACTION = 0.1836734693877551 LEADRGB { R =  66 G = 105 B = 191 } TRAILRGB { R =  66 G = 105 B = 191 } }
  CONTROLPOINT 4 { COLORMAPFRACTION = 0.2857142857142857 LEADRGB { R = 134 G = 193 B = 238 } TRAILRGB { R = 134 G = 193 B = 238 } }
  CONTROLPOINT 5 { COLORMAPFRACTION = 0.3877551020408163 LEADRGB { R = 239 G = 239 B = 239 } TRAILRGB { R = 239 G = 239 B = 239 } }
  CONTROLPOINT 6 { COLORMAPFRACTION = 0.4897959183673469 LEADRGB { R = 239 G = 239 B = 239 } TRAILRGB { R = 239 G = 239 B = 239 } }
  CONTROLPOINT 7 { COLORMAPFRACTION = 0.5918367346938775 LEADRGB { R = 168 G = 194 B = 120 } TRAILRGB { R = 168 G = 194 B = 120 } }
  CONTROLPOINT 8 { COLORMAPFRACTION = 0.6938775510204082 LEADRGB { R = 194 G = 195 B =  42 } TRAILRGB { R = 194 G = 195 B =  42 } }
  CONTROLPOINT 9 { COLORMAPFRACTION = 0.7959183673469388 LEADRGB { R = 241 G = 161 B =  14 } TRAILRGB { R = 241 G = 161 B =  14 } }
  CONTROLPOINT 10 { COLORMAPFRACTION = 0.8979591836734694 LEADRGB { R = 197 G =  27 B =   5 } TRAILRGB { R = 197 G =  27 B =   5 } }
  CONTROLPOINT 11 { COLORMAPFRACTION = 1.0 LEADRGB { R = 102 G =   8 B =   3 } TRAILRGB { R = 102 G =   8 B =   3 } }
# Test colormap
$!CREATECOLORMAP
  NAME = 'FieldView - Steel Blue (steel_blue.col)'
  NUMCONTROLPOINTS = 11
  CONTROLPOINT 1 { COLORMAPFRACTION = 0.0 LEADRGB { R = 110 G = 128 B = 195 } TRAILRGB { R = 110 G = 128 B = 195 } }
  CONTROLPOINT 2 { COLORMAPFRACTION = 0.08163265306122448 LEADRGB { R =  58 G =  77 B = 114 } TRAILRGB { R =  58 G =  77 B = 114 } }
  CONTROLPOINT 3 { COLORMAPFRACTION = 0.1836734693877551 LEADRGB { R =  83 G = 100 B = 133 } TRAILRGB { R =  83 G = 100 B = 133 } }
  CONTROLPOINT 4 { COLORMAPFRACTION = 0.2857142857142857 LEADRGB { R = 121 G = 137 B = 184 } TRAILRGB { R = 121 G = 137 B = 184 } }
  CONTROLPOINT 5 { COLORMAPFRACTION = 0.3877551020408163 LEADRGB { R =  59 G =  82 B = 118 } TRAILRGB { R =  59 G =  82 B = 118 } }
  CONTROLPOINT 6 { COLORMAPFRACTION = 0.4897959183673469 LEADRGB { R = 167 G = 177 B = 212 } TRAILRGB { R = 167 G = 177 B = 212 } }
  CONTROLPOINT 7 { COLORMAPFRACTION = 0.5918367346938775 LEADRGB { R = 105 G = 127 B = 174 } TRAILRGB { R = 105 G = 127 B = 174 } }
  CONTROLPOINT 8 { COLORMAPFRACTION = 0.6938775510204082 LEADRGB { R = 143 G = 160 B = 195 } TRAILRGB { R = 143 G = 160 B = 195 } }
  CONTROLPOINT 9 { COLORMAPFRACTION = 0.7959183673469388 LEADRGB { R = 179 G = 193 B = 226 } TRAILRGB { R = 179 G = 193 B = 226 } }
  CONTROLPOINT 10 { COLORMAPFRACTION = 0.8979591836734694 LEADRGB { R = 108 G = 136 B = 196 } TRAILRGB { R = 108 G = 136 B = 196 } }
  CONTROLPOINT 11 { COLORMAPFRACTION = 1.0 LEADRGB { R = 241 G = 244 B = 250 } TRAILRGB { R = 241 G = 244 B = 250 } }
# Riso Color Map 1 colormap
$!CREATECOLORMAP
  NAME = 'FieldView - Teal Black Gradient (tealblack_gradient.col)'
  NUMCONTROLPOINTS = 11
  CONTROLPOINT 1 { COLORMAPFRACTION = 0.0 LEADRGB { R =   0 G = 168 B = 181 } TRAILRGB { R =   0 G = 168 B = 181 } }
  CONTROLPOINT 2 { COLORMAPFRACTION = 0.08163265306122448 LEADRGB { R =   0 G = 155 B = 166 } TRAILRGB { R =   0 G = 155 B = 166 } }
  CONTROLPOINT 3 { COLORMAPFRACTION = 0.1836734693877551 LEADRGB { R =   0 G = 137 B = 148 } TRAILRGB { R =   0 G = 137 B = 148 } }
  CONTROLPOINT 4 { COLORMAPFRACTION = 0.2857142857142857 LEADRGB { R =   0 G = 120 B = 129 } TRAILRGB { R =   0 G = 120 B = 129 } }
  CONTROLPOINT 5 { COLORMAPFRACTION = 0.3877551020408163 LEADRGB { R =   0 G = 103 B = 111 } TRAILRGB { R =   0 G = 103 B = 111 } }
  CONTROLPOINT 6 { COLORMAPFRACTION = 0.4897959183673469 LEADRGB { R =   0 G =  86 B =  92 } TRAILRGB { R =   0 G =  86 B =  92 } }
  CONTROLPOINT 7 { COLORMAPFRACTION = 0.5918367346938775 LEADRGB { R =   0 G =  69 B =  74 } TRAILRGB { R =   0 G =  69 B =  74 } }
  CONTROLPOINT 8 { COLORMAPFRACTION = 0.6938775510204082 LEADRGB { R =   0 G =  52 B =  55 } TRAILRGB { R =   0 G =  52 B =  55 } }
  CONTROLPOINT 9 { COLORMAPFRACTION = 0.7959183673469388 LEADRGB { R =   0 G =  34 B =  37 } TRAILRGB { R =   0 G =  34 B =  37 } }
  CONTROLPOINT 10 { COLORMAPFRACTION = 0.8979591836734694 LEADRGB { R =   0 G =  17 B =  18 } TRAILRGB { R =   0 G =  17 B =  18 } }
  CONTROLPOINT 11 { COLORMAPFRACTION = 1.0 LEADRGB { R =   0 G =   0 B =   0 } TRAILRGB { R =   0 G =   0 B =   0 } }
# Viridis colormap
$!CREATECOLORMAP
  NAME = 'FieldView - viridis (viridis.col)'
  NUMCONTROLPOINTS = 11
  CONTROLPOINT 1 { COLORMAPFRACTION = 0.0 LEADRGB { R =  68 G =   1 B =  84 } TRAILRGB { R =  68 G =   1 B =  84 } }
  CONTROLPOINT 2 { COLORMAPFRACTION = 0.08163265306122448 LEADRGB { R =  72 G =  31 B = 112 } TRAILRGB { R =  72 G =  31 B = 112 } }
  CONTROLPOINT 3 { COLORMAPFRACTION = 0.1836734693877551 LEADRGB { R =  67 G =  63 B = 133 } TRAILRGB { R =  67 G =  63 B = 133 } }
  CONTROLPOINT 4 { COLORMAPFRACTION = 0.2857142857142857 LEADRGB { R =  54 G =  92 B = 141 } TRAILRGB { R =  54 G =  92 B = 141 } }
  CONTROLPOINT 5 { COLORMAPFRACTION = 0.3877551020408163 LEADRGB { R =  43 G = 117 B = 142 } TRAILRGB { R =  43 G = 117 B = 142 } }
  CONTROLPOINT 6 { COLORMAPFRACTION = 0.4897959183673469 LEADRGB { R =  33 G = 142 B = 141 } TRAILRGB { R =  33 G = 142 B = 141 } }
  CONTROLPOINT 7 { COLORMAPFRACTION = 0.5918367346938775 LEADRGB { R =  33 G = 166 B = 133 } TRAILRGB { R =  33 G = 166 B = 133 } }
  CONTROLPOINT 8 { COLORMAPFRACTION = 0.6938775510204082 LEADRGB { R =  64 G = 189 B = 114 } TRAILRGB { R =  64 G = 189 B = 114 } }
  CONTROLPOINT 9 { COLORMAPFRACTION = 0.7959183673469388 LEADRGB { R = 119 G = 209 B =  83 } TRAILRGB { R = 119 G = 209 B =  83 } }
  CONTROLPOINT 10 { COLORMAPFRACTION = 0.8979591836734694 LEADRGB { R = 186 G = 222 B =  40 } TRAILRGB { R = 186 G = 222 B =  40 } }
  CONTROLPOINT 11 { COLORMAPFRACTION = 1.0 LEADRGB { R = 253 G = 231 B =  37 } TRAILRGB { R = 253 G = 231 B =  37 } }
