#!MC 1410
# J. Mcnames, "An Effective Color Scale For Simultaneous Color And Gray Scale Publications," Ieee Signal Processing Magazine, In Press (January 2006) colormap
$!CREATECOLORMAP
  NAME = 'FieldView - Achromatic Vision 1 (achromatic_vision1.col)'
  NUMCONTROLPOINTS = 11
  CONTROLPOINT 1 { COLORMAPFRACTION = 0.0 LEADRGB { R =   0 G =   0 B =   0 } TRAILRGB { R =   0 G =   0 B =   0 } }
  CONTROLPOINT 2 { COLORMAPFRACTION = 0.08163265306122448 LEADRGB { R =   5 G =  15 B =  15 } TRAILRGB { R =   5 G =  15 B =  15 } }
  CONTROLPOINT 3 { COLORMAPFRACTION = 0.1836734693877551 LEADRGB { R =  22 G =  12 B =  58 } TRAILRGB { R =  22 G =  12 B =  58 } }
  CONTROLPOINT 4 { COLORMAPFRACTION = 0.2857142857142857 LEADRGB { R = 114 G =  20 B =  71 } TRAILRGB { R = 114 G =  20 B =  71 } }
  CONTROLPOINT 5 { COLORMAPFRACTION = 0.3877551020408163 LEADRGB { R = 171 G = 106 B =  40 } TRAILRGB { R = 171 G = 106 B =  40 } }
  CONTROLPOINT 6 { COLORMAPFRACTION = 0.4897959183673469 LEADRGB { R = 115 G = 190 B =  67 } TRAILRGB { R = 115 G = 190 B =  67 } }
  CONTROLPOINT 7 { COLORMAPFRACTION = 0.5918367346938775 LEADRGB { R =  54 G = 179 B = 195 } TRAILRGB { R =  54 G = 179 B = 195 } }
  CONTROLPOINT 8 { COLORMAPFRACTION = 0.6938775510204082 LEADRGB { R = 135 G = 117 B = 182 } TRAILRGB { R = 135 G = 117 B = 182 } }
  CONTROLPOINT 9 { COLORMAPFRACTION = 0.7959183673469388 LEADRGB { R = 232 G = 154 B = 187 } TRAILRGB { R = 232 G = 154 B = 187 } }
  CONTROLPOINT 10 { COLORMAPFRACTION = 0.8979591836734694 LEADRGB { R = 247 G = 232 B = 201 } TRAILRGB { R = 247 G = 232 B = 201 } }
  CONTROLPOINT 11 { COLORMAPFRACTION = 1.0 LEADRGB { R = 255 G = 255 B = 255 } TRAILRGB { R = 255 G = 255 B = 255 } }
