#!MC 1410
# Colorblind Friendly colormap
$!CREATECOLORMAP
  NAME = 'FieldView - Colorblind Friendly (achromatic_vision2.col)'
  NUMCONTROLPOINTS = 11
  CONTROLPOINT 1 { COLORMAPFRACTION = 0.0 LEADRGB { R =   0 G =   0 B =   0 } TRAILRGB { R =   0 G =   0 B =   0 } }
  CONTROLPOINT 2 { COLORMAPFRACTION = 0.08163265306122448 LEADRGB { R =   1 G =   2 B =  40 } TRAILRGB { R =   1 G =   2 B =  40 } }
  CONTROLPOINT 3 { COLORMAPFRACTION = 0.1836734693877551 LEADRGB { R =   4 G =   5 B =  91 } TRAILRGB { R =   4 G =   5 B =  91 } }
  CONTROLPOINT 4 { COLORMAPFRACTION = 0.2857142857142857 LEADRGB { R =   6 G =   8 B = 142 } TRAILRGB { R =   6 G =   8 B = 142 } }
  CONTROLPOINT 5 { COLORMAPFRACTION = 0.3877551020408163 LEADRGB { R =   9 G =  10 B = 193 } TRAILRGB { R =   9 G =  10 B = 193 } }
  CONTROLPOINT 6 { COLORMAPFRACTION = 0.4897959183673469 LEADRGB { R =  11 G =  13 B = 244 } TRAILRGB { R =  11 G =  13 B = 244 } }
  CONTROLPOINT 7 { COLORMAPFRACTION = 0.5918367346938775 LEADRGB { R =  56 G =  58 B = 204 } TRAILRGB { R =  56 G =  58 B = 204 } }
  CONTROLPOINT 8 { COLORMAPFRACTION = 0.6938775510204082 LEADRGB { R = 105 G = 107 B = 154 } TRAILRGB { R = 105 G = 107 B = 154 } }
  CONTROLPOINT 9 { COLORMAPFRACTION = 0.7959183673469388 LEADRGB { R = 154 G = 156 B = 105 } TRAILRGB { R = 154 G = 156 B = 105 } }
  CONTROLPOINT 10 { COLORMAPFRACTION = 0.8979591836734694 LEADRGB { R = 203 G = 205 B =  55 } TRAILRGB { R = 203 G = 205 B =  55 } }
  CONTROLPOINT 11 { COLORMAPFRACTION = 1.0 LEADRGB { R = 253 G = 254 B =   6 } TRAILRGB { R = 253 G = 254 B =   6 } }
