#!MC 1410
# Red Green colormap
$!CREATECOLORMAP
  NAME = 'FieldView - Banded Blue to Red Dark (banded_blue_to_red_dark.col)'
  NUMCONTROLPOINTS = 11
  CONTROLPOINT 1 { COLORMAPFRACTION = 0.0 LEADRGB { R = 253 G =   1 B =   1 } TRAILRGB { R = 253 G =   1 B =   1 } }
  CONTROLPOINT 2 { COLORMAPFRACTION = 0.08163265306122448 LEADRGB { R = 151 G =  14 B =  14 } TRAILRGB { R = 151 G =  14 B =  14 } }
  CONTROLPOINT 3 { COLORMAPFRACTION = 0.1836734693877551 LEADRGB { R = 104 G =  24 B =  24 } TRAILRGB { R = 104 G =  24 B =  24 } }
  CONTROLPOINT 4 { COLORMAPFRACTION = 0.2857142857142857 LEADRGB { R = 120 G =  49 B =  49 } TRAILRGB { R = 120 G =  49 B =  49 } }
  CONTROLPOINT 5 { COLORMAPFRACTION = 0.3877551020408163 LEADRGB { R = 145 G =  93 B =  93 } TRAILRGB { R = 145 G =  93 B =  93 } }
  CONTROLPOINT 6 { COLORMAPFRACTION = 0.4897959183673469 LEADRGB { R = 127 G = 123 B = 123 } TRAILRGB { R = 127 G = 123 B = 123 } }
  CONTROLPOINT 7 { COLORMAPFRACTION = 0.5918367346938775 LEADRGB { R =  78 G =  78 B = 112 } TRAILRGB { R =  78 G =  78 B = 112 } }
  CONTROLPOINT 8 { COLORMAPFRACTION = 0.6938775510204082 LEADRGB { R =  41 G =  41 B =  91 } TRAILRGB { R =  41 G =  41 B =  91 } }
  CONTROLPOINT 9 { COLORMAPFRACTION = 0.7959183673469388 LEADRGB { R =  30 G =  30 B = 116 } TRAILRGB { R =  30 G =  30 B = 116 } }
  CONTROLPOINT 10 { COLORMAPFRACTION = 0.8979591836734694 LEADRGB { R =  23 G =  23 B = 193 } TRAILRGB { R =  23 G =  23 B = 193 } }
  CONTROLPOINT 11 { COLORMAPFRACTION = 1.0 LEADRGB { R =   1 G =   1 B = 254 } TRAILRGB { R =   1 G =   1 B = 254 } }
