#!MC 1410
# Red Green colormap
$!CREATECOLORMAP
  NAME = 'FieldView - Banded Blue to Red Light (banded_blue_to_red_light.col)'
  NUMCONTROLPOINTS = 11
  CONTROLPOINT 1 { COLORMAPFRACTION = 0.0 LEADRGB { R = 247 G =   2 B =   2 } TRAILRGB { R = 247 G =   2 B =   2 } }
  CONTROLPOINT 2 { COLORMAPFRACTION = 0.08163265306122448 LEADRGB { R = 174 G =  30 B =  30 } TRAILRGB { R = 174 G =  30 B =  30 } }
  CONTROLPOINT 3 { COLORMAPFRACTION = 0.1836734693877551 LEADRGB { R = 129 G =  48 B =  48 } TRAILRGB { R = 129 G =  48 B =  48 } }
  CONTROLPOINT 4 { COLORMAPFRACTION = 0.2857142857142857 LEADRGB { R = 176 G = 102 B = 102 } TRAILRGB { R = 176 G = 102 B = 102 } }
  CONTROLPOINT 5 { COLORMAPFRACTION = 0.3877551020408163 LEADRGB { R = 224 G = 175 B = 175 } TRAILRGB { R = 224 G = 175 B = 175 } }
  CONTROLPOINT 6 { COLORMAPFRACTION = 0.4897959183673469 LEADRGB { R = 238 G = 234 B = 234 } TRAILRGB { R = 238 G = 234 B = 234 } }
  CONTROLPOINT 7 { COLORMAPFRACTION = 0.5918367346938775 LEADRGB { R = 156 G = 156 B = 191 } TRAILRGB { R = 156 G = 156 B = 191 } }
  CONTROLPOINT 8 { COLORMAPFRACTION = 0.6938775510204082 LEADRGB { R =  88 G =  88 B = 143 } TRAILRGB { R =  88 G =  88 B = 143 } }
  CONTROLPOINT 9 { COLORMAPFRACTION = 0.7959183673469388 LEADRGB { R =  66 G =  66 B = 160 } TRAILRGB { R =  66 G =  66 B = 160 } }
  CONTROLPOINT 10 { COLORMAPFRACTION = 0.8979591836734694 LEADRGB { R =  44 G =  44 B = 207 } TRAILRGB { R =  44 G =  44 B = 207 } }
  CONTROLPOINT 11 { COLORMAPFRACTION = 1.0 LEADRGB { R =   2 G =   2 B = 255 } TRAILRGB { R =   2 G =   2 B = 255 } }
