#!MC 1410
# Flesh Tone 2 colormap
$!CREATECOLORMAP
  NAME = 'FieldView - Bio Spectrum 2 (bio_spectrum2.col)'
  NUMCONTROLPOINTS = 11
  CONTROLPOINT 1 { COLORMAPFRACTION = 0.0 LEADRGB { R =  74 G =   0 B =   0 } TRAILRGB { R =  74 G =   0 B =   0 } }
  CONTROLPOINT 2 { COLORMAPFRACTION = 0.08163265306122448 LEADRGB { R = 109 G =   0 B =   0 } TRAILRGB { R = 109 G =   0 B =   0 } }
  CONTROLPOINT 3 { COLORMAPFRACTION = 0.1836734693877551 LEADRGB { R = 154 G =   0 B =   0 } TRAILRGB { R = 154 G =   0 B =   0 } }
  CONTROLPOINT 4 { COLORMAPFRACTION = 0.2857142857142857 LEADRGB { R = 195 G =   4 B =   2 } TRAILRGB { R = 195 G =   4 B =   2 } }
  CONTROLPOINT 5 { COLORMAPFRACTION = 0.3877551020408163 LEADRGB { R = 237 G =  21 B =  11 } TRAILRGB { R = 237 G =  21 B =  11 } }
  CONTROLPOINT 6 { COLORMAPFRACTION = 0.4897959183673469 LEADRGB { R = 239 G =  75 B =  60 } TRAILRGB { R = 239 G =  75 B =  60 } }
  CONTROLPOINT 7 { COLORMAPFRACTION = 0.5918367346938775 LEADRGB { R = 238 G = 122 B = 105 } TRAILRGB { R = 238 G = 122 B = 105 } }
  CONTROLPOINT 8 { COLORMAPFRACTION = 0.6938775510204082 LEADRGB { R = 243 G = 142 B = 111 } TRAILRGB { R = 243 G = 142 B = 111 } }
  CONTROLPOINT 9 { COLORMAPFRACTION = 0.7959183673469388 LEADRGB { R = 247 G = 162 B = 118 } TRAILRGB { R = 247 G = 162 B = 118 } }
  CONTROLPOINT 10 { COLORMAPFRACTION = 0.8979591836734694 LEADRGB { R = 252 G = 182 B = 125 } TRAILRGB { R = 252 G = 182 B = 125 } }
  CONTROLPOINT 11 { COLORMAPFRACTION = 1.0 LEADRGB { R = 255 G = 201 B = 133 } TRAILRGB { R = 255 G = 201 B = 133 } }
