#!MC 1410
# Flesh Tones colormap
$!CREATECOLORMAP
  NAME = 'FieldView - Bio Spectrum 1 (bio_spectrum1.col)'
  NUMCONTROLPOINTS = 11
  CONTROLPOINT 1 { COLORMAPFRACTION = 0.0 LEADRGB { R =  74 G =   0 B =   0 } TRAILRGB { R =  74 G =   0 B =   0 } }
  CONTROLPOINT 2 { COLORMAPFRACTION = 0.08163265306122448 LEADRGB { R = 109 G =   0 B =   0 } TRAILRGB { R = 109 G =   0 B =   0 } }
  CONTROLPOINT 3 { COLORMAPFRACTION = 0.1836734693877551 LEADRGB { R = 154 G =   0 B =   0 } TRAILRGB { R = 154 G =   0 B =   0 } }
  CONTROLPOINT 4 { COLORMAPFRACTION = 0.2857142857142857 LEADRGB { R = 195 G =   4 B =   2 } TRAILRGB { R = 195 G =   4 B =   2 } }
  CONTROLPOINT 5 { COLORMAPFRACTION = 0.3877551020408163 LEADRGB { R = 237 G =  21 B =  11 } TRAILRGB { R = 237 G =  21 B =  11 } }
  CONTROLPOINT 6 { COLORMAPFRACTION = 0.4897959183673469 LEADRGB { R = 239 G =  75 B =  60 } TRAILRGB { R = 239 G =  75 B =  60 } }
  CONTROLPOINT 7 { COLORMAPFRACTION = 0.5918367346938775 LEADRGB { R = 237 G = 123 B = 105 } TRAILRGB { R = 237 G = 123 B = 105 } }
  CONTROLPOINT 8 { COLORMAPFRACTION = 0.6938775510204082 LEADRGB { R = 240 G = 131 B =  80 } TRAILRGB { R = 240 G = 131 B =  80 } }
  CONTROLPOINT 9 { COLORMAPFRACTION = 0.7959183673469388 LEADRGB { R = 244 G = 149 B =  55 } TRAILRGB { R = 244 G = 149 B =  55 } }
  CONTROLPOINT 10 { COLORMAPFRACTION = 0.8979591836734694 LEADRGB { R = 249 G = 178 B =  28 } TRAILRGB { R = 249 G = 178 B =  28 } }
  CONTROLPOINT 11 { COLORMAPFRACTION = 1.0 LEADRGB { R = 255 G = 219 B =   0 } TRAILRGB { R = 255 G = 219 B =   0 } }
