#!MC 1410
# Gray Scale colormap
$!CREATECOLORMAP
  NAME = 'FieldView - Gray Scale (c2.col)'
  NUMCONTROLPOINTS = 11
  CONTROLPOINT 1 { COLORMAPFRACTION = 0.0 LEADRGB { R =   0 G =   0 B =   0 } TRAILRGB { R =   0 G =   0 B =   0 } }
  CONTROLPOINT 2 { COLORMAPFRACTION = 0.08163265306122448 LEADRGB { R =  21 G =  21 B =  21 } TRAILRGB { R =  21 G =  21 B =  21 } }
  CONTROLPOINT 3 { COLORMAPFRACTION = 0.1836734693877551 LEADRGB { R =  46 G =  46 B =  46 } TRAILRGB { R =  46 G =  46 B =  46 } }
  CONTROLPOINT 4 { COLORMAPFRACTION = 0.2857142857142857 LEADRGB { R =  72 G =  72 B =  72 } TRAILRGB { R =  72 G =  72 B =  72 } }
  CONTROLPOINT 5 { COLORMAPFRACTION = 0.3877551020408163 LEADRGB { R =  98 G =  98 B =  98 } TRAILRGB { R =  98 G =  98 B =  98 } }
  CONTROLPOINT 6 { COLORMAPFRACTION = 0.4897959183673469 LEADRGB { R = 124 G = 124 B = 124 } TRAILRGB { R = 124 G = 124 B = 124 } }
  CONTROLPOINT 7 { COLORMAPFRACTION = 0.5918367346938775 LEADRGB { R = 149 G = 149 B = 149 } TRAILRGB { R = 149 G = 149 B = 149 } }
  CONTROLPOINT 8 { COLORMAPFRACTION = 0.6938775510204082 LEADRGB { R = 176 G = 176 B = 176 } TRAILRGB { R = 176 G = 176 B = 176 } }
  CONTROLPOINT 9 { COLORMAPFRACTION = 0.7959183673469388 LEADRGB { R = 201 G = 201 B = 201 } TRAILRGB { R = 201 G = 201 B = 201 } }
  CONTROLPOINT 10 { COLORMAPFRACTION = 0.8979591836734694 LEADRGB { R = 228 G = 228 B = 228 } TRAILRGB { R = 228 G = 228 B = 228 } }
  CONTROLPOINT 11 { COLORMAPFRACTION = 1.0 LEADRGB { R = 254 G = 254 B = 254 } TRAILRGB { R = 254 G = 254 B = 254 } }
