#!MC 1410
# Zebra colormap
$!CREATECOLORMAP
  NAME = 'FieldView - Zebra (c3.col)'
  NUMCONTROLPOINTS = 11
  CONTROLPOINT 1 { COLORMAPFRACTION = 0.0 LEADRGB { R =   0 G =   0 B =   0 } TRAILRGB { R =   0 G =   0 B =   0 } }
  CONTROLPOINT 2 { COLORMAPFRACTION = 0.08163265306122448 LEADRGB { R = 147 G = 147 B = 147 } TRAILRGB { R = 147 G = 147 B = 147 } }
  CONTROLPOINT 3 { COLORMAPFRACTION = 0.1836734693877551 LEADRGB { R = 150 G = 150 B = 150 } TRAILRGB { R = 150 G = 150 B = 150 } }
  CONTROLPOINT 4 { COLORMAPFRACTION = 0.2857142857142857 LEADRGB { R = 126 G = 126 B = 126 } TRAILRGB { R = 126 G = 126 B = 126 } }
  CONTROLPOINT 5 { COLORMAPFRACTION = 0.3877551020408163 LEADRGB { R = 129 G = 129 B = 129 } TRAILRGB { R = 129 G = 129 B = 129 } }
  CONTROLPOINT 6 { COLORMAPFRACTION = 0.4897959183673469 LEADRGB { R = 105 G = 105 B = 105 } TRAILRGB { R = 105 G = 105 B = 105 } }
  CONTROLPOINT 7 { COLORMAPFRACTION = 0.5918367346938775 LEADRGB { R = 108 G = 108 B = 108 } TRAILRGB { R = 108 G = 108 B = 108 } }
  CONTROLPOINT 8 { COLORMAPFRACTION = 0.6938775510204082 LEADRGB { R =  82 G =  82 B =  82 } TRAILRGB { R =  82 G =  82 B =  82 } }
  CONTROLPOINT 9 { COLORMAPFRACTION = 0.7959183673469388 LEADRGB { R =  78 G =  78 B =  78 } TRAILRGB { R =  78 G =  78 B =  78 } }
  CONTROLPOINT 10 { COLORMAPFRACTION = 0.8979591836734694 LEADRGB { R =  59 G =  59 B =  59 } TRAILRGB { R =  59 G =  59 B =  59 } }
  CONTROLPOINT 11 { COLORMAPFRACTION = 1.0 LEADRGB { R =  31 G =  31 B =  31 } TRAILRGB { R =  31 G =  31 B =  31 } }
