#!MC 1410
# Color Striped colormap
$!CREATECOLORMAP
  NAME = 'FieldView - Color Striped (c5.col)'
  NUMCONTROLPOINTS = 11
  CONTROLPOINT 1 { COLORMAPFRACTION = 0.0 LEADRGB { R =   0 G =   0 B = 217 } TRAILRGB { R =   0 G =   0 B = 217 } }
  CONTROLPOINT 2 { COLORMAPFRACTION = 0.08163265306122448 LEADRGB { R =   0 G =  75 B = 235 } TRAILRGB { R =   0 G =  75 B = 235 } }
  CONTROLPOINT 3 { COLORMAPFRACTION = 0.1836734693877551 LEADRGB { R =   0 G = 163 B = 251 } TRAILRGB { R =   0 G = 163 B = 251 } }
  CONTROLPOINT 4 { COLORMAPFRACTION = 0.2857142857142857 LEADRGB { R =   0 G = 226 B = 229 } TRAILRGB { R =   0 G = 226 B = 229 } }
  CONTROLPOINT 5 { COLORMAPFRACTION = 0.3877551020408163 LEADRGB { R =   0 G = 238 B = 147 } TRAILRGB { R =   0 G = 238 B = 147 } }
  CONTROLPOINT 6 { COLORMAPFRACTION = 0.4897959183673469 LEADRGB { R =   0 G = 207 B =  13 } TRAILRGB { R =   0 G = 207 B =  13 } }
  CONTROLPOINT 7 { COLORMAPFRACTION = 0.5918367346938775 LEADRGB { R = 117 G = 232 B =   0 } TRAILRGB { R = 117 G = 232 B =   0 } }
  CONTROLPOINT 8 { COLORMAPFRACTION = 0.6938775510204082 LEADRGB { R = 219 G = 241 B =   0 } TRAILRGB { R = 219 G = 241 B =   0 } }
  CONTROLPOINT 9 { COLORMAPFRACTION = 0.7959183673469388 LEADRGB { R = 245 G = 189 B =   0 } TRAILRGB { R = 245 G = 189 B =   0 } }
  CONTROLPOINT 10 { COLORMAPFRACTION = 0.8979591836734694 LEADRGB { R = 245 G = 114 B =   0 } TRAILRGB { R = 245 G = 114 B =   0 } }
  CONTROLPOINT 11 { COLORMAPFRACTION = 1.0 LEADRGB { R = 230 G =  26 B =   0 } TRAILRGB { R = 230 G =  26 B =   0 } }
