#!MC 1410
# Ccm Cool Warm colormap
$!CREATECOLORMAP
  NAME = 'FieldView - ccm cool-warm (ccm_cool-warm.col)'
  NUMCONTROLPOINTS = 11
  CONTROLPOINT 1 { COLORMAPFRACTION = 0.0 LEADRGB { R = 114 G =   0 B = 114 } TRAILRGB { R = 114 G =   0 B = 114 } }
  CONTROLPOINT 2 { COLORMAPFRACTION = 0.08163265306122448 LEADRGB { R = 169 G =   0 B = 190 } TRAILRGB { R = 169 G =   0 B = 190 } }
  CONTROLPOINT 3 { COLORMAPFRACTION = 0.1836734693877551 LEADRGB { R = 126 G =   0 B = 221 } TRAILRGB { R = 126 G =   0 B = 221 } }
  CONTROLPOINT 4 { COLORMAPFRACTION = 0.2857142857142857 LEADRGB { R =  65 G =  38 B = 220 } TRAILRGB { R =  65 G =  38 B = 220 } }
  CONTROLPOINT 5 { COLORMAPFRACTION = 0.3877551020408163 LEADRGB { R = 155 G = 180 B = 255 } TRAILRGB { R = 155 G = 180 B = 255 } }
  CONTROLPOINT 6 { COLORMAPFRACTION = 0.4897959183673469 LEADRGB { R =  70 G = 231 B = 186 } TRAILRGB { R =  70 G = 231 B = 186 } }
  CONTROLPOINT 7 { COLORMAPFRACTION = 0.5918367346938775 LEADRGB { R = 111 G = 245 B =  83 } TRAILRGB { R = 111 G = 245 B =  83 } }
  CONTROLPOINT 8 { COLORMAPFRACTION = 0.6938775510204082 LEADRGB { R = 191 G = 255 B = 186 } TRAILRGB { R = 191 G = 255 B = 186 } }
  CONTROLPOINT 9 { COLORMAPFRACTION = 0.7959183673469388 LEADRGB { R = 248 G = 222 B = 119 } TRAILRGB { R = 248 G = 222 B = 119 } }
  CONTROLPOINT 10 { COLORMAPFRACTION = 0.8979591836734694 LEADRGB { R = 255 G = 187 B = 251 } TRAILRGB { R = 255 G = 187 B = 251 } }
  CONTROLPOINT 11 { COLORMAPFRACTION = 1.0 LEADRGB { R = 255 G =  16 B =  42 } TRAILRGB { R = 255 G =  16 B =  42 } }
