#!MC 1410
# Star Cd Colormap colormap
$!CREATECOLORMAP
  NAME = 'FieldView - CD Striped (cd_striped.col)'
  NUMCONTROLPOINTS = 11
  CONTROLPOINT 1 { COLORMAPFRACTION = 0.0 LEADRGB { R =   0 G =   0 B = 255 } TRAILRGB { R =   0 G =   0 B = 255 } }
  CONTROLPOINT 2 { COLORMAPFRACTION = 0.08163265306122448 LEADRGB { R = 151 G = 163 B = 255 } TRAILRGB { R = 151 G = 163 B = 255 } }
  CONTROLPOINT 3 { COLORMAPFRACTION = 0.1836734693877551 LEADRGB { R =   0 G = 216 B = 255 } TRAILRGB { R =   0 G = 216 B = 255 } }
  CONTROLPOINT 4 { COLORMAPFRACTION = 0.2857142857142857 LEADRGB { R =  18 G = 219 B = 201 } TRAILRGB { R =  18 G = 219 B = 201 } }
  CONTROLPOINT 5 { COLORMAPFRACTION = 0.3877551020408163 LEADRGB { R =  29 G = 231 B =   7 } TRAILRGB { R =  29 G = 231 B =   7 } }
  CONTROLPOINT 6 { COLORMAPFRACTION = 0.4897959183673469 LEADRGB { R = 151 G = 255 B = 125 } TRAILRGB { R = 151 G = 255 B = 125 } }
  CONTROLPOINT 7 { COLORMAPFRACTION = 0.5918367346938775 LEADRGB { R = 235 G = 255 B =  19 } TRAILRGB { R = 235 G = 255 B =  19 } }
  CONTROLPOINT 8 { COLORMAPFRACTION = 0.6938775510204082 LEADRGB { R = 255 G = 203 B =  26 } TRAILRGB { R = 255 G = 203 B =  26 } }
  CONTROLPOINT 9 { COLORMAPFRACTION = 0.7959183673469388 LEADRGB { R = 255 G = 161 B = 134 } TRAILRGB { R = 255 G = 161 B = 134 } }
  CONTROLPOINT 10 { COLORMAPFRACTION = 0.8979591836734694 LEADRGB { R = 255 G =  56 B = 251 } TRAILRGB { R = 255 G =  56 B = 251 } }
  CONTROLPOINT 11 { COLORMAPFRACTION = 1.0 LEADRGB { R = 255 G =   0 B =   0 } TRAILRGB { R = 255 G =   0 B =   0 } }
