#!MC 1410
# Camoflage colormap
$!CREATECOLORMAP
  NAME = 'FieldView - Dark Green Gradient (darkgreen_gradient.col)'
  NUMCONTROLPOINTS = 11
  CONTROLPOINT 1 { COLORMAPFRACTION = 0.0 LEADRGB { R =  48 G =  94 B =  48 } TRAILRGB { R =  48 G =  94 B =  48 } }
  CONTROLPOINT 2 { COLORMAPFRACTION = 0.08163265306122448 LEADRGB { R =  44 G =  92 B =  44 } TRAILRGB { R =  44 G =  92 B =  44 } }
  CONTROLPOINT 3 { COLORMAPFRACTION = 0.1836734693877551 LEADRGB { R =  39 G =  89 B =  39 } TRAILRGB { R =  39 G =  89 B =  39 } }
  CONTROLPOINT 4 { COLORMAPFRACTION = 0.2857142857142857 LEADRGB { R =  34 G =  87 B =  34 } TRAILRGB { R =  34 G =  87 B =  34 } }
  CONTROLPOINT 5 { COLORMAPFRACTION = 0.3877551020408163 LEADRGB { R =  29 G =  84 B =  29 } TRAILRGB { R =  29 G =  84 B =  29 } }
  CONTROLPOINT 6 { COLORMAPFRACTION = 0.4897959183673469 LEADRGB { R =  32 G =  88 B =  32 } TRAILRGB { R =  32 G =  88 B =  32 } }
  CONTROLPOINT 7 { COLORMAPFRACTION = 0.5918367346938775 LEADRGB { R =  42 G =  96 B =  42 } TRAILRGB { R =  42 G =  96 B =  42 } }
  CONTROLPOINT 8 { COLORMAPFRACTION = 0.6938775510204082 LEADRGB { R =  51 G = 105 B =  53 } TRAILRGB { R =  51 G = 105 B =  53 } }
  CONTROLPOINT 9 { COLORMAPFRACTION = 0.7959183673469388 LEADRGB { R =  40 G =  78 B =  42 } TRAILRGB { R =  40 G =  78 B =  42 } }
  CONTROLPOINT 10 { COLORMAPFRACTION = 0.8979591836734694 LEADRGB { R =  26 G =  45 B =  27 } TRAILRGB { R =  26 G =  45 B =  27 } }
  CONTROLPOINT 11 { COLORMAPFRACTION = 1.0 LEADRGB { R =  11 G =  12 B =  12 } TRAILRGB { R =  11 G =  12 B =  12 } }
