#!MC 1410
# Flame Transition colormap
$!CREATECOLORMAP
  NAME = 'FieldView - Flame Transition (flame_transition.col)'
  NUMCONTROLPOINTS = 11
  CONTROLPOINT 1 { COLORMAPFRACTION = 0.0 LEADRGB { R =  30 G =  30 B =  30 } TRAILRGB { R =  30 G =  30 B =  30 } }
  CONTROLPOINT 2 { COLORMAPFRACTION = 0.08163265306122448 LEADRGB { R =  78 G =  36 B =  29 } TRAILRGB { R =  78 G =  36 B =  29 } }
  CONTROLPOINT 3 { COLORMAPFRACTION = 0.1836734693877551 LEADRGB { R = 114 G =  41 B =  31 } TRAILRGB { R = 114 G =  41 B =  31 } }
  CONTROLPOINT 4 { COLORMAPFRACTION = 0.2857142857142857 LEADRGB { R = 148 G =  52 B =  39 } TRAILRGB { R = 148 G =  52 B =  39 } }
  CONTROLPOINT 5 { COLORMAPFRACTION = 0.3877551020408163 LEADRGB { R = 210 G =  82 B =  52 } TRAILRGB { R = 210 G =  82 B =  52 } }
  CONTROLPOINT 6 { COLORMAPFRACTION = 0.4897959183673469 LEADRGB { R = 216 G =  85 B =  50 } TRAILRGB { R = 216 G =  85 B =  50 } }
  CONTROLPOINT 7 { COLORMAPFRACTION = 0.5918367346938775 LEADRGB { R = 218 G = 100 B =  54 } TRAILRGB { R = 218 G = 100 B =  54 } }
  CONTROLPOINT 8 { COLORMAPFRACTION = 0.6938775510204082 LEADRGB { R = 224 G = 149 B =  63 } TRAILRGB { R = 224 G = 149 B =  63 } }
  CONTROLPOINT 9 { COLORMAPFRACTION = 0.7959183673469388 LEADRGB { R = 234 G = 199 B =  94 } TRAILRGB { R = 234 G = 199 B =  94 } }
  CONTROLPOINT 10 { COLORMAPFRACTION = 0.8979591836734694 LEADRGB { R = 241 G = 217 B = 159 } TRAILRGB { R = 241 G = 217 B = 159 } }
  CONTROLPOINT 11 { COLORMAPFRACTION = 1.0 LEADRGB { R = 237 G = 235 B = 230 } TRAILRGB { R = 237 G = 235 B = 230 } }
