#!MC 1410
# Working Test colormap
$!CREATECOLORMAP
  NAME = 'FieldView - Hot to Cold Diff (hot_to_cold_diff.col)'
  NUMCONTROLPOINTS = 11
  CONTROLPOINT 1 { COLORMAPFRACTION = 0.0 LEADRGB { R = 240 G = 245 B = 255 } TRAILRGB { R = 240 G = 245 B = 255 } }
  CONTROLPOINT 2 { COLORMAPFRACTION = 0.08163265306122448 LEADRGB { R = 186 G = 208 B = 255 } TRAILRGB { R = 186 G = 208 B = 255 } }
  CONTROLPOINT 3 { COLORMAPFRACTION = 0.1836734693877551 LEADRGB { R = 107 G = 163 B = 228 } TRAILRGB { R = 107 G = 163 B = 228 } }
  CONTROLPOINT 4 { COLORMAPFRACTION = 0.2857142857142857 LEADRGB { R =  52 G = 107 B = 200 } TRAILRGB { R =  52 G = 107 B = 200 } }
  CONTROLPOINT 5 { COLORMAPFRACTION = 0.3877551020408163 LEADRGB { R =   2 G =  54 B = 156 } TRAILRGB { R =   2 G =  54 B = 156 } }
  CONTROLPOINT 6 { COLORMAPFRACTION = 0.4897959183673469 LEADRGB { R =   0 G =   5 B =  79 } TRAILRGB { R =   0 G =   5 B =  79 } }
  CONTROLPOINT 7 { COLORMAPFRACTION = 0.5918367346938775 LEADRGB { R = 223 G =  41 B =   0 } TRAILRGB { R = 223 G =  41 B =   0 } }
  CONTROLPOINT 8 { COLORMAPFRACTION = 0.6938775510204082 LEADRGB { R = 249 G =  98 B =  15 } TRAILRGB { R = 249 G =  98 B =  15 } }
  CONTROLPOINT 9 { COLORMAPFRACTION = 0.7959183673469388 LEADRGB { R = 255 G = 224 B =  84 } TRAILRGB { R = 255 G = 224 B =  84 } }
  CONTROLPOINT 10 { COLORMAPFRACTION = 0.8979591836734694 LEADRGB { R = 255 G = 255 B = 160 } TRAILRGB { R = 255 G = 255 B = 160 } }
  CONTROLPOINT 11 { COLORMAPFRACTION = 1.0 LEADRGB { R = 255 G = 251 B = 250 } TRAILRGB { R = 255 G = 251 B = 250 } }
