#!MC 1410
# Inferno colormap
$!CREATECOLORMAP
  NAME = 'FieldView - inferno (inferno.col)'
  NUMCONTROLPOINTS = 11
  CONTROLPOINT 1 { COLORMAPFRACTION = 0.0 LEADRGB { R =   0 G =   0 B =   4 } TRAILRGB { R =   0 G =   0 B =   4 } }
  CONTROLPOINT 2 { COLORMAPFRACTION = 0.08163265306122448 LEADRGB { R =  17 G =  10 B =  47 } TRAILRGB { R =  17 G =  10 B =  47 } }
  CONTROLPOINT 3 { COLORMAPFRACTION = 0.1836734693877551 LEADRGB { R =  59 G =   9 B = 100 } TRAILRGB { R =  59 G =   9 B = 100 } }
  CONTROLPOINT 4 { COLORMAPFRACTION = 0.2857142857142857 LEADRGB { R = 101 G =  21 B = 110 } TRAILRGB { R = 101 G =  21 B = 110 } }
  CONTROLPOINT 5 { COLORMAPFRACTION = 0.3877551020408163 LEADRGB { R = 143 G =  36 B = 105 } TRAILRGB { R = 143 G =  36 B = 105 } }
  CONTROLPOINT 6 { COLORMAPFRACTION = 0.4897959183673469 LEADRGB { R = 183 G =  53 B =  87 } TRAILRGB { R = 183 G =  53 B =  87 } }
  CONTROLPOINT 7 { COLORMAPFRACTION = 0.5918367346938775 LEADRGB { R = 218 G =  78 B =  60 } TRAILRGB { R = 218 G =  78 B =  60 } }
  CONTROLPOINT 8 { COLORMAPFRACTION = 0.6938775510204082 LEADRGB { R = 242 G = 116 B =  28 } TRAILRGB { R = 242 G = 116 B =  28 } }
  CONTROLPOINT 9 { COLORMAPFRACTION = 0.7959183673469388 LEADRGB { R = 252 G = 163 B =   9 } TRAILRGB { R = 252 G = 163 B =   9 } }
  CONTROLPOINT 10 { COLORMAPFRACTION = 0.8979591836734694 LEADRGB { R = 246 G = 213 B =  67 } TRAILRGB { R = 246 G = 213 B =  67 } }
  CONTROLPOINT 11 { COLORMAPFRACTION = 1.0 LEADRGB { R = 252 G = 255 B = 164 } TRAILRGB { R = 252 G = 255 B = 164 } }
