#!MC 1410
# Leaf Color colormap
$!CREATECOLORMAP
  NAME = 'FieldView - Leaf Color (leaf_color.col)'
  NUMCONTROLPOINTS = 11
  CONTROLPOINT 1 { COLORMAPFRACTION = 0.0 LEADRGB { R =  45 G =  75 B =   0 } TRAILRGB { R =  45 G =  75 B =   0 } }
  CONTROLPOINT 2 { COLORMAPFRACTION = 0.08163265306122448 LEADRGB { R =  82 G = 123 B =   0 } TRAILRGB { R =  82 G = 123 B =   0 } }
  CONTROLPOINT 3 { COLORMAPFRACTION = 0.1836734693877551 LEADRGB { R = 133 G = 177 B =   0 } TRAILRGB { R = 133 G = 177 B =   0 } }
  CONTROLPOINT 4 { COLORMAPFRACTION = 0.2857142857142857 LEADRGB { R = 201 G = 192 B =   0 } TRAILRGB { R = 201 G = 192 B =   0 } }
  CONTROLPOINT 5 { COLORMAPFRACTION = 0.3877551020408163 LEADRGB { R = 241 G = 207 B =   0 } TRAILRGB { R = 241 G = 207 B =   0 } }
  CONTROLPOINT 6 { COLORMAPFRACTION = 0.4897959183673469 LEADRGB { R = 252 G = 224 B =   0 } TRAILRGB { R = 252 G = 224 B =   0 } }
  CONTROLPOINT 7 { COLORMAPFRACTION = 0.5918367346938775 LEADRGB { R = 235 G = 172 B =   0 } TRAILRGB { R = 235 G = 172 B =   0 } }
  CONTROLPOINT 8 { COLORMAPFRACTION = 0.6938775510204082 LEADRGB { R = 215 G = 110 B =   0 } TRAILRGB { R = 215 G = 110 B =   0 } }
  CONTROLPOINT 9 { COLORMAPFRACTION = 0.7959183673469388 LEADRGB { R = 204 G =  51 B =   0 } TRAILRGB { R = 204 G =  51 B =   0 } }
  CONTROLPOINT 10 { COLORMAPFRACTION = 0.8979591836734694 LEADRGB { R = 199 G =  76 B =  41 } TRAILRGB { R = 199 G =  76 B =  41 } }
  CONTROLPOINT 11 { COLORMAPFRACTION = 1.0 LEADRGB { R = 199 G = 170 B = 115 } TRAILRGB { R = 199 G = 170 B = 115 } }
