#!MC 1410
# Plasma colormap
$!CREATECOLORMAP
  NAME = 'FieldView - plasma (plasma.col)'
  NUMCONTROLPOINTS = 11
  CONTROLPOINT 1 { COLORMAPFRACTION = 0.0 LEADRGB { R =  13 G =   8 B = 135 } TRAILRGB { R =  13 G =   8 B = 135 } }
  CONTROLPOINT 2 { COLORMAPFRACTION = 0.08163265306122448 LEADRGB { R =  58 G =   4 B = 154 } TRAILRGB { R =  58 G =   4 B = 154 } }
  CONTROLPOINT 3 { COLORMAPFRACTION = 0.1836734693877551 LEADRGB { R = 100 G =   0 B = 167 } TRAILRGB { R = 100 G =   0 B = 167 } }
  CONTROLPOINT 4 { COLORMAPFRACTION = 0.2857142857142857 LEADRGB { R = 139 G =  10 B = 165 } TRAILRGB { R = 139 G =  10 B = 165 } }
  CONTROLPOINT 5 { COLORMAPFRACTION = 0.3877551020408163 LEADRGB { R = 173 G =  39 B = 147 } TRAILRGB { R = 173 G =  39 B = 147 } }
  CONTROLPOINT 6 { COLORMAPFRACTION = 0.4897959183673469 LEADRGB { R = 201 G =  68 B = 123 } TRAILRGB { R = 201 G =  68 B = 123 } }
  CONTROLPOINT 7 { COLORMAPFRACTION = 0.5918367346938775 LEADRGB { R = 223 G =  98 B = 100 } TRAILRGB { R = 223 G =  98 B = 100 } }
  CONTROLPOINT 8 { COLORMAPFRACTION = 0.6938775510204082 LEADRGB { R = 241 G = 129 B =  77 } TRAILRGB { R = 241 G = 129 B =  77 } }
  CONTROLPOINT 9 { COLORMAPFRACTION = 0.7959183673469388 LEADRGB { R = 252 G = 165 B =  55 } TRAILRGB { R = 252 G = 165 B =  55 } }
  CONTROLPOINT 10 { COLORMAPFRACTION = 0.8979591836734694 LEADRGB { R = 252 G = 205 B =  37 } TRAILRGB { R = 252 G = 205 B =  37 } }
  CONTROLPOINT 11 { COLORMAPFRACTION = 1.0 LEADRGB { R = 240 G = 249 B =  33 } TRAILRGB { R = 240 G = 249 B =  33 } }
