#!MC 1410
# Blackbody Radiation colormap
$!CREATECOLORMAP
  NAME = 'FieldView - Radiation Colors (radiation_colors.col)'
  NUMCONTROLPOINTS = 11
  CONTROLPOINT 1 { COLORMAPFRACTION = 0.0 LEADRGB { R = 255 G =  16 B =   0 } TRAILRGB { R = 255 G =  16 B =   0 } }
  CONTROLPOINT 2 { COLORMAPFRACTION = 0.08163265306122448 LEADRGB { R = 255 G =  98 B =   8 } TRAILRGB { R = 255 G =  98 B =   8 } }
  CONTROLPOINT 3 { COLORMAPFRACTION = 0.1836734693877551 LEADRGB { R = 255 G = 191 B =  27 } TRAILRGB { R = 255 G = 191 B =  27 } }
  CONTROLPOINT 4 { COLORMAPFRACTION = 0.2857142857142857 LEADRGB { R = 255 G = 240 B =  97 } TRAILRGB { R = 255 G = 240 B =  97 } }
  CONTROLPOINT 5 { COLORMAPFRACTION = 0.3877551020408163 LEADRGB { R = 201 G = 255 B = 157 } TRAILRGB { R = 201 G = 255 B = 157 } }
  CONTROLPOINT 6 { COLORMAPFRACTION = 0.4897959183673469 LEADRGB { R = 206 G = 255 B = 237 } TRAILRGB { R = 206 G = 255 B = 237 } }
  CONTROLPOINT 7 { COLORMAPFRACTION = 0.5918367346938775 LEADRGB { R = 184 G = 255 B = 251 } TRAILRGB { R = 184 G = 255 B = 251 } }
  CONTROLPOINT 8 { COLORMAPFRACTION = 0.6938775510204082 LEADRGB { R = 153 G = 244 B = 255 } TRAILRGB { R = 153 G = 244 B = 255 } }
  CONTROLPOINT 9 { COLORMAPFRACTION = 0.7959183673469388 LEADRGB { R = 139 G = 230 B = 255 } TRAILRGB { R = 139 G = 230 B = 255 } }
  CONTROLPOINT 10 { COLORMAPFRACTION = 0.8979591836734694 LEADRGB { R = 126 G = 217 B = 255 } TRAILRGB { R = 126 G = 217 B = 255 } }
  CONTROLPOINT 11 { COLORMAPFRACTION = 1.0 LEADRGB { R = 116 G = 207 B = 255 } TRAILRGB { R = 116 G = 207 B = 255 } }
