#!MC 1410
# Red To Purple Diff colormap
$!CREATECOLORMAP
  NAME = 'FieldView - Red to Purple Diff (red_to_purple_diff.col)'
  NUMCONTROLPOINTS = 11
  CONTROLPOINT 1 { COLORMAPFRACTION = 0.0 LEADRGB { R = 110 G =  48 B = 176 } TRAILRGB { R = 110 G =  48 B = 176 } }
  CONTROLPOINT 2 { COLORMAPFRACTION = 0.08163265306122448 LEADRGB { R = 127 G =  84 B = 191 } TRAILRGB { R = 127 G =  84 B = 191 } }
  CONTROLPOINT 3 { COLORMAPFRACTION = 0.1836734693877551 LEADRGB { R = 149 G = 127 B = 210 } TRAILRGB { R = 149 G = 127 B = 210 } }
  CONTROLPOINT 4 { COLORMAPFRACTION = 0.2857142857142857 LEADRGB { R = 176 G = 154 B = 239 } TRAILRGB { R = 176 G = 154 B = 239 } }
  CONTROLPOINT 5 { COLORMAPFRACTION = 0.3877551020408163 LEADRGB { R = 206 G = 191 B = 251 } TRAILRGB { R = 206 G = 191 B = 251 } }
  CONTROLPOINT 6 { COLORMAPFRACTION = 0.4897959183673469 LEADRGB { R = 240 G = 238 B = 246 } TRAILRGB { R = 240 G = 238 B = 246 } }
  CONTROLPOINT 7 { COLORMAPFRACTION = 0.5918367346938775 LEADRGB { R = 237 G = 175 B = 175 } TRAILRGB { R = 237 G = 175 B = 175 } }
  CONTROLPOINT 8 { COLORMAPFRACTION = 0.6938775510204082 LEADRGB { R = 230 G = 102 B = 106 } TRAILRGB { R = 230 G = 102 B = 106 } }
  CONTROLPOINT 9 { COLORMAPFRACTION = 0.7959183673469388 LEADRGB { R = 230 G =  71 B =  97 } TRAILRGB { R = 230 G =  71 B =  97 } }
  CONTROLPOINT 10 { COLORMAPFRACTION = 0.8979591836734694 LEADRGB { R = 222 G =  48 B =  90 } TRAILRGB { R = 222 G =  48 B =  90 } }
  CONTROLPOINT 11 { COLORMAPFRACTION = 1.0 LEADRGB { R = 208 G =  33 B =  86 } TRAILRGB { R = 208 G =  33 B =  86 } }
