#!MC 1410
# Relief Map Land colormap
$!CREATECOLORMAP
  NAME = 'FieldView - Relief Map Land (relief_map_land.col)'
  NUMCONTROLPOINTS = 11
  CONTROLPOINT 1 { COLORMAPFRACTION = 0.0 LEADRGB { R =   0 G = 133 B =  93 } TRAILRGB { R =   0 G = 133 B =  93 } }
  CONTROLPOINT 2 { COLORMAPFRACTION = 0.08163265306122448 LEADRGB { R =   0 G = 148 B =  37 } TRAILRGB { R =   0 G = 148 B =  37 } }
  CONTROLPOINT 3 { COLORMAPFRACTION = 0.1836734693877551 LEADRGB { R =  43 G = 179 B =   0 } TRAILRGB { R =  43 G = 179 B =   0 } }
  CONTROLPOINT 4 { COLORMAPFRACTION = 0.2857142857142857 LEADRGB { R = 154 G = 204 B =   6 } TRAILRGB { R = 154 G = 204 B =   6 } }
  CONTROLPOINT 5 { COLORMAPFRACTION = 0.3877551020408163 LEADRGB { R = 196 G = 135 B =  26 } TRAILRGB { R = 196 G = 135 B =  26 } }
  CONTROLPOINT 6 { COLORMAPFRACTION = 0.4897959183673469 LEADRGB { R = 213 G = 162 B =  70 } TRAILRGB { R = 213 G = 162 B =  70 } }
  CONTROLPOINT 7 { COLORMAPFRACTION = 0.5918367346938775 LEADRGB { R = 224 G = 182 B = 104 } TRAILRGB { R = 224 G = 182 B = 104 } }
  CONTROLPOINT 8 { COLORMAPFRACTION = 0.6938775510204082 LEADRGB { R = 231 G = 198 B = 129 } TRAILRGB { R = 231 G = 198 B = 129 } }
  CONTROLPOINT 9 { COLORMAPFRACTION = 0.7959183673469388 LEADRGB { R = 236 G = 208 B = 146 } TRAILRGB { R = 236 G = 208 B = 146 } }
  CONTROLPOINT 10 { COLORMAPFRACTION = 0.8979591836734694 LEADRGB { R = 241 G = 216 B = 161 } TRAILRGB { R = 241 G = 216 B = 161 } }
  CONTROLPOINT 11 { COLORMAPFRACTION = 1.0 LEADRGB { R = 245 G = 231 B = 194 } TRAILRGB { R = 245 G = 231 B = 194 } }
