#!MC 1410
# Relief Map Land colormap
$!CREATECOLORMAP
  NAME = 'FieldView - Relief Map Ocean (relief_map_ocean.col)'
  NUMCONTROLPOINTS = 11
  CONTROLPOINT 1 { COLORMAPFRACTION = 0.0 LEADRGB { R =   2 G =  79 B = 161 } TRAILRGB { R =   2 G =  79 B = 161 } }
  CONTROLPOINT 2 { COLORMAPFRACTION = 0.08163265306122448 LEADRGB { R =   5 G =  97 B = 182 } TRAILRGB { R =   5 G =  97 B = 182 } }
  CONTROLPOINT 3 { COLORMAPFRACTION = 0.1836734693877551 LEADRGB { R =  26 G = 120 B = 197 } TRAILRGB { R =  26 G = 120 B = 197 } }
  CONTROLPOINT 4 { COLORMAPFRACTION = 0.2857142857142857 LEADRGB { R =  62 G = 144 B = 204 } TRAILRGB { R =  62 G = 144 B = 204 } }
  CONTROLPOINT 5 { COLORMAPFRACTION = 0.3877551020408163 LEADRGB { R = 100 G = 172 B = 209 } TRAILRGB { R = 100 G = 172 B = 209 } }
  CONTROLPOINT 6 { COLORMAPFRACTION = 0.4897959183673469 LEADRGB { R = 137 G = 199 B = 205 } TRAILRGB { R = 137 G = 199 B = 205 } }
  CONTROLPOINT 7 { COLORMAPFRACTION = 0.5918367346938775 LEADRGB { R = 175 G = 219 B = 214 } TRAILRGB { R = 175 G = 219 B = 214 } }
  CONTROLPOINT 8 { COLORMAPFRACTION = 0.6938775510204082 LEADRGB { R = 198 G = 226 B = 220 } TRAILRGB { R = 198 G = 226 B = 220 } }
  CONTROLPOINT 9 { COLORMAPFRACTION = 0.7959183673469388 LEADRGB { R = 213 G = 231 B = 226 } TRAILRGB { R = 213 G = 231 B = 226 } }
  CONTROLPOINT 10 { COLORMAPFRACTION = 0.8979591836734694 LEADRGB { R = 231 G = 241 B = 236 } TRAILRGB { R = 231 G = 241 B = 236 } }
  CONTROLPOINT 11 { COLORMAPFRACTION = 1.0 LEADRGB { R = 246 G = 249 B = 243 } TRAILRGB { R = 246 G = 249 B = 243 } }
