#!MC 1410
# Flux Table colormap
$!CREATECOLORMAP
  NAME = 'FieldView - Simple Flux (simple_flux.col)'
  NUMCONTROLPOINTS = 11
  CONTROLPOINT 1 { COLORMAPFRACTION = 0.0 LEADRGB { R =   0 G =   0 B = 255 } TRAILRGB { R =   0 G =   0 B = 255 } }
  CONTROLPOINT 2 { COLORMAPFRACTION = 0.08163265306122448 LEADRGB { R =  83 G =   0 B = 255 } TRAILRGB { R =  83 G =   0 B = 255 } }
  CONTROLPOINT 3 { COLORMAPFRACTION = 0.1836734693877551 LEADRGB { R = 187 G =   0 B = 255 } TRAILRGB { R = 187 G =   0 B = 255 } }
  CONTROLPOINT 4 { COLORMAPFRACTION = 0.2857142857142857 LEADRGB { R = 255 G =   0 B = 219 } TRAILRGB { R = 255 G =   0 B = 219 } }
  CONTROLPOINT 5 { COLORMAPFRACTION = 0.3877551020408163 LEADRGB { R = 255 G =   0 B = 114 } TRAILRGB { R = 255 G =   0 B = 114 } }
  CONTROLPOINT 6 { COLORMAPFRACTION = 0.4897959183673469 LEADRGB { R = 255 G =   0 B =  10 } TRAILRGB { R = 255 G =   0 B =  10 } }
  CONTROLPOINT 7 { COLORMAPFRACTION = 0.5918367346938775 LEADRGB { R = 255 G =  71 B =   0 } TRAILRGB { R = 255 G =  71 B =   0 } }
  CONTROLPOINT 8 { COLORMAPFRACTION = 0.6938775510204082 LEADRGB { R = 255 G = 150 B =   0 } TRAILRGB { R = 255 G = 150 B =   0 } }
  CONTROLPOINT 9 { COLORMAPFRACTION = 0.7959183673469388 LEADRGB { R = 255 G = 229 B =   0 } TRAILRGB { R = 255 G = 229 B =   0 } }
  CONTROLPOINT 10 { COLORMAPFRACTION = 0.8979591836734694 LEADRGB { R = 255 G = 255 B = 102 } TRAILRGB { R = 255 G = 255 B = 102 } }
  CONTROLPOINT 11 { COLORMAPFRACTION = 1.0 LEADRGB { R = 255 G = 255 B = 255 } TRAILRGB { R = 255 G = 255 B = 255 } }
