#!MC 1410
# Working Test colormap
$!CREATECOLORMAP
  NAME = 'FieldView - Spectrum Diff Gray (spectrum_diff_grey.col)'
  NUMCONTROLPOINTS = 11
  CONTROLPOINT 1 { COLORMAPFRACTION = 0.0 LEADRGB { R =   3 G =   7 B =  75 } TRAILRGB { R =   3 G =   7 B =  75 } }
  CONTROLPOINT 2 { COLORMAPFRACTION = 0.08163265306122448 LEADRGB { R =  27 G =  32 B = 125 } TRAILRGB { R =  27 G =  32 B = 125 } }
  CONTROLPOINT 3 { COLORMAPFRACTION = 0.1836734693877551 LEADRGB { R =  66 G = 105 B = 191 } TRAILRGB { R =  66 G = 105 B = 191 } }
  CONTROLPOINT 4 { COLORMAPFRACTION = 0.2857142857142857 LEADRGB { R = 118 G = 177 B = 223 } TRAILRGB { R = 118 G = 177 B = 223 } }
  CONTROLPOINT 5 { COLORMAPFRACTION = 0.3877551020408163 LEADRGB { R = 179 G = 179 B = 179 } TRAILRGB { R = 179 G = 179 B = 179 } }
  CONTROLPOINT 6 { COLORMAPFRACTION = 0.4897959183673469 LEADRGB { R = 179 G = 179 B = 179 } TRAILRGB { R = 179 G = 179 B = 179 } }
  CONTROLPOINT 7 { COLORMAPFRACTION = 0.5918367346938775 LEADRGB { R = 149 G = 175 B = 101 } TRAILRGB { R = 149 G = 175 B = 101 } }
  CONTROLPOINT 8 { COLORMAPFRACTION = 0.6938775510204082 LEADRGB { R = 194 G = 195 B =  42 } TRAILRGB { R = 194 G = 195 B =  42 } }
  CONTROLPOINT 9 { COLORMAPFRACTION = 0.7959183673469388 LEADRGB { R = 241 G = 161 B =  14 } TRAILRGB { R = 241 G = 161 B =  14 } }
  CONTROLPOINT 10 { COLORMAPFRACTION = 0.8979591836734694 LEADRGB { R = 197 G =  27 B =   5 } TRAILRGB { R = 197 G =  27 B =   5 } }
  CONTROLPOINT 11 { COLORMAPFRACTION = 1.0 LEADRGB { R = 102 G =   8 B =   3 } TRAILRGB { R = 102 G =   8 B =   3 } }
