#!MC 1410
# Test colormap
$!CREATECOLORMAP
  NAME = 'FieldView - Steel Blue (steel_blue.col)'
  NUMCONTROLPOINTS = 11
  CONTROLPOINT 1 { COLORMAPFRACTION = 0.0 LEADRGB { R = 110 G = 128 B = 195 } TRAILRGB { R = 110 G = 128 B = 195 } }
  CONTROLPOINT 2 { COLORMAPFRACTION = 0.08163265306122448 LEADRGB { R =  58 G =  77 B = 114 } TRAILRGB { R =  58 G =  77 B = 114 } }
  CONTROLPOINT 3 { COLORMAPFRACTION = 0.1836734693877551 LEADRGB { R =  83 G = 100 B = 133 } TRAILRGB { R =  83 G = 100 B = 133 } }
  CONTROLPOINT 4 { COLORMAPFRACTION = 0.2857142857142857 LEADRGB { R = 121 G = 137 B = 184 } TRAILRGB { R = 121 G = 137 B = 184 } }
  CONTROLPOINT 5 { COLORMAPFRACTION = 0.3877551020408163 LEADRGB { R =  59 G =  82 B = 118 } TRAILRGB { R =  59 G =  82 B = 118 } }
  CONTROLPOINT 6 { COLORMAPFRACTION = 0.4897959183673469 LEADRGB { R = 167 G = 177 B = 212 } TRAILRGB { R = 167 G = 177 B = 212 } }
  CONTROLPOINT 7 { COLORMAPFRACTION = 0.5918367346938775 LEADRGB { R = 105 G = 127 B = 174 } TRAILRGB { R = 105 G = 127 B = 174 } }
  CONTROLPOINT 8 { COLORMAPFRACTION = 0.6938775510204082 LEADRGB { R = 143 G = 160 B = 195 } TRAILRGB { R = 143 G = 160 B = 195 } }
  CONTROLPOINT 9 { COLORMAPFRACTION = 0.7959183673469388 LEADRGB { R = 179 G = 193 B = 226 } TRAILRGB { R = 179 G = 193 B = 226 } }
  CONTROLPOINT 10 { COLORMAPFRACTION = 0.8979591836734694 LEADRGB { R = 108 G = 136 B = 196 } TRAILRGB { R = 108 G = 136 B = 196 } }
  CONTROLPOINT 11 { COLORMAPFRACTION = 1.0 LEADRGB { R = 241 G = 244 B = 250 } TRAILRGB { R = 241 G = 244 B = 250 } }
