#!MC 1410
# Riso Color Map 1 colormap
$!CREATECOLORMAP
  NAME = 'FieldView - Teal Black Gradient (tealblack_gradient.col)'
  NUMCONTROLPOINTS = 11
  CONTROLPOINT 1 { COLORMAPFRACTION = 0.0 LEADRGB { R =   0 G = 168 B = 181 } TRAILRGB { R =   0 G = 168 B = 181 } }
  CONTROLPOINT 2 { COLORMAPFRACTION = 0.08163265306122448 LEADRGB { R =   0 G = 155 B = 166 } TRAILRGB { R =   0 G = 155 B = 166 } }
  CONTROLPOINT 3 { COLORMAPFRACTION = 0.1836734693877551 LEADRGB { R =   0 G = 137 B = 148 } TRAILRGB { R =   0 G = 137 B = 148 } }
  CONTROLPOINT 4 { COLORMAPFRACTION = 0.2857142857142857 LEADRGB { R =   0 G = 120 B = 129 } TRAILRGB { R =   0 G = 120 B = 129 } }
  CONTROLPOINT 5 { COLORMAPFRACTION = 0.3877551020408163 LEADRGB { R =   0 G = 103 B = 111 } TRAILRGB { R =   0 G = 103 B = 111 } }
  CONTROLPOINT 6 { COLORMAPFRACTION = 0.4897959183673469 LEADRGB { R =   0 G =  86 B =  92 } TRAILRGB { R =   0 G =  86 B =  92 } }
  CONTROLPOINT 7 { COLORMAPFRACTION = 0.5918367346938775 LEADRGB { R =   0 G =  69 B =  74 } TRAILRGB { R =   0 G =  69 B =  74 } }
  CONTROLPOINT 8 { COLORMAPFRACTION = 0.6938775510204082 LEADRGB { R =   0 G =  52 B =  55 } TRAILRGB { R =   0 G =  52 B =  55 } }
  CONTROLPOINT 9 { COLORMAPFRACTION = 0.7959183673469388 LEADRGB { R =   0 G =  34 B =  37 } TRAILRGB { R =   0 G =  34 B =  37 } }
  CONTROLPOINT 10 { COLORMAPFRACTION = 0.8979591836734694 LEADRGB { R =   0 G =  17 B =  18 } TRAILRGB { R =   0 G =  17 B =  18 } }
  CONTROLPOINT 11 { COLORMAPFRACTION = 1.0 LEADRGB { R =   0 G =   0 B =   0 } TRAILRGB { R =   0 G =   0 B =   0 } }
