#!MC 1410
# Viridis colormap
$!CREATECOLORMAP
  NAME = 'FieldView - viridis (viridis.col)'
  NUMCONTROLPOINTS = 11
  CONTROLPOINT 1 { COLORMAPFRACTION = 0.0 LEADRGB { R =  68 G =   1 B =  84 } TRAILRGB { R =  68 G =   1 B =  84 } }
  CONTROLPOINT 2 { COLORMAPFRACTION = 0.08163265306122448 LEADRGB { R =  72 G =  31 B = 112 } TRAILRGB { R =  72 G =  31 B = 112 } }
  CONTROLPOINT 3 { COLORMAPFRACTION = 0.1836734693877551 LEADRGB { R =  67 G =  63 B = 133 } TRAILRGB { R =  67 G =  63 B = 133 } }
  CONTROLPOINT 4 { COLORMAPFRACTION = 0.2857142857142857 LEADRGB { R =  54 G =  92 B = 141 } TRAILRGB { R =  54 G =  92 B = 141 } }
  CONTROLPOINT 5 { COLORMAPFRACTION = 0.3877551020408163 LEADRGB { R =  43 G = 117 B = 142 } TRAILRGB { R =  43 G = 117 B = 142 } }
  CONTROLPOINT 6 { COLORMAPFRACTION = 0.4897959183673469 LEADRGB { R =  33 G = 142 B = 141 } TRAILRGB { R =  33 G = 142 B = 141 } }
  CONTROLPOINT 7 { COLORMAPFRACTION = 0.5918367346938775 LEADRGB { R =  33 G = 166 B = 133 } TRAILRGB { R =  33 G = 166 B = 133 } }
  CONTROLPOINT 8 { COLORMAPFRACTION = 0.6938775510204082 LEADRGB { R =  64 G = 189 B = 114 } TRAILRGB { R =  64 G = 189 B = 114 } }
  CONTROLPOINT 9 { COLORMAPFRACTION = 0.7959183673469388 LEADRGB { R = 119 G = 209 B =  83 } TRAILRGB { R = 119 G = 209 B =  83 } }
  CONTROLPOINT 10 { COLORMAPFRACTION = 0.8979591836734694 LEADRGB { R = 186 G = 222 B =  40 } TRAILRGB { R = 186 G = 222 B =  40 } }
  CONTROLPOINT 11 { COLORMAPFRACTION = 1.0 LEADRGB { R = 253 G = 231 B =  37 } TRAILRGB { R = 253 G = 231 B =  37 } }
