#!MC 1410
$!CREATECOLORMAP
  NAME = 'paraview - Green 1 / Green 8 / Blue 11 / Blue 3'
  NUMCONTROLPOINTS = 48
  CONTROLPOINT 1 {COLORMAPFRACTION = 0.000000 LEADRGB {R=255 G=251 B=230} TRAILRGB {R=255 G=251 B=230}}
  CONTROLPOINT 2 {COLORMAPFRACTION = 0.004988 LEADRGB {R=244 G=242 B=170} TRAILRGB {R=244 G=242 B=170}}
  CONTROLPOINT 3 {COLORMAPFRACTION = 0.009976 LEADRGB {R=226 G=235 B=135} TRAILRGB {R=226 G=235 B=135}}
  CONTROLPOINT 4 {COLORMAPFRACTION = 0.019951 LEADRGB {R=170 G=214 B=75} TRAILRGB {R=170 G=214 B=75}}
  CONTROLPOINT 5 {COLORMAPFRACTION = 0.024939 LEADRGB {R=142 G=204 B=61} TRAILRGB {R=142 G=204 B=61}}
  CONTROLPOINT 6 {COLORMAPFRACTION = 0.034914 LEADRGB {R=80 G=184 B=28} TRAILRGB {R=80 G=184 B=28}}
  CONTROLPOINT 7 {COLORMAPFRACTION = 0.039902 LEADRGB {R=54 G=172 B=21} TRAILRGB {R=54 G=172 B=21}}
  CONTROLPOINT 8 {COLORMAPFRACTION = 0.049878 LEADRGB {R=21 G=149 B=21} TRAILRGB {R=21 G=149 B=21}}
  CONTROLPOINT 9 {COLORMAPFRACTION = 0.054865 LEADRGB {R=28 G=140 B=38} TRAILRGB {R=28 G=140 B=38}}
  CONTROLPOINT 10 {COLORMAPFRACTION = 0.064841 LEADRGB {R=29 G=124 B=61} TRAILRGB {R=29 G=124 B=61}}
  CONTROLPOINT 11 {COLORMAPFRACTION = 0.069829 LEADRGB {R=29 G=114 B=68} TRAILRGB {R=29 G=114 B=68}}
  CONTROLPOINT 12 {COLORMAPFRACTION = 0.079804 LEADRGB {R=28 G=89 B=70} TRAILRGB {R=28 G=89 B=70}}
  CONTROLPOINT 13 {COLORMAPFRACTION = 0.084792 LEADRGB {R=24 G=70 B=63} TRAILRGB {R=24 G=70 B=63}}
  CONTROLPOINT 14 {COLORMAPFRACTION = 0.094768 LEADRGB {R=19 G=43 B=45} TRAILRGB {R=19 G=43 B=45}}
  CONTROLPOINT 15 {COLORMAPFRACTION = 0.099755 LEADRGB {R=14 G=28 B=31} TRAILRGB {R=14 G=28 B=31}}
  CONTROLPOINT 16 {COLORMAPFRACTION = 0.119681 LEADRGB {R=98 G=107 B=107} TRAILRGB {R=98 G=107 B=107}}
  CONTROLPOINT 17 {COLORMAPFRACTION = 0.139597 LEADRGB {R=100 G=112 B=110} TRAILRGB {R=100 G=112 B=110}}
  CONTROLPOINT 18 {COLORMAPFRACTION = 0.179428 LEADRGB {R=105 G=121 B=117} TRAILRGB {R=105 G=121 B=117}}
  CONTROLPOINT 19 {COLORMAPFRACTION = 0.199344 LEADRGB {R=107 G=128 B=121} TRAILRGB {R=107 G=128 B=121}}
  CONTROLPOINT 20 {COLORMAPFRACTION = 0.239175 LEADRGB {R=119 G=140 B=130} TRAILRGB {R=119 G=140 B=130}}
  CONTROLPOINT 21 {COLORMAPFRACTION = 0.259091 LEADRGB {R=126 G=147 B=135} TRAILRGB {R=126 G=147 B=135}}
  CONTROLPOINT 22 {COLORMAPFRACTION = 0.298922 LEADRGB {R=145 G=168 B=151} TRAILRGB {R=145 G=168 B=151}}
  CONTROLPOINT 23 {COLORMAPFRACTION = 0.318837 LEADRGB {R=154 G=179 B=158} TRAILRGB {R=154 G=179 B=158}}
  CONTROLPOINT 24 {COLORMAPFRACTION = 0.358669 LEADRGB {R=175 G=198 B=175} TRAILRGB {R=175 G=198 B=175}}
  CONTROLPOINT 25 {COLORMAPFRACTION = 0.378584 LEADRGB {R=188 G=209 B=186} TRAILRGB {R=188 G=209 B=186}}
  CONTROLPOINT 26 {COLORMAPFRACTION = 0.418416 LEADRGB {R=209 G=226 B=204} TRAILRGB {R=209 G=226 B=204}}
  CONTROLPOINT 27 {COLORMAPFRACTION = 0.438331 LEADRGB {R=221 G=235 B=212} TRAILRGB {R=221 G=235 B=212}}
  CONTROLPOINT 28 {COLORMAPFRACTION = 0.458247 LEADRGB {R=230 G=242 B=223} TRAILRGB {R=230 G=242 B=223}}
  CONTROLPOINT 29 {COLORMAPFRACTION = 0.498078 LEADRGB {R=255 G=255 B=255} TRAILRGB {R=249 G=255 B=242}}
  CONTROLPOINT 30 {COLORMAPFRACTION = 0.538286 LEADRGB {R=207 G=228 B=242} TRAILRGB {R=207 G=228 B=242}}
  CONTROLPOINT 31 {COLORMAPFRACTION = 0.578485 LEADRGB {R=188 G=209 B=226} TRAILRGB {R=188 G=209 B=226}}
  CONTROLPOINT 32 {COLORMAPFRACTION = 0.658881 LEADRGB {R=153 G=170 B=188} TRAILRGB {R=153 G=170 B=188}}
  CONTROLPOINT 33 {COLORMAPFRACTION = 0.699079 LEADRGB {R=137 G=153 B=168} TRAILRGB {R=137 G=153 B=168}}
  CONTROLPOINT 34 {COLORMAPFRACTION = 0.779475 LEADRGB {R=110 G=121 B=133} TRAILRGB {R=110 G=121 B=133}}
  CONTROLPOINT 35 {COLORMAPFRACTION = 0.819674 LEADRGB {R=105 G=112 B=121} TRAILRGB {R=105 G=112 B=121}}
  CONTROLPOINT 36 {COLORMAPFRACTION = 0.900070 LEADRGB {R=33 G=15 B=77} TRAILRGB {R=96 G=100 B=102}}
  CONTROLPOINT 37 {COLORMAPFRACTION = 0.910072 LEADRGB {R=38 G=28 B=128} TRAILRGB {R=38 G=28 B=128}}
  CONTROLPOINT 38 {COLORMAPFRACTION = 0.915068 LEADRGB {R=28 G=28 B=140} TRAILRGB {R=28 G=28 B=140}}
  CONTROLPOINT 39 {COLORMAPFRACTION = 0.925060 LEADRGB {R=22 G=42 B=163} TRAILRGB {R=22 G=42 B=163}}
  CONTROLPOINT 40 {COLORMAPFRACTION = 0.930056 LEADRGB {R=21 G=54 B=172} TRAILRGB {R=21 G=54 B=172}}
  CONTROLPOINT 41 {COLORMAPFRACTION = 0.940048 LEADRGB {R=22 G=79 B=186} TRAILRGB {R=22 G=79 B=186}}
  CONTROLPOINT 42 {COLORMAPFRACTION = 0.955036 LEADRGB {R=22 G=93 B=191} TRAILRGB {R=22 G=93 B=191}}
  CONTROLPOINT 43 {COLORMAPFRACTION = 0.965028 LEADRGB {R=43 G=128 B=200} TRAILRGB {R=43 G=128 B=200}}
  CONTROLPOINT 44 {COLORMAPFRACTION = 0.970024 LEADRGB {R=58 G=147 B=207} TRAILRGB {R=58 G=147 B=207}}
  CONTROLPOINT 45 {COLORMAPFRACTION = 0.980016 LEADRGB {R=86 G=179 B=216} TRAILRGB {R=86 G=179 B=216}}
  CONTROLPOINT 46 {COLORMAPFRACTION = 0.985012 LEADRGB {R=102 G=198 B=221} TRAILRGB {R=102 G=198 B=221}}
  CONTROLPOINT 47 {COLORMAPFRACTION = 0.995004 LEADRGB {R=142 G=233 B=237} TRAILRGB {R=142 G=233 B=237}}
  CONTROLPOINT 48 {COLORMAPFRACTION = 0.998002 LEADRGB {R=163 G=246 B=244} TRAILRGB {R=163 G=246 B=244}}
