#!MC 1410
$!CREATECOLORMAP
  NAME = 'paraview - 8'
  NUMCONTROLPOINTS = 49
  CONTROLPOINT 1 {COLORMAPFRACTION = 0.000000 LEADRGB {R=197 G=242 B=235} TRAILRGB {R=197 G=242 B=235}}
  CONTROLPOINT 2 {COLORMAPFRACTION = 0.015075 LEADRGB {R=185 G=236 B=233} TRAILRGB {R=185 G=236 B=233}}
  CONTROLPOINT 3 {COLORMAPFRACTION = 0.035176 LEADRGB {R=170 G=225 B=227} TRAILRGB {R=170 G=225 B=227}}
  CONTROLPOINT 4 {COLORMAPFRACTION = 0.055276 LEADRGB {R=158 G=211 B=217} TRAILRGB {R=158 G=211 B=217}}
  CONTROLPOINT 5 {COLORMAPFRACTION = 0.075743 LEADRGB {R=146 G=197 B=208} TRAILRGB {R=146 G=197 B=208}}
  CONTROLPOINT 6 {COLORMAPFRACTION = 0.100503 LEADRGB {R=132 G=178 B=194} TRAILRGB {R=132 G=178 B=194}}
  CONTROLPOINT 7 {COLORMAPFRACTION = 0.120603 LEADRGB {R=118 G=161 B=182} TRAILRGB {R=118 G=161 B=182}}
  CONTROLPOINT 8 {COLORMAPFRACTION = 0.140704 LEADRGB {R=107 G=147 B=171} TRAILRGB {R=107 G=147 B=171}}
  CONTROLPOINT 9 {COLORMAPFRACTION = 0.160804 LEADRGB {R=96 G=133 B=161} TRAILRGB {R=96 G=133 B=161}}
  CONTROLPOINT 10 {COLORMAPFRACTION = 0.180905 LEADRGB {R=85 G=118 B=150} TRAILRGB {R=85 G=118 B=150}}
  CONTROLPOINT 11 {COLORMAPFRACTION = 0.201005 LEADRGB {R=73 G=101 B=140} TRAILRGB {R=73 G=101 B=140}}
  CONTROLPOINT 12 {COLORMAPFRACTION = 0.216080 LEADRGB {R=65 G=87 B=134} TRAILRGB {R=65 G=87 B=134}}
  CONTROLPOINT 13 {COLORMAPFRACTION = 0.236181 LEADRGB {R=54 G=69 B=126} TRAILRGB {R=54 G=69 B=126}}
  CONTROLPOINT 14 {COLORMAPFRACTION = 0.252478 LEADRGB {R=41 G=53 B=117} TRAILRGB {R=41 G=53 B=117}}
  CONTROLPOINT 15 {COLORMAPFRACTION = 0.271357 LEADRGB {R=77 G=98 B=19} TRAILRGB {R=77 G=98 B=19}}
  CONTROLPOINT 16 {COLORMAPFRACTION = 0.291457 LEADRGB {R=85 G=111 B=25} TRAILRGB {R=85 G=111 B=25}}
  CONTROLPOINT 17 {COLORMAPFRACTION = 0.311558 LEADRGB {R=93 G=124 B=32} TRAILRGB {R=93 G=124 B=32}}
  CONTROLPOINT 18 {COLORMAPFRACTION = 0.331658 LEADRGB {R=103 G=138 B=40} TRAILRGB {R=103 G=138 B=40}}
  CONTROLPOINT 19 {COLORMAPFRACTION = 0.351759 LEADRGB {R=115 G=153 B=49} TRAILRGB {R=115 G=153 B=49}}
  CONTROLPOINT 20 {COLORMAPFRACTION = 0.376263 LEADRGB {R=128 G=171 B=62} TRAILRGB {R=128 G=171 B=62}}
  CONTROLPOINT 21 {COLORMAPFRACTION = 0.396985 LEADRGB {R=140 G=181 B=76} TRAILRGB {R=140 G=181 B=76}}
  CONTROLPOINT 22 {COLORMAPFRACTION = 0.417085 LEADRGB {R=151 G=191 B=91} TRAILRGB {R=151 G=191 B=91}}
  CONTROLPOINT 23 {COLORMAPFRACTION = 0.437186 LEADRGB {R=161 G=200 B=106} TRAILRGB {R=161 G=200 B=106}}
  CONTROLPOINT 24 {COLORMAPFRACTION = 0.457286 LEADRGB {R=171 G=210 B=122} TRAILRGB {R=171 G=210 B=122}}
  CONTROLPOINT 25 {COLORMAPFRACTION = 0.477387 LEADRGB {R=184 G=219 B=141} TRAILRGB {R=184 G=219 B=141}}
  CONTROLPOINT 26 {COLORMAPFRACTION = 0.497487 LEADRGB {R=203 G=230 B=165} TRAILRGB {R=203 G=230 B=165}}
  CONTROLPOINT 27 {COLORMAPFRACTION = 0.512563 LEADRGB {R=235 G=229 B=162} TRAILRGB {R=235 G=229 B=162}}
  CONTROLPOINT 28 {COLORMAPFRACTION = 0.532663 LEADRGB {R=233 G=224 B=146} TRAILRGB {R=233 G=224 B=146}}
  CONTROLPOINT 29 {COLORMAPFRACTION = 0.552764 LEADRGB {R=231 G=218 B=131} TRAILRGB {R=231 G=218 B=131}}
  CONTROLPOINT 30 {COLORMAPFRACTION = 0.597990 LEADRGB {R=226 G=204 B=104} TRAILRGB {R=226 G=204 B=104}}
  CONTROLPOINT 31 {COLORMAPFRACTION = 0.618090 LEADRGB {R=222 G=196 B=92} TRAILRGB {R=222 G=196 B=92}}
  CONTROLPOINT 32 {COLORMAPFRACTION = 0.638191 LEADRGB {R=218 G=189 B=83} TRAILRGB {R=218 G=189 B=83}}
  CONTROLPOINT 33 {COLORMAPFRACTION = 0.658291 LEADRGB {R=215 G=181 B=77} TRAILRGB {R=215 G=181 B=77}}
  CONTROLPOINT 34 {COLORMAPFRACTION = 0.678392 LEADRGB {R=212 G=174 B=71} TRAILRGB {R=212 G=174 B=71}}
  CONTROLPOINT 35 {COLORMAPFRACTION = 0.703501 LEADRGB {R=208 G=166 B=66} TRAILRGB {R=208 G=166 B=66}}
  CONTROLPOINT 36 {COLORMAPFRACTION = 0.723618 LEADRGB {R=205 G=158 B=62} TRAILRGB {R=205 G=158 B=62}}
  CONTROLPOINT 37 {COLORMAPFRACTION = 0.743719 LEADRGB {R=203 G=151 B=58} TRAILRGB {R=203 G=151 B=58}}
  CONTROLPOINT 38 {COLORMAPFRACTION = 0.758794 LEADRGB {R=180 G=87 B=50} TRAILRGB {R=180 G=87 B=50}}
  CONTROLPOINT 39 {COLORMAPFRACTION = 0.778894 LEADRGB {R=186 G=88 B=54} TRAILRGB {R=186 G=88 B=54}}
  CONTROLPOINT 40 {COLORMAPFRACTION = 0.798995 LEADRGB {R=190 G=91 B=60} TRAILRGB {R=190 G=91 B=60}}
  CONTROLPOINT 41 {COLORMAPFRACTION = 0.819095 LEADRGB {R=196 G=95 B=67} TRAILRGB {R=196 G=95 B=67}}
  CONTROLPOINT 42 {COLORMAPFRACTION = 0.839196 LEADRGB {R=201 G=104 B=78} TRAILRGB {R=201 G=104 B=78}}
  CONTROLPOINT 43 {COLORMAPFRACTION = 0.859296 LEADRGB {R=207 G=115 B=90} TRAILRGB {R=207 G=115 B=90}}
  CONTROLPOINT 44 {COLORMAPFRACTION = 0.879397 LEADRGB {R=213 G=126 B=101} TRAILRGB {R=213 G=126 B=101}}
  CONTROLPOINT 45 {COLORMAPFRACTION = 0.901750 LEADRGB {R=220 G=138 B=115} TRAILRGB {R=220 G=138 B=115}}
  CONTROLPOINT 46 {COLORMAPFRACTION = 0.924623 LEADRGB {R=226 G=150 B=130} TRAILRGB {R=226 G=150 B=130}}
  CONTROLPOINT 47 {COLORMAPFRACTION = 0.944724 LEADRGB {R=230 G=157 B=141} TRAILRGB {R=230 G=157 B=141}}
  CONTROLPOINT 48 {COLORMAPFRACTION = 0.964824 LEADRGB {R=236 G=168 B=154} TRAILRGB {R=236 G=168 B=154}}
  CONTROLPOINT 49 {COLORMAPFRACTION = 0.984925 LEADRGB {R=243 G=184 B=174} TRAILRGB {R=243 G=184 B=174}}
