#!MC 1410
$!CREATECOLORMAP
  NAME = 'paraview - Cool to Warm'
  NUMCONTROLPOINTS = 3
  CONTROLPOINT 1 {COLORMAPFRACTION = 0.000000 LEADRGB {R=59 G=75 B=192} TRAILRGB {R=59 G=75 B=192}}
  CONTROLPOINT 2 {COLORMAPFRACTION = 0.500000 LEADRGB {R=220 G=220 B=220} TRAILRGB {R=220 G=220 B=220}}
  CONTROLPOINT 3 {COLORMAPFRACTION = 1.000000 LEADRGB {R=179 G=3 B=37} TRAILRGB {R=179 G=3 B=37}}
$!CREATECOLORMAP
  NAME = 'paraview - Cool to Warm (Extended)'
  NUMCONTROLPOINTS = 34
  CONTROLPOINT 1 {COLORMAPFRACTION = 0.000000 LEADRGB {R=0 G=0 B=89} TRAILRGB {R=0 G=0 B=89}}
  CONTROLPOINT 2 {COLORMAPFRACTION = 0.031250 LEADRGB {R=10 G=15 B=96} TRAILRGB {R=10 G=15 B=96}}
  CONTROLPOINT 3 {COLORMAPFRACTION = 0.062500 LEADRGB {R=15 G=29 B=105} TRAILRGB {R=15 G=29 B=105}}
  CONTROLPOINT 4 {COLORMAPFRACTION = 0.093750 LEADRGB {R=22 G=47 B=114} TRAILRGB {R=22 G=47 B=114}}
  CONTROLPOINT 5 {COLORMAPFRACTION = 0.125000 LEADRGB {R=31 G=66 B=128} TRAILRGB {R=31 G=66 B=128}}
  CONTROLPOINT 6 {COLORMAPFRACTION = 0.156250 LEADRGB {R=40 G=86 B=137} TRAILRGB {R=40 G=86 B=137}}
  CONTROLPOINT 7 {COLORMAPFRACTION = 0.187500 LEADRGB {R=51 G=100 B=144} TRAILRGB {R=51 G=100 B=144}}
  CONTROLPOINT 8 {COLORMAPFRACTION = 0.218750 LEADRGB {R=61 G=116 B=153} TRAILRGB {R=61 G=116 B=153}}
  CONTROLPOINT 9 {COLORMAPFRACTION = 0.250000 LEADRGB {R=73 G=133 B=165} TRAILRGB {R=73 G=133 B=165}}
  CONTROLPOINT 10 {COLORMAPFRACTION = 0.281250 LEADRGB {R=86 G=151 B=179} TRAILRGB {R=86 G=151 B=179}}
  CONTROLPOINT 11 {COLORMAPFRACTION = 0.312500 LEADRGB {R=98 G=167 B=191} TRAILRGB {R=98 G=167 B=191}}
  CONTROLPOINT 12 {COLORMAPFRACTION = 0.343750 LEADRGB {R=119 G=188 B=209} TRAILRGB {R=119 G=188 B=209}}
  CONTROLPOINT 13 {COLORMAPFRACTION = 0.375000 LEADRGB {R=145 G=209 B=223} TRAILRGB {R=145 G=209 B=223}}
  CONTROLPOINT 14 {COLORMAPFRACTION = 0.406250 LEADRGB {R=167 G=221 B=232} TRAILRGB {R=167 G=221 B=232}}
  CONTROLPOINT 15 {COLORMAPFRACTION = 0.437500 LEADRGB {R=191 G=233 B=239} TRAILRGB {R=191 G=233 B=239}}
  CONTROLPOINT 16 {COLORMAPFRACTION = 0.468750 LEADRGB {R=209 G=244 B=246} TRAILRGB {R=209 G=244 B=246}}
  CONTROLPOINT 17 {COLORMAPFRACTION = 0.500000 LEADRGB {R=239 G=251 B=251} TRAILRGB {R=251 G=244 B=230}}
  CONTROLPOINT 18 {COLORMAPFRACTION = 0.520000 LEADRGB {R=251 G=240 B=216} TRAILRGB {R=251 G=240 B=216}}
  CONTROLPOINT 19 {COLORMAPFRACTION = 0.540000 LEADRGB {R=249 G=228 B=200} TRAILRGB {R=249 G=228 B=200}}
  CONTROLPOINT 20 {COLORMAPFRACTION = 0.562500 LEADRGB {R=246 G=212 B=177} TRAILRGB {R=246 G=212 B=177}}
  CONTROLPOINT 21 {COLORMAPFRACTION = 0.593750 LEADRGB {R=242 G=186 B=149} TRAILRGB {R=242 G=186 B=149}}
  CONTROLPOINT 22 {COLORMAPFRACTION = 0.625000 LEADRGB {R=237 G=165 B=130} TRAILRGB {R=237 G=165 B=130}}
  CONTROLPOINT 23 {COLORMAPFRACTION = 0.656250 LEADRGB {R=232 G=144 B=110} TRAILRGB {R=232 G=144 B=110}}
  CONTROLPOINT 24 {COLORMAPFRACTION = 0.687500 LEADRGB {R=223 G=117 B=89} TRAILRGB {R=223 G=117 B=89}}
  CONTROLPOINT 25 {COLORMAPFRACTION = 0.718750 LEADRGB {R=214 G=98 B=73} TRAILRGB {R=214 G=98 B=73}}
  CONTROLPOINT 26 {COLORMAPFRACTION = 0.750000 LEADRGB {R=193 G=75 B=54} TRAILRGB {R=193 G=75 B=54}}
  CONTROLPOINT 27 {COLORMAPFRACTION = 0.781250 LEADRGB {R=179 G=54 B=42} TRAILRGB {R=179 G=54 B=42}}
  CONTROLPOINT 28 {COLORMAPFRACTION = 0.812500 LEADRGB {R=165 G=40 B=33} TRAILRGB {R=165 G=40 B=33}}
  CONTROLPOINT 29 {COLORMAPFRACTION = 0.843750 LEADRGB {R=153 G=24 B=24} TRAILRGB {R=153 G=24 B=24}}
  CONTROLPOINT 30 {COLORMAPFRACTION = 0.875000 LEADRGB {R=140 G=17 B=24} TRAILRGB {R=140 G=17 B=24}}
  CONTROLPOINT 31 {COLORMAPFRACTION = 0.906250 LEADRGB {R=128 G=12 B=31} TRAILRGB {R=128 G=12 B=31}}
  CONTROLPOINT 32 {COLORMAPFRACTION = 0.937500 LEADRGB {R=114 G=14 B=43} TRAILRGB {R=114 G=14 B=43}}
  CONTROLPOINT 33 {COLORMAPFRACTION = 0.968750 LEADRGB {R=102 G=14 B=49} TRAILRGB {R=102 G=14 B=49}}
  CONTROLPOINT 34 {COLORMAPFRACTION = 1.000000 LEADRGB {R=89 G=17 B=54} TRAILRGB {R=89 G=17 B=54}}
$!CREATECOLORMAP
  NAME = 'paraview - Black-Body Radiation'
  NUMCONTROLPOINTS = 4
  CONTROLPOINT 1 {COLORMAPFRACTION = 0.000000 LEADRGB {R=0 G=0 B=0} TRAILRGB {R=0 G=0 B=0}}
  CONTROLPOINT 2 {COLORMAPFRACTION = 0.400000 LEADRGB {R=230 G=0 B=0} TRAILRGB {R=230 G=0 B=0}}
  CONTROLPOINT 3 {COLORMAPFRACTION = 0.800000 LEADRGB {R=230 G=230 B=0} TRAILRGB {R=230 G=230 B=0}}
  CONTROLPOINT 4 {COLORMAPFRACTION = 1.000000 LEADRGB {R=255 G=255 B=255} TRAILRGB {R=255 G=255 B=255}}
$!CREATECOLORMAP
  NAME = 'paraview - X Ray'
  NUMCONTROLPOINTS = 2
  CONTROLPOINT 1 {COLORMAPFRACTION = 0.000000 LEADRGB {R=255 G=255 B=255} TRAILRGB {R=255 G=255 B=255}}
  CONTROLPOINT 2 {COLORMAPFRACTION = 1.000000 LEADRGB {R=0 G=0 B=0} TRAILRGB {R=0 G=0 B=0}}
$!CREATECOLORMAP
  NAME = 'paraview - Inferno (matplotlib)'
  NUMCONTROLPOINTS = 49
  CONTROLPOINT 1 {COLORMAPFRACTION = 0.000000 LEADRGB {R=0 G=0 B=3} TRAILRGB {R=0 G=0 B=3}}
  CONTROLPOINT 2 {COLORMAPFRACTION = 0.019608 LEADRGB {R=1 G=1 B=11} TRAILRGB {R=1 G=1 B=11}}
  CONTROLPOINT 3 {COLORMAPFRACTION = 0.039216 LEADRGB {R=4 G=3 B=22} TRAILRGB {R=4 G=3 B=22}}
  CONTROLPOINT 4 {COLORMAPFRACTION = 0.058824 LEADRGB {R=9 G=6 B=33} TRAILRGB {R=9 G=6 B=33}}
  CONTROLPOINT 5 {COLORMAPFRACTION = 0.078431 LEADRGB {R=15 G=9 B=45} TRAILRGB {R=15 G=9 B=45}}
  CONTROLPOINT 6 {COLORMAPFRACTION = 0.098039 LEADRGB {R=22 G=11 B=57} TRAILRGB {R=22 G=11 B=57}}
  CONTROLPOINT 7 {COLORMAPFRACTION = 0.117647 LEADRGB {R=29 G=12 B=69} TRAILRGB {R=29 G=12 B=69}}
  CONTROLPOINT 8 {COLORMAPFRACTION = 0.137255 LEADRGB {R=38 G=11 B=80} TRAILRGB {R=38 G=11 B=80}}
  CONTROLPOINT 9 {COLORMAPFRACTION = 0.156863 LEADRGB {R=46 G=10 B=90} TRAILRGB {R=46 G=10 B=90}}
  CONTROLPOINT 10 {COLORMAPFRACTION = 0.180392 LEADRGB {R=57 G=9 B=98} TRAILRGB {R=57 G=9 B=98}}
  CONTROLPOINT 11 {COLORMAPFRACTION = 0.200000 LEADRGB {R=65 G=9 B=103} TRAILRGB {R=65 G=9 B=103}}
  CONTROLPOINT 12 {COLORMAPFRACTION = 0.219608 LEADRGB {R=74 G=11 B=106} TRAILRGB {R=74 G=11 B=106}}
  CONTROLPOINT 13 {COLORMAPFRACTION = 0.239216 LEADRGB {R=82 G=14 B=108} TRAILRGB {R=82 G=14 B=108}}
  CONTROLPOINT 14 {COLORMAPFRACTION = 0.258824 LEADRGB {R=90 G=17 B=109} TRAILRGB {R=90 G=17 B=109}}
  CONTROLPOINT 15 {COLORMAPFRACTION = 0.278431 LEADRGB {R=98 G=20 B=110} TRAILRGB {R=98 G=20 B=110}}
  CONTROLPOINT 16 {COLORMAPFRACTION = 0.298039 LEADRGB {R=106 G=23 B=110} TRAILRGB {R=106 G=23 B=110}}
  CONTROLPOINT 17 {COLORMAPFRACTION = 0.317647 LEADRGB {R=114 G=25 B=109} TRAILRGB {R=114 G=25 B=109}}
  CONTROLPOINT 18 {COLORMAPFRACTION = 0.341176 LEADRGB {R=123 G=29 B=108} TRAILRGB {R=123 G=29 B=108}}
  CONTROLPOINT 19 {COLORMAPFRACTION = 0.360784 LEADRGB {R=131 G=32 B=107} TRAILRGB {R=131 G=32 B=107}}
  CONTROLPOINT 20 {COLORMAPFRACTION = 0.380392 LEADRGB {R=139 G=34 B=105} TRAILRGB {R=139 G=34 B=105}}
  CONTROLPOINT 21 {COLORMAPFRACTION = 0.400000 LEADRGB {R=147 G=37 B=103} TRAILRGB {R=147 G=37 B=103}}
  CONTROLPOINT 22 {COLORMAPFRACTION = 0.419608 LEADRGB {R=155 G=40 B=100} TRAILRGB {R=155 G=40 B=100}}
  CONTROLPOINT 23 {COLORMAPFRACTION = 0.439216 LEADRGB {R=163 G=43 B=97} TRAILRGB {R=163 G=43 B=97}}
  CONTROLPOINT 24 {COLORMAPFRACTION = 0.458824 LEADRGB {R=171 G=46 B=93} TRAILRGB {R=171 G=46 B=93}}
  CONTROLPOINT 25 {COLORMAPFRACTION = 0.478431 LEADRGB {R=178 G=50 B=89} TRAILRGB {R=178 G=50 B=89}}
  CONTROLPOINT 26 {COLORMAPFRACTION = 0.501961 LEADRGB {R=187 G=55 B=84} TRAILRGB {R=187 G=55 B=84}}
  CONTROLPOINT 27 {COLORMAPFRACTION = 0.521569 LEADRGB {R=194 G=59 B=79} TRAILRGB {R=194 G=59 B=79}}
  CONTROLPOINT 28 {COLORMAPFRACTION = 0.541176 LEADRGB {R=201 G=63 B=74} TRAILRGB {R=201 G=63 B=74}}
  CONTROLPOINT 29 {COLORMAPFRACTION = 0.560784 LEADRGB {R=208 G=69 B=68} TRAILRGB {R=208 G=69 B=68}}
  CONTROLPOINT 30 {COLORMAPFRACTION = 0.600000 LEADRGB {R=220 G=80 B=57} TRAILRGB {R=220 G=80 B=57}}
  CONTROLPOINT 31 {COLORMAPFRACTION = 0.619608 LEADRGB {R=226 G=87 B=51} TRAILRGB {R=226 G=87 B=51}}
  CONTROLPOINT 32 {COLORMAPFRACTION = 0.639216 LEADRGB {R=230 G=94 B=45} TRAILRGB {R=230 G=94 B=45}}
  CONTROLPOINT 33 {COLORMAPFRACTION = 0.658824 LEADRGB {R=235 G=101 B=39} TRAILRGB {R=235 G=101 B=39}}
  CONTROLPOINT 34 {COLORMAPFRACTION = 0.682353 LEADRGB {R=240 G=111 B=31} TRAILRGB {R=240 G=111 B=31}}
  CONTROLPOINT 35 {COLORMAPFRACTION = 0.701961 LEADRGB {R=243 G=119 B=25} TRAILRGB {R=243 G=119 B=25}}
  CONTROLPOINT 36 {COLORMAPFRACTION = 0.721569 LEADRGB {R=246 G=128 B=18} TRAILRGB {R=246 G=128 B=18}}
  CONTROLPOINT 37 {COLORMAPFRACTION = 0.741176 LEADRGB {R=248 G=136 B=12} TRAILRGB {R=248 G=136 B=12}}
  CONTROLPOINT 38 {COLORMAPFRACTION = 0.760784 LEADRGB {R=250 G=145 B=7} TRAILRGB {R=250 G=145 B=7}}
  CONTROLPOINT 39 {COLORMAPFRACTION = 0.780392 LEADRGB {R=251 G=155 B=6} TRAILRGB {R=251 G=155 B=6}}
  CONTROLPOINT 40 {COLORMAPFRACTION = 0.800000 LEADRGB {R=251 G=164 B=10} TRAILRGB {R=251 G=164 B=10}}
  CONTROLPOINT 41 {COLORMAPFRACTION = 0.819608 LEADRGB {R=251 G=174 B=18} TRAILRGB {R=251 G=174 B=18}}
  CONTROLPOINT 42 {COLORMAPFRACTION = 0.843137 LEADRGB {R=251 G=185 B=30} TRAILRGB {R=251 G=185 B=30}}
  CONTROLPOINT 43 {COLORMAPFRACTION = 0.862745 LEADRGB {R=249 G=195 B=42} TRAILRGB {R=249 G=195 B=42}}
  CONTROLPOINT 44 {COLORMAPFRACTION = 0.882353 LEADRGB {R=248 G=205 B=55} TRAILRGB {R=248 G=205 B=55}}
  CONTROLPOINT 45 {COLORMAPFRACTION = 0.901961 LEADRGB {R=245 G=215 B=69} TRAILRGB {R=245 G=215 B=69}}
  CONTROLPOINT 46 {COLORMAPFRACTION = 0.921569 LEADRGB {R=243 G=224 B=86} TRAILRGB {R=243 G=224 B=86}}
  CONTROLPOINT 47 {COLORMAPFRACTION = 0.941176 LEADRGB {R=241 G=233 B=104} TRAILRGB {R=241 G=233 B=104}}
  CONTROLPOINT 48 {COLORMAPFRACTION = 0.960784 LEADRGB {R=241 G=242 B=125} TRAILRGB {R=241 G=242 B=125}}
  CONTROLPOINT 49 {COLORMAPFRACTION = 0.980392 LEADRGB {R=245 G=248 B=145} TRAILRGB {R=245 G=248 B=145}}
$!CREATECOLORMAP
  NAME = 'paraview - Black, Blue and White'
  NUMCONTROLPOINTS = 4
  CONTROLPOINT 1 {COLORMAPFRACTION = 0.000000 LEADRGB {R=0 G=0 B=0} TRAILRGB {R=0 G=0 B=0}}
  CONTROLPOINT 2 {COLORMAPFRACTION = 0.333000 LEADRGB {R=0 G=0 B=128} TRAILRGB {R=0 G=0 B=128}}
  CONTROLPOINT 3 {COLORMAPFRACTION = 0.666000 LEADRGB {R=0 G=128 B=255} TRAILRGB {R=0 G=128 B=255}}
  CONTROLPOINT 4 {COLORMAPFRACTION = 1.000000 LEADRGB {R=255 G=255 B=255} TRAILRGB {R=255 G=255 B=255}}
$!CREATECOLORMAP
  NAME = 'paraview - Blue Orange (divergent)'
  NUMCONTROLPOINTS = 42
  CONTROLPOINT 1 {COLORMAPFRACTION = 0.000000 LEADRGB {R=22 G=1 B=76} TRAILRGB {R=22 G=1 B=76}}
  CONTROLPOINT 2 {COLORMAPFRACTION = 0.030334 LEADRGB {R=28 G=5 B=114} TRAILRGB {R=28 G=5 B=114}}
  CONTROLPOINT 3 {COLORMAPFRACTION = 0.055527 LEADRGB {R=26 G=13 B=130} TRAILRGB {R=26 G=13 B=130}}
  CONTROLPOINT 4 {COLORMAPFRACTION = 0.073008 LEADRGB {R=10 G=10 B=142} TRAILRGB {R=10 G=10 B=142}}
  CONTROLPOINT 5 {COLORMAPFRACTION = 0.089974 LEADRGB {R=7 G=24 B=153} TRAILRGB {R=7 G=24 B=153}}
  CONTROLPOINT 6 {COLORMAPFRACTION = 0.106427 LEADRGB {R=11 G=42 B=163} TRAILRGB {R=11 G=42 B=163}}
  CONTROLPOINT 7 {COLORMAPFRACTION = 0.130077 LEADRGB {R=14 G=61 B=172} TRAILRGB {R=14 G=61 B=172}}
  CONTROLPOINT 8 {COLORMAPFRACTION = 0.161440 LEADRGB {R=14 G=80 B=181} TRAILRGB {R=14 G=80 B=181}}
  CONTROLPOINT 9 {COLORMAPFRACTION = 0.200000 LEADRGB {R=13 G=100 B=188} TRAILRGB {R=13 G=100 B=188}}
  CONTROLPOINT 10 {COLORMAPFRACTION = 0.225000 LEADRGB {R=10 G=119 B=195} TRAILRGB {R=10 G=119 B=195}}
  CONTROLPOINT 11 {COLORMAPFRACTION = 0.250000 LEADRGB {R=7 G=137 B=200} TRAILRGB {R=7 G=137 B=200}}
  CONTROLPOINT 12 {COLORMAPFRACTION = 0.276093 LEADRGB {R=7 G=156 B=207} TRAILRGB {R=7 G=156 B=207}}
  CONTROLPOINT 13 {COLORMAPFRACTION = 0.302828 LEADRGB {R=5 G=181 B=212} TRAILRGB {R=5 G=181 B=212}}
  CONTROLPOINT 14 {COLORMAPFRACTION = 0.351671 LEADRGB {R=17 G=218 B=221} TRAILRGB {R=17 G=218 B=221}}
  CONTROLPOINT 15 {COLORMAPFRACTION = 0.372237 LEADRGB {R=66 G=230 B=219} TRAILRGB {R=66 G=230 B=219}}
  CONTROLPOINT 16 {COLORMAPFRACTION = 0.417995 LEADRGB {R=145 G=246 B=212} TRAILRGB {R=145 G=246 B=212}}
  CONTROLPOINT 17 {COLORMAPFRACTION = 0.436504 LEADRGB {R=168 G=249 B=214} TRAILRGB {R=168 G=249 B=214}}
  CONTROLPOINT 18 {COLORMAPFRACTION = 0.449871 LEADRGB {R=195 G=249 B=221} TRAILRGB {R=195 G=249 B=221}}
  CONTROLPOINT 19 {COLORMAPFRACTION = 0.464267 LEADRGB {R=211 G=249 B=226} TRAILRGB {R=211 G=249 B=226}}
  CONTROLPOINT 20 {COLORMAPFRACTION = 0.492545 LEADRGB {R=232 G=251 B=239} TRAILRGB {R=232 G=251 B=239}}
  CONTROLPOINT 21 {COLORMAPFRACTION = 0.501285 LEADRGB {R=255 G=255 B=247} TRAILRGB {R=255 G=255 B=247}}
  CONTROLPOINT 22 {COLORMAPFRACTION = 0.510026 LEADRGB {R=251 G=249 B=221} TRAILRGB {R=251 G=249 B=221}}
  CONTROLPOINT 23 {COLORMAPFRACTION = 0.522879 LEADRGB {R=252 G=247 B=205} TRAILRGB {R=252 G=247 B=205}}
  CONTROLPOINT 24 {COLORMAPFRACTION = 0.532648 LEADRGB {R=253 G=246 B=181} TRAILRGB {R=253 G=246 B=181}}
  CONTROLPOINT 25 {COLORMAPFRACTION = 0.575321 LEADRGB {R=249 G=233 B=130} TRAILRGB {R=249 G=233 B=130}}
  CONTROLPOINT 26 {COLORMAPFRACTION = 0.597429 LEADRGB {R=246 G=223 B=103} TRAILRGB {R=246 G=223 B=103}}
  CONTROLPOINT 27 {COLORMAPFRACTION = 0.620051 LEADRGB {R=242 G=209 B=82} TRAILRGB {R=242 G=209 B=82}}
  CONTROLPOINT 28 {COLORMAPFRACTION = 0.636504 LEADRGB {R=237 G=198 B=70} TRAILRGB {R=237 G=198 B=70}}
  CONTROLPOINT 29 {COLORMAPFRACTION = 0.660668 LEADRGB {R=232 G=182 B=59} TRAILRGB {R=232 G=182 B=59}}
  CONTROLPOINT 30 {COLORMAPFRACTION = 0.700000 LEADRGB {R=223 G=158 B=42} TRAILRGB {R=223 G=158 B=42}}
  CONTROLPOINT 31 {COLORMAPFRACTION = 0.725000 LEADRGB {R=221 G=140 B=40} TRAILRGB {R=221 G=140 B=40}}
  CONTROLPOINT 32 {COLORMAPFRACTION = 0.750000 LEADRGB {R=216 G=121 B=36} TRAILRGB {R=216 G=121 B=36}}
  CONTROLPOINT 33 {COLORMAPFRACTION = 0.775000 LEADRGB {R=212 G=105 B=33} TRAILRGB {R=212 G=105 B=33}}
  CONTROLPOINT 34 {COLORMAPFRACTION = 0.800000 LEADRGB {R=207 G=87 B=28} TRAILRGB {R=207 G=87 B=28}}
  CONTROLPOINT 35 {COLORMAPFRACTION = 0.825000 LEADRGB {R=200 G=68 B=23} TRAILRGB {R=200 G=68 B=23}}
  CONTROLPOINT 36 {COLORMAPFRACTION = 0.850000 LEADRGB {R=188 G=47 B=18} TRAILRGB {R=188 G=47 B=18}}
  CONTROLPOINT 37 {COLORMAPFRACTION = 0.875000 LEADRGB {R=175 G=31 B=16} TRAILRGB {R=175 G=31 B=16}}
  CONTROLPOINT 38 {COLORMAPFRACTION = 0.900000 LEADRGB {R=158 G=16 B=11} TRAILRGB {R=158 G=16 B=11}}
  CONTROLPOINT 39 {COLORMAPFRACTION = 0.923393 LEADRGB {R=140 G=7 B=17} TRAILRGB {R=140 G=7 B=17}}
  CONTROLPOINT 40 {COLORMAPFRACTION = 0.943959 LEADRGB {R=119 G=4 B=23} TRAILRGB {R=119 G=4 B=23}}
  CONTROLPOINT 41 {COLORMAPFRACTION = 0.967095 LEADRGB {R=102 G=1 B=26} TRAILRGB {R=102 G=1 B=26}}
  CONTROLPOINT 42 {COLORMAPFRACTION = 1.000000 LEADRGB {R=47 G=0 B=17} TRAILRGB {R=47 G=0 B=17}}
$!CREATECOLORMAP
  NAME = 'paraview - Viridis (matplotlib)'
  NUMCONTROLPOINTS = 49
  CONTROLPOINT 1 {COLORMAPFRACTION = 0.000000 LEADRGB {R=68 G=1 B=84} TRAILRGB {R=68 G=1 B=84}}
  CONTROLPOINT 2 {COLORMAPFRACTION = 0.019608 LEADRGB {R=69 G=8 B=91} TRAILRGB {R=69 G=8 B=91}}
  CONTROLPOINT 3 {COLORMAPFRACTION = 0.039216 LEADRGB {R=71 G=15 B=98} TRAILRGB {R=71 G=15 B=98}}
  CONTROLPOINT 4 {COLORMAPFRACTION = 0.058824 LEADRGB {R=71 G=22 B=105} TRAILRGB {R=71 G=22 B=105}}
  CONTROLPOINT 5 {COLORMAPFRACTION = 0.078431 LEADRGB {R=72 G=29 B=111} TRAILRGB {R=72 G=29 B=111}}
  CONTROLPOINT 6 {COLORMAPFRACTION = 0.098039 LEADRGB {R=72 G=35 B=116} TRAILRGB {R=72 G=35 B=116}}
  CONTROLPOINT 7 {COLORMAPFRACTION = 0.117647 LEADRGB {R=71 G=42 B=121} TRAILRGB {R=71 G=42 B=121}}
  CONTROLPOINT 8 {COLORMAPFRACTION = 0.137255 LEADRGB {R=70 G=48 B=125} TRAILRGB {R=70 G=48 B=125}}
  CONTROLPOINT 9 {COLORMAPFRACTION = 0.156863 LEADRGB {R=69 G=54 B=129} TRAILRGB {R=69 G=54 B=129}}
  CONTROLPOINT 10 {COLORMAPFRACTION = 0.180392 LEADRGB {R=66 G=61 B=132} TRAILRGB {R=66 G=61 B=132}}
  CONTROLPOINT 11 {COLORMAPFRACTION = 0.200000 LEADRGB {R=64 G=67 B=135} TRAILRGB {R=64 G=67 B=135}}
  CONTROLPOINT 12 {COLORMAPFRACTION = 0.219608 LEADRGB {R=62 G=73 B=137} TRAILRGB {R=62 G=73 B=137}}
  CONTROLPOINT 13 {COLORMAPFRACTION = 0.239216 LEADRGB {R=60 G=78 B=138} TRAILRGB {R=60 G=78 B=138}}
  CONTROLPOINT 14 {COLORMAPFRACTION = 0.258824 LEADRGB {R=57 G=84 B=139} TRAILRGB {R=57 G=84 B=139}}
  CONTROLPOINT 15 {COLORMAPFRACTION = 0.278431 LEADRGB {R=55 G=89 B=140} TRAILRGB {R=55 G=89 B=140}}
  CONTROLPOINT 16 {COLORMAPFRACTION = 0.298039 LEADRGB {R=52 G=94 B=141} TRAILRGB {R=52 G=94 B=141}}
  CONTROLPOINT 17 {COLORMAPFRACTION = 0.317647 LEADRGB {R=50 G=99 B=141} TRAILRGB {R=50 G=99 B=141}}
  CONTROLPOINT 18 {COLORMAPFRACTION = 0.341176 LEADRGB {R=47 G=105 B=141} TRAILRGB {R=47 G=105 B=141}}
  CONTROLPOINT 19 {COLORMAPFRACTION = 0.360784 LEADRGB {R=45 G=110 B=142} TRAILRGB {R=45 G=110 B=142}}
  CONTROLPOINT 20 {COLORMAPFRACTION = 0.380392 LEADRGB {R=43 G=115 B=142} TRAILRGB {R=43 G=115 B=142}}
  CONTROLPOINT 21 {COLORMAPFRACTION = 0.400000 LEADRGB {R=41 G=120 B=142} TRAILRGB {R=41 G=120 B=142}}
  CONTROLPOINT 22 {COLORMAPFRACTION = 0.419608 LEADRGB {R=39 G=124 B=142} TRAILRGB {R=39 G=124 B=142}}
  CONTROLPOINT 23 {COLORMAPFRACTION = 0.439216 LEADRGB {R=38 G=129 B=142} TRAILRGB {R=38 G=129 B=142}}
  CONTROLPOINT 24 {COLORMAPFRACTION = 0.458824 LEADRGB {R=36 G=134 B=141} TRAILRGB {R=36 G=134 B=141}}
  CONTROLPOINT 25 {COLORMAPFRACTION = 0.478431 LEADRGB {R=34 G=138 B=141} TRAILRGB {R=34 G=138 B=141}}
  CONTROLPOINT 26 {COLORMAPFRACTION = 0.501961 LEADRGB {R=32 G=144 B=140} TRAILRGB {R=32 G=144 B=140}}
  CONTROLPOINT 27 {COLORMAPFRACTION = 0.521569 LEADRGB {R=31 G=149 B=139} TRAILRGB {R=31 G=149 B=139}}
  CONTROLPOINT 28 {COLORMAPFRACTION = 0.541176 LEADRGB {R=30 G=153 B=138} TRAILRGB {R=30 G=153 B=138}}
  CONTROLPOINT 29 {COLORMAPFRACTION = 0.560784 LEADRGB {R=30 G=158 B=136} TRAILRGB {R=30 G=158 B=136}}
  CONTROLPOINT 30 {COLORMAPFRACTION = 0.600000 LEADRGB {R=34 G=167 B=132} TRAILRGB {R=34 G=167 B=132}}
  CONTROLPOINT 31 {COLORMAPFRACTION = 0.619608 LEADRGB {R=38 G=172 B=129} TRAILRGB {R=38 G=172 B=129}}
  CONTROLPOINT 32 {COLORMAPFRACTION = 0.639216 LEADRGB {R=43 G=177 B=125} TRAILRGB {R=43 G=177 B=125}}
  CONTROLPOINT 33 {COLORMAPFRACTION = 0.658824 LEADRGB {R=50 G=181 B=122} TRAILRGB {R=50 G=181 B=122}}
  CONTROLPOINT 34 {COLORMAPFRACTION = 0.682353 LEADRGB {R=59 G=186 B=117} TRAILRGB {R=59 G=186 B=117}}
  CONTROLPOINT 35 {COLORMAPFRACTION = 0.701961 LEADRGB {R=68 G=190 B=112} TRAILRGB {R=68 G=190 B=112}}
  CONTROLPOINT 36 {COLORMAPFRACTION = 0.721569 LEADRGB {R=77 G=194 B=107} TRAILRGB {R=77 G=194 B=107}}
  CONTROLPOINT 37 {COLORMAPFRACTION = 0.741176 LEADRGB {R=87 G=198 B=101} TRAILRGB {R=87 G=198 B=101}}
  CONTROLPOINT 38 {COLORMAPFRACTION = 0.760784 LEADRGB {R=98 G=202 B=95} TRAILRGB {R=98 G=202 B=95}}
  CONTROLPOINT 39 {COLORMAPFRACTION = 0.780392 LEADRGB {R=109 G=206 B=88} TRAILRGB {R=109 G=206 B=88}}
  CONTROLPOINT 40 {COLORMAPFRACTION = 0.800000 LEADRGB {R=121 G=209 B=81} TRAILRGB {R=121 G=209 B=81}}
  CONTROLPOINT 41 {COLORMAPFRACTION = 0.819608 LEADRGB {R=134 G=212 B=73} TRAILRGB {R=134 G=212 B=73}}
  CONTROLPOINT 42 {COLORMAPFRACTION = 0.843137 LEADRGB {R=149 G=215 B=63} TRAILRGB {R=149 G=215 B=63}}
  CONTROLPOINT 43 {COLORMAPFRACTION = 0.862745 LEADRGB {R=162 G=218 B=55} TRAILRGB {R=162 G=218 B=55}}
  CONTROLPOINT 44 {COLORMAPFRACTION = 0.882353 LEADRGB {R=175 G=220 B=46} TRAILRGB {R=175 G=220 B=46}}
  CONTROLPOINT 45 {COLORMAPFRACTION = 0.901961 LEADRGB {R=189 G=222 B=38} TRAILRGB {R=189 G=222 B=38}}
  CONTROLPOINT 46 {COLORMAPFRACTION = 0.921569 LEADRGB {R=202 G=224 B=30} TRAILRGB {R=202 G=224 B=30}}
  CONTROLPOINT 47 {COLORMAPFRACTION = 0.941176 LEADRGB {R=215 G=226 B=25} TRAILRGB {R=215 G=226 B=25}}
  CONTROLPOINT 48 {COLORMAPFRACTION = 0.960784 LEADRGB {R=228 G=227 B=24} TRAILRGB {R=228 G=227 B=24}}
  CONTROLPOINT 49 {COLORMAPFRACTION = 0.980392 LEADRGB {R=241 G=229 B=28} TRAILRGB {R=241 G=229 B=28}}
$!CREATECOLORMAP
  NAME = 'paraview - Gray and Red'
  NUMCONTROLPOINTS = 17
  CONTROLPOINT 1 {COLORMAPFRACTION = 0.000000 LEADRGB {R=26 G=26 B=26} TRAILRGB {R=26 G=26 B=26}}
  CONTROLPOINT 2 {COLORMAPFRACTION = 0.062745 LEADRGB {R=58 G=58 B=58} TRAILRGB {R=58 G=58 B=58}}
  CONTROLPOINT 3 {COLORMAPFRACTION = 0.125490 LEADRGB {R=91 G=91 B=91} TRAILRGB {R=91 G=91 B=91}}
  CONTROLPOINT 4 {COLORMAPFRACTION = 0.188236 LEADRGB {R=128 G=128 B=128} TRAILRGB {R=128 G=128 B=128}}
  CONTROLPOINT 5 {COLORMAPFRACTION = 0.250980 LEADRGB {R=161 G=161 B=161} TRAILRGB {R=161 G=161 B=161}}
  CONTROLPOINT 6 {COLORMAPFRACTION = 0.313725 LEADRGB {R=191 G=191 B=191} TRAILRGB {R=191 G=191 B=191}}
  CONTROLPOINT 7 {COLORMAPFRACTION = 0.376470 LEADRGB {R=215 G=215 B=215} TRAILRGB {R=215 G=215 B=215}}
  CONTROLPOINT 8 {COLORMAPFRACTION = 0.439215 LEADRGB {R=236 G=236 B=236} TRAILRGB {R=236 G=236 B=236}}
  CONTROLPOINT 9 {COLORMAPFRACTION = 0.501961 LEADRGB {R=254 G=254 B=253} TRAILRGB {R=254 G=254 B=253}}
  CONTROLPOINT 10 {COLORMAPFRACTION = 0.564706 LEADRGB {R=253 G=231 B=218} TRAILRGB {R=253 G=231 B=218}}
  CONTROLPOINT 11 {COLORMAPFRACTION = 0.627451 LEADRGB {R=250 G=204 B=180} TRAILRGB {R=250 G=204 B=180}}
  CONTROLPOINT 12 {COLORMAPFRACTION = 0.690196 LEADRGB {R=244 G=170 B=136} TRAILRGB {R=244 G=170 B=136}}
  CONTROLPOINT 13 {COLORMAPFRACTION = 0.752941 LEADRGB {R=228 G=128 B=101} TRAILRGB {R=228 G=128 B=101}}
  CONTROLPOINT 14 {COLORMAPFRACTION = 0.815686 LEADRGB {R=208 G=84 B=71} TRAILRGB {R=208 G=84 B=71}}
  CONTROLPOINT 15 {COLORMAPFRACTION = 0.878432 LEADRGB {R=185 G=39 B=50} TRAILRGB {R=185 G=39 B=50}}
  CONTROLPOINT 16 {COLORMAPFRACTION = 0.941177 LEADRGB {R=147 G=14 B=38} TRAILRGB {R=147 G=14 B=38}}
  CONTROLPOINT 17 {COLORMAPFRACTION = 1.000000 LEADRGB {R=103 G=0 B=31} TRAILRGB {R=103 G=0 B=31}}
$!CREATECOLORMAP
  NAME = 'paraview - Linear Green (Gr4L)'
  NUMCONTROLPOINTS = 21
  CONTROLPOINT 1 {COLORMAPFRACTION = 0.000000 LEADRGB {R=14 G=28 B=31} TRAILRGB {R=14 G=28 B=31}}
  CONTROLPOINT 2 {COLORMAPFRACTION = 0.050000 LEADRGB {R=19 G=43 B=45} TRAILRGB {R=19 G=43 B=45}}
  CONTROLPOINT 3 {COLORMAPFRACTION = 0.100000 LEADRGB {R=22 G=59 B=56} TRAILRGB {R=22 G=59 B=56}}
  CONTROLPOINT 4 {COLORMAPFRACTION = 0.150000 LEADRGB {R=24 G=70 B=63} TRAILRGB {R=24 G=70 B=63}}
  CONTROLPOINT 5 {COLORMAPFRACTION = 0.200000 LEADRGB {R=28 G=89 B=70} TRAILRGB {R=28 G=89 B=70}}
  CONTROLPOINT 6 {COLORMAPFRACTION = 0.250000 LEADRGB {R=28 G=102 B=70} TRAILRGB {R=28 G=102 B=70}}
  CONTROLPOINT 7 {COLORMAPFRACTION = 0.300000 LEADRGB {R=29 G=114 B=68} TRAILRGB {R=29 G=114 B=68}}
  CONTROLPOINT 8 {COLORMAPFRACTION = 0.350000 LEADRGB {R=29 G=124 B=61} TRAILRGB {R=29 G=124 B=61}}
  CONTROLPOINT 9 {COLORMAPFRACTION = 0.400000 LEADRGB {R=28 G=133 B=52} TRAILRGB {R=28 G=133 B=52}}
  CONTROLPOINT 10 {COLORMAPFRACTION = 0.450000 LEADRGB {R=28 G=140 B=38} TRAILRGB {R=28 G=140 B=38}}
  CONTROLPOINT 11 {COLORMAPFRACTION = 0.500000 LEADRGB {R=21 G=149 B=21} TRAILRGB {R=21 G=149 B=21}}
  CONTROLPOINT 12 {COLORMAPFRACTION = 0.550000 LEADRGB {R=28 G=161 B=12} TRAILRGB {R=28 G=161 B=12}}
  CONTROLPOINT 13 {COLORMAPFRACTION = 0.600000 LEADRGB {R=54 G=172 B=21} TRAILRGB {R=54 G=172 B=21}}
  CONTROLPOINT 14 {COLORMAPFRACTION = 0.650000 LEADRGB {R=80 G=184 B=28} TRAILRGB {R=80 G=184 B=28}}
  CONTROLPOINT 15 {COLORMAPFRACTION = 0.700000 LEADRGB {R=110 G=193 B=40} TRAILRGB {R=110 G=193 B=40}}
  CONTROLPOINT 16 {COLORMAPFRACTION = 0.750000 LEADRGB {R=142 G=204 B=61} TRAILRGB {R=142 G=204 B=61}}
  CONTROLPOINT 17 {COLORMAPFRACTION = 0.800000 LEADRGB {R=170 G=214 B=75} TRAILRGB {R=170 G=214 B=75}}
  CONTROLPOINT 18 {COLORMAPFRACTION = 0.850000 LEADRGB {R=200 G=223 B=100} TRAILRGB {R=200 G=223 B=100}}
  CONTROLPOINT 19 {COLORMAPFRACTION = 0.900000 LEADRGB {R=226 G=235 B=135} TRAILRGB {R=226 G=235 B=135}}
  CONTROLPOINT 20 {COLORMAPFRACTION = 0.950000 LEADRGB {R=244 G=242 B=170} TRAILRGB {R=244 G=242 B=170}}
  CONTROLPOINT 21 {COLORMAPFRACTION = 1.000000 LEADRGB {R=255 G=251 B=230} TRAILRGB {R=255 G=251 B=230}}
$!CREATECOLORMAP
  NAME = 'paraview - Cold and Hot'
  NUMCONTROLPOINTS = 5
  CONTROLPOINT 1 {COLORMAPFRACTION = 0.000000 LEADRGB {R=0 G=255 B=255} TRAILRGB {R=0 G=255 B=255}}
  CONTROLPOINT 2 {COLORMAPFRACTION = 0.450000 LEADRGB {R=0 G=0 B=255} TRAILRGB {R=0 G=0 B=255}}
  CONTROLPOINT 3 {COLORMAPFRACTION = 0.500000 LEADRGB {R=0 G=0 B=128} TRAILRGB {R=0 G=0 B=128}}
  CONTROLPOINT 4 {COLORMAPFRACTION = 0.550000 LEADRGB {R=255 G=0 B=0} TRAILRGB {R=255 G=0 B=0}}
  CONTROLPOINT 5 {COLORMAPFRACTION = 1.000000 LEADRGB {R=255 G=255 B=0} TRAILRGB {R=255 G=255 B=0}}
$!CREATECOLORMAP
  NAME = 'paraview - Blue - Green - Orange'
  NUMCONTROLPOINTS = 43
  CONTROLPOINT 1 {COLORMAPFRACTION = 0.000000 LEADRGB {R=212 G=232 B=249} TRAILRGB {R=212 G=232 B=249}}
  CONTROLPOINT 2 {COLORMAPFRACTION = 0.012500 LEADRGB {R=191 G=219 B=244} TRAILRGB {R=191 G=219 B=244}}
  CONTROLPOINT 3 {COLORMAPFRACTION = 0.050000 LEADRGB {R=144 G=193 B=235} TRAILRGB {R=144 G=193 B=235}}
  CONTROLPOINT 4 {COLORMAPFRACTION = 0.100000 LEADRGB {R=87 G=163 B=219} TRAILRGB {R=87 G=163 B=219}}
  CONTROLPOINT 5 {COLORMAPFRACTION = 0.125000 LEADRGB {R=63 G=145 B=209} TRAILRGB {R=63 G=145 B=209}}
  CONTROLPOINT 6 {COLORMAPFRACTION = 0.150000 LEADRGB {R=45 G=133 B=198} TRAILRGB {R=45 G=133 B=198}}
  CONTROLPOINT 7 {COLORMAPFRACTION = 0.180000 LEADRGB {R=33 G=114 B=181} TRAILRGB {R=33 G=114 B=181}}
  CONTROLPOINT 8 {COLORMAPFRACTION = 0.200000 LEADRGB {R=26 G=109 B=175} TRAILRGB {R=26 G=109 B=175}}
  CONTROLPOINT 9 {COLORMAPFRACTION = 0.210000 LEADRGB {R=24 G=103 B=168} TRAILRGB {R=24 G=103 B=168}}
  CONTROLPOINT 10 {COLORMAPFRACTION = 0.220000 LEADRGB {R=22 G=100 B=163} TRAILRGB {R=22 G=100 B=163}}
  CONTROLPOINT 11 {COLORMAPFRACTION = 0.230000 LEADRGB {R=21 G=93 B=158} TRAILRGB {R=21 G=93 B=158}}
  CONTROLPOINT 12 {COLORMAPFRACTION = 0.240000 LEADRGB {R=17 G=89 B=153} TRAILRGB {R=17 G=89 B=153}}
  CONTROLPOINT 13 {COLORMAPFRACTION = 0.250000 LEADRGB {R=17 G=84 B=144} TRAILRGB {R=17 G=84 B=144}}
  CONTROLPOINT 14 {COLORMAPFRACTION = 0.270000 LEADRGB {R=22 G=77 B=130} TRAILRGB {R=22 G=77 B=130}}
  CONTROLPOINT 15 {COLORMAPFRACTION = 0.280000 LEADRGB {R=24 G=73 B=121} TRAILRGB {R=24 G=73 B=121}}
  CONTROLPOINT 16 {COLORMAPFRACTION = 0.290000 LEADRGB {R=26 G=70 B=114} TRAILRGB {R=26 G=70 B=114}}
  CONTROLPOINT 17 {COLORMAPFRACTION = 0.300000 LEADRGB {R=28 G=68 B=105} TRAILRGB {R=28 G=68 B=105}}
  CONTROLPOINT 18 {COLORMAPFRACTION = 0.310000 LEADRGB {R=28 G=66 B=96} TRAILRGB {R=28 G=66 B=96}}
  CONTROLPOINT 19 {COLORMAPFRACTION = 0.320000 LEADRGB {R=28 G=63 B=89} TRAILRGB {R=28 G=63 B=89}}
  CONTROLPOINT 20 {COLORMAPFRACTION = 0.330000 LEADRGB {R=28 G=68 B=82} TRAILRGB {R=28 G=68 B=82}}
  CONTROLPOINT 21 {COLORMAPFRACTION = 0.340000 LEADRGB {R=26 G=77 B=66} TRAILRGB {R=26 G=77 B=66}}
  CONTROLPOINT 22 {COLORMAPFRACTION = 0.350000 LEADRGB {R=24 G=79 B=61} TRAILRGB {R=24 G=79 B=61}}
  CONTROLPOINT 23 {COLORMAPFRACTION = 0.360000 LEADRGB {R=21 G=82 B=58} TRAILRGB {R=21 G=82 B=58}}
  CONTROLPOINT 24 {COLORMAPFRACTION = 0.380000 LEADRGB {R=17 G=91 B=54} TRAILRGB {R=17 G=91 B=54}}
  CONTROLPOINT 25 {COLORMAPFRACTION = 0.400000 LEADRGB {R=15 G=102 B=45} TRAILRGB {R=15 G=102 B=45}}
  CONTROLPOINT 26 {COLORMAPFRACTION = 0.425000 LEADRGB {R=19 G=107 B=36} TRAILRGB {R=19 G=107 B=36}}
  CONTROLPOINT 27 {COLORMAPFRACTION = 0.450000 LEADRGB {R=22 G=112 B=29} TRAILRGB {R=22 G=112 B=29}}
  CONTROLPOINT 28 {COLORMAPFRACTION = 0.500000 LEADRGB {R=47 G=128 B=38} TRAILRGB {R=47 G=128 B=38}}
  CONTROLPOINT 29 {COLORMAPFRACTION = 0.525000 LEADRGB {R=65 G=137 B=47} TRAILRGB {R=65 G=137 B=47}}
  CONTROLPOINT 30 {COLORMAPFRACTION = 0.550000 LEADRGB {R=82 G=147 B=59} TRAILRGB {R=82 G=147 B=59}}
  CONTROLPOINT 31 {COLORMAPFRACTION = 0.575000 LEADRGB {R=103 G=158 B=70} TRAILRGB {R=103 G=158 B=70}}
  CONTROLPOINT 32 {COLORMAPFRACTION = 0.600000 LEADRGB {R=128 G=170 B=84} TRAILRGB {R=128 G=170 B=84}}
  CONTROLPOINT 33 {COLORMAPFRACTION = 0.630000 LEADRGB {R=151 G=186 B=102} TRAILRGB {R=151 G=186 B=102}}
  CONTROLPOINT 34 {COLORMAPFRACTION = 0.650000 LEADRGB {R=188 G=200 B=124} TRAILRGB {R=188 G=200 B=124}}
  CONTROLPOINT 35 {COLORMAPFRACTION = 0.670000 LEADRGB {R=219 G=219 B=154} TRAILRGB {R=219 G=219 B=154}}
  CONTROLPOINT 36 {COLORMAPFRACTION = 0.700000 LEADRGB {R=235 G=212 B=147} TRAILRGB {R=235 G=212 B=147}}
  CONTROLPOINT 37 {COLORMAPFRACTION = 0.750000 LEADRGB {R=230 G=186 B=126} TRAILRGB {R=230 G=186 B=126}}
  CONTROLPOINT 38 {COLORMAPFRACTION = 0.800000 LEADRGB {R=219 G=149 B=98} TRAILRGB {R=219 G=149 B=98}}
  CONTROLPOINT 39 {COLORMAPFRACTION = 0.850000 LEADRGB {R=204 G=112 B=82} TRAILRGB {R=204 G=112 B=82}}
  CONTROLPOINT 40 {COLORMAPFRACTION = 0.900000 LEADRGB {R=172 G=75 B=52} TRAILRGB {R=172 G=75 B=52}}
  CONTROLPOINT 41 {COLORMAPFRACTION = 0.950000 LEADRGB {R=140 G=42 B=28} TRAILRGB {R=140 G=42 B=28}}
  CONTROLPOINT 42 {COLORMAPFRACTION = 0.975000 LEADRGB {R=121 G=21 B=12} TRAILRGB {R=121 G=21 B=12}}
  CONTROLPOINT 43 {COLORMAPFRACTION = 1.000000 LEADRGB {R=114 G=1 B=0} TRAILRGB {R=114 G=1 B=0}}
$!CREATECOLORMAP
  NAME = 'paraview - Rainbow Desaturated'
  NUMCONTROLPOINTS = 8
  CONTROLPOINT 1 {COLORMAPFRACTION = 0.000000 LEADRGB {R=70 G=70 B=219} TRAILRGB {R=70 G=70 B=219}}
  CONTROLPOINT 2 {COLORMAPFRACTION = 0.143000 LEADRGB {R=0 G=0 B=91} TRAILRGB {R=0 G=0 B=91}}
  CONTROLPOINT 3 {COLORMAPFRACTION = 0.285000 LEADRGB {R=0 G=255 B=255} TRAILRGB {R=0 G=255 B=255}}
  CONTROLPOINT 4 {COLORMAPFRACTION = 0.429000 LEADRGB {R=0 G=128 B=0} TRAILRGB {R=0 G=128 B=0}}
  CONTROLPOINT 5 {COLORMAPFRACTION = 0.571000 LEADRGB {R=255 G=255 B=0} TRAILRGB {R=255 G=255 B=0}}
  CONTROLPOINT 6 {COLORMAPFRACTION = 0.714000 LEADRGB {R=255 G=97 B=0} TRAILRGB {R=255 G=97 B=0}}
  CONTROLPOINT 7 {COLORMAPFRACTION = 0.857000 LEADRGB {R=106 G=0 B=0} TRAILRGB {R=106 G=0 B=0}}
  CONTROLPOINT 8 {COLORMAPFRACTION = 1.000000 LEADRGB {R=223 G=77 B=77} TRAILRGB {R=223 G=77 B=77}}
$!CREATECOLORMAP
  NAME = 'paraview - Yellow - Gray - Blue'
  NUMCONTROLPOINTS = 43
  CONTROLPOINT 1 {COLORMAPFRACTION = 0.000000 LEADRGB {R=77 G=12 B=22} TRAILRGB {R=77 G=12 B=22}}
  CONTROLPOINT 2 {COLORMAPFRACTION = 0.016390 LEADRGB {R=101 G=10 B=15} TRAILRGB {R=101 G=10 B=15}}
  CONTROLPOINT 3 {COLORMAPFRACTION = 0.049171 LEADRGB {R=150 G=29 B=6} TRAILRGB {R=150 G=29 B=6}}
  CONTROLPOINT 4 {COLORMAPFRACTION = 0.081951 LEADRGB {R=189 G=58 B=1} TRAILRGB {R=189 G=58 B=1}}
  CONTROLPOINT 5 {COLORMAPFRACTION = 0.098341 LEADRGB {R=201 G=74 B=0} TRAILRGB {R=201 G=74 B=0}}
  CONTROLPOINT 6 {COLORMAPFRACTION = 0.114732 LEADRGB {R=220 G=97 B=3} TRAILRGB {R=220 G=97 B=3}}
  CONTROLPOINT 7 {COLORMAPFRACTION = 0.147512 LEADRGB {R=234 G=133 B=12} TRAILRGB {R=234 G=133 B=12}}
  CONTROLPOINT 8 {COLORMAPFRACTION = 0.180293 LEADRGB {R=239 G=164 B=31} TRAILRGB {R=239 G=164 B=31}}
  CONTROLPOINT 9 {COLORMAPFRACTION = 0.196683 LEADRGB {R=241 G=181 B=47} TRAILRGB {R=241 G=181 B=47}}
  CONTROLPOINT 10 {COLORMAPFRACTION = 0.213073 LEADRGB {R=243 G=196 B=63} TRAILRGB {R=243 G=196 B=63}}
  CONTROLPOINT 11 {COLORMAPFRACTION = 0.229463 LEADRGB {R=246 G=211 B=83} TRAILRGB {R=246 G=211 B=83}}
  CONTROLPOINT 12 {COLORMAPFRACTION = 0.245854 LEADRGB {R=247 G=224 B=108} TRAILRGB {R=247 G=224 B=108}}
  CONTROLPOINT 13 {COLORMAPFRACTION = 0.262244 LEADRGB {R=248 G=234 B=131} TRAILRGB {R=248 G=234 B=131}}
  CONTROLPOINT 14 {COLORMAPFRACTION = 0.295024 LEADRGB {R=250 G=248 B=171} TRAILRGB {R=250 G=248 B=171}}
  CONTROLPOINT 15 {COLORMAPFRACTION = 0.311415 LEADRGB {R=252 G=252 B=193} TRAILRGB {R=252 G=252 B=193}}
  CONTROLPOINT 16 {COLORMAPFRACTION = 0.327149 LEADRGB {R=251 G=252 B=218} TRAILRGB {R=251 G=252 B=218}}
  CONTROLPOINT 17 {COLORMAPFRACTION = 0.327815 LEADRGB {R=243 G=243 B=228} TRAILRGB {R=243 G=243 B=228}}
  CONTROLPOINT 18 {COLORMAPFRACTION = 0.344836 LEADRGB {R=227 G=227 B=206} TRAILRGB {R=227 G=227 B=206}}
  CONTROLPOINT 19 {COLORMAPFRACTION = 0.361856 LEADRGB {R=211 G=210 B=188} TRAILRGB {R=211 G=210 B=188}}
  CONTROLPOINT 20 {COLORMAPFRACTION = 0.378877 LEADRGB {R=198 G=195 B=173} TRAILRGB {R=198 G=195 B=173}}
  CONTROLPOINT 21 {COLORMAPFRACTION = 0.395898 LEADRGB {R=185 G=182 B=160} TRAILRGB {R=185 G=182 B=160}}
  CONTROLPOINT 22 {COLORMAPFRACTION = 0.412919 LEADRGB {R=173 G=169 B=148} TRAILRGB {R=173 G=169 B=148}}
  CONTROLPOINT 23 {COLORMAPFRACTION = 0.429940 LEADRGB {R=161 G=155 B=136} TRAILRGB {R=161 G=155 B=136}}
  CONTROLPOINT 24 {COLORMAPFRACTION = 0.463981 LEADRGB {R=137 G=129 B=113} TRAILRGB {R=137 G=129 B=113}}
  CONTROLPOINT 25 {COLORMAPFRACTION = 0.498023 LEADRGB {R=118 G=107 B=95} TRAILRGB {R=118 G=107 B=95}}
  CONTROLPOINT 26 {COLORMAPFRACTION = 0.515043 LEADRGB {R=110 G=99 B=88} TRAILRGB {R=110 G=99 B=88}}
  CONTROLPOINT 27 {COLORMAPFRACTION = 0.532064 LEADRGB {R=103 G=91 B=81} TRAILRGB {R=103 G=91 B=81}}
  CONTROLPOINT 28 {COLORMAPFRACTION = 0.566106 LEADRGB {R=88 G=75 B=68} TRAILRGB {R=88 G=75 B=68}}
  CONTROLPOINT 29 {COLORMAPFRACTION = 0.583127 LEADRGB {R=81 G=67 B=61} TRAILRGB {R=81 G=67 B=61}}
  CONTROLPOINT 30 {COLORMAPFRACTION = 0.600147 LEADRGB {R=73 G=59 B=54} TRAILRGB {R=73 G=59 B=54}}
  CONTROLPOINT 31 {COLORMAPFRACTION = 0.617168 LEADRGB {R=65 G=51 B=47} TRAILRGB {R=65 G=51 B=47}}
  CONTROLPOINT 32 {COLORMAPFRACTION = 0.634189 LEADRGB {R=59 G=44 B=42} TRAILRGB {R=59 G=44 B=42}}
  CONTROLPOINT 33 {COLORMAPFRACTION = 0.651210 LEADRGB {R=51 G=37 B=35} TRAILRGB {R=51 G=37 B=35}}
  CONTROLPOINT 34 {COLORMAPFRACTION = 0.701416 LEADRGB {R=51 G=65 B=88} TRAILRGB {R=51 G=65 B=88}}
  CONTROLPOINT 35 {COLORMAPFRACTION = 0.734592 LEADRGB {R=63 G=81 B=106} TRAILRGB {R=63 G=81 B=106}}
  CONTROLPOINT 36 {COLORMAPFRACTION = 0.767768 LEADRGB {R=78 G=99 B=126} TRAILRGB {R=78 G=99 B=126}}
  CONTROLPOINT 37 {COLORMAPFRACTION = 0.800944 LEADRGB {R=95 G=117 B=145} TRAILRGB {R=95 G=117 B=145}}
  CONTROLPOINT 38 {COLORMAPFRACTION = 0.834120 LEADRGB {R=113 G=136 B=164} TRAILRGB {R=113 G=136 B=164}}
  CONTROLPOINT 39 {COLORMAPFRACTION = 0.867296 LEADRGB {R=132 G=157 B=185} TRAILRGB {R=132 G=157 B=185}}
  CONTROLPOINT 40 {COLORMAPFRACTION = 0.900472 LEADRGB {R=153 G=178 B=204} TRAILRGB {R=153 G=178 B=204}}
  CONTROLPOINT 41 {COLORMAPFRACTION = 0.933648 LEADRGB {R=175 G=200 B=222} TRAILRGB {R=175 G=200 B=222}}
  CONTROLPOINT 42 {COLORMAPFRACTION = 0.966824 LEADRGB {R=194 G=219 B=237} TRAILRGB {R=194 G=219 B=237}}
  CONTROLPOINT 43 {COLORMAPFRACTION = 0.983412 LEADRGB {R=206 G=230 B=245} TRAILRGB {R=206 G=230 B=245}}
$!CREATECOLORMAP
  NAME = 'paraview - Rainbow Uniform'
  NUMCONTROLPOINTS = 41
  CONTROLPOINT 1 {COLORMAPFRACTION = 0.000000 LEADRGB {R=5 G=97 B=254} TRAILRGB {R=5 G=97 B=254}}
  CONTROLPOINT 2 {COLORMAPFRACTION = 0.023810 LEADRGB {R=5 G=108 B=247} TRAILRGB {R=5 G=108 B=247}}
  CONTROLPOINT 3 {COLORMAPFRACTION = 0.047619 LEADRGB {R=5 G=119 B=239} TRAILRGB {R=5 G=119 B=239}}
  CONTROLPOINT 4 {COLORMAPFRACTION = 0.071429 LEADRGB {R=5 G=130 B=232} TRAILRGB {R=5 G=130 B=232}}
  CONTROLPOINT 5 {COLORMAPFRACTION = 0.095238 LEADRGB {R=5 G=139 B=222} TRAILRGB {R=5 G=139 B=222}}
  CONTROLPOINT 6 {COLORMAPFRACTION = 0.119048 LEADRGB {R=5 G=148 B=212} TRAILRGB {R=5 G=148 B=212}}
  CONTROLPOINT 7 {COLORMAPFRACTION = 0.142857 LEADRGB {R=5 G=157 B=202} TRAILRGB {R=5 G=157 B=202}}
  CONTROLPOINT 8 {COLORMAPFRACTION = 0.166667 LEADRGB {R=5 G=166 B=191} TRAILRGB {R=5 G=166 B=191}}
  CONTROLPOINT 9 {COLORMAPFRACTION = 0.190476 LEADRGB {R=5 G=174 B=179} TRAILRGB {R=5 G=174 B=179}}
  CONTROLPOINT 10 {COLORMAPFRACTION = 0.214286 LEADRGB {R=5 G=183 B=167} TRAILRGB {R=5 G=183 B=167}}
  CONTROLPOINT 11 {COLORMAPFRACTION = 0.238095 LEADRGB {R=5 G=193 B=153} TRAILRGB {R=5 G=193 B=153}}
  CONTROLPOINT 12 {COLORMAPFRACTION = 0.261905 LEADRGB {R=5 G=202 B=140} TRAILRGB {R=5 G=202 B=140}}
  CONTROLPOINT 13 {COLORMAPFRACTION = 0.285714 LEADRGB {R=5 G=211 B=126} TRAILRGB {R=5 G=211 B=126}}
  CONTROLPOINT 14 {COLORMAPFRACTION = 0.309524 LEADRGB {R=5 G=220 B=109} TRAILRGB {R=5 G=220 B=109}}
  CONTROLPOINT 15 {COLORMAPFRACTION = 0.333333 LEADRGB {R=5 G=228 B=91} TRAILRGB {R=5 G=228 B=91}}
  CONTROLPOINT 16 {COLORMAPFRACTION = 0.357143 LEADRGB {R=4 G=237 B=74} TRAILRGB {R=4 G=237 B=74}}
  CONTROLPOINT 17 {COLORMAPFRACTION = 0.380952 LEADRGB {R=69 G=242 B=39} TRAILRGB {R=69 G=242 B=39}}
  CONTROLPOINT 18 {COLORMAPFRACTION = 0.404762 LEADRGB {R=125 G=245 B=28} TRAILRGB {R=125 G=245 B=28}}
  CONTROLPOINT 19 {COLORMAPFRACTION = 0.428571 LEADRGB {R=164 G=249 B=11} TRAILRGB {R=164 G=249 B=11}}
  CONTROLPOINT 20 {COLORMAPFRACTION = 0.452381 LEADRGB {R=194 G=251 B=8} TRAILRGB {R=194 G=251 B=8}}
  CONTROLPOINT 21 {COLORMAPFRACTION = 0.476190 LEADRGB {R=224 G=252 B=5} TRAILRGB {R=224 G=252 B=5}}
  CONTROLPOINT 22 {COLORMAPFRACTION = 0.500000 LEADRGB {R=254 G=254 B=3} TRAILRGB {R=254 G=254 B=3}}
  CONTROLPOINT 23 {COLORMAPFRACTION = 0.523810 LEADRGB {R=254 G=243 B=20} TRAILRGB {R=254 G=243 B=20}}
  CONTROLPOINT 24 {COLORMAPFRACTION = 0.571429 LEADRGB {R=254 G=220 B=55} TRAILRGB {R=254 G=220 B=55}}
  CONTROLPOINT 25 {COLORMAPFRACTION = 0.595238 LEADRGB {R=254 G=208 B=55} TRAILRGB {R=254 G=208 B=55}}
  CONTROLPOINT 26 {COLORMAPFRACTION = 0.619048 LEADRGB {R=254 G=196 B=55} TRAILRGB {R=254 G=196 B=55}}
  CONTROLPOINT 27 {COLORMAPFRACTION = 0.642857 LEADRGB {R=254 G=183 B=55} TRAILRGB {R=254 G=183 B=55}}
  CONTROLPOINT 28 {COLORMAPFRACTION = 0.666667 LEADRGB {R=254 G=171 B=55} TRAILRGB {R=254 G=171 B=55}}
  CONTROLPOINT 29 {COLORMAPFRACTION = 0.690476 LEADRGB {R=254 G=159 B=55} TRAILRGB {R=254 G=159 B=55}}
  CONTROLPOINT 30 {COLORMAPFRACTION = 0.714286 LEADRGB {R=254 G=147 B=55} TRAILRGB {R=254 G=147 B=55}}
  CONTROLPOINT 31 {COLORMAPFRACTION = 0.761905 LEADRGB {R=254 G=118 B=55} TRAILRGB {R=254 G=118 B=55}}
  CONTROLPOINT 32 {COLORMAPFRACTION = 0.785714 LEADRGB {R=254 G=104 B=55} TRAILRGB {R=254 G=104 B=55}}
  CONTROLPOINT 33 {COLORMAPFRACTION = 0.809524 LEADRGB {R=253 G=84 B=53} TRAILRGB {R=253 G=84 B=53}}
  CONTROLPOINT 34 {COLORMAPFRACTION = 0.833333 LEADRGB {R=251 G=66 B=48} TRAILRGB {R=251 G=66 B=48}}
  CONTROLPOINT 35 {COLORMAPFRACTION = 0.857143 LEADRGB {R=252 G=37 B=53} TRAILRGB {R=252 G=37 B=53}}
  CONTROLPOINT 36 {COLORMAPFRACTION = 0.880952 LEADRGB {R=242 G=29 B=64} TRAILRGB {R=242 G=29 B=64}}
  CONTROLPOINT 37 {COLORMAPFRACTION = 0.904762 LEADRGB {R=230 G=20 B=74} TRAILRGB {R=230 G=20 B=74}}
  CONTROLPOINT 38 {COLORMAPFRACTION = 0.928571 LEADRGB {R=218 G=10 B=84} TRAILRGB {R=218 G=10 B=84}}
  CONTROLPOINT 39 {COLORMAPFRACTION = 0.952381 LEADRGB {R=203 G=11 B=91} TRAILRGB {R=203 G=11 B=91}}
  CONTROLPOINT 40 {COLORMAPFRACTION = 0.976190 LEADRGB {R=189 G=11 B=98} TRAILRGB {R=189 G=11 B=98}}
  CONTROLPOINT 41 {COLORMAPFRACTION = 1.000000 LEADRGB {R=174 G=12 B=105} TRAILRGB {R=174 G=12 B=105}}
$!CREATECOLORMAP
  NAME = 'paraview - jet'
  NUMCONTROLPOINTS = 7
  CONTROLPOINT 1 {COLORMAPFRACTION = 0.000000 LEADRGB {R=0 G=0 B=143} TRAILRGB {R=0 G=0 B=143}}
  CONTROLPOINT 2 {COLORMAPFRACTION = 0.111111 LEADRGB {R=0 G=0 B=255} TRAILRGB {R=0 G=0 B=255}}
  CONTROLPOINT 3 {COLORMAPFRACTION = 0.365080 LEADRGB {R=0 G=255 B=255} TRAILRGB {R=0 G=255 B=255}}
  CONTROLPOINT 4 {COLORMAPFRACTION = 0.492063 LEADRGB {R=127 G=255 B=127} TRAILRGB {R=127 G=255 B=127}}
  CONTROLPOINT 5 {COLORMAPFRACTION = 0.619047 LEADRGB {R=255 G=255 B=0} TRAILRGB {R=255 G=255 B=0}}
  CONTROLPOINT 6 {COLORMAPFRACTION = 0.873016 LEADRGB {R=255 G=0 B=0} TRAILRGB {R=255 G=0 B=0}}
  CONTROLPOINT 7 {COLORMAPFRACTION = 1.000000 LEADRGB {R=127 G=0 B=0} TRAILRGB {R=127 G=0 B=0}}
