#!MC 1410
$!CREATECOLORMAP
  NAME = 'paraview - 8_30T1'
  NUMCONTROLPOINTS = 12
  CONTROLPOINT 1 {COLORMAPFRACTION = 0.000000 LEADRGB {R=3 G=3 B=26} TRAILRGB {R=3 G=3 B=26}}
  CONTROLPOINT 2 {COLORMAPFRACTION = 0.100000 LEADRGB {R=17 G=19 B=51} TRAILRGB {R=17 G=19 B=51}}
  CONTROLPOINT 3 {COLORMAPFRACTION = 0.200000 LEADRGB {R=29 G=42 B=82} TRAILRGB {R=29 G=42 B=82}}
  CONTROLPOINT 4 {COLORMAPFRACTION = 0.300000 LEADRGB {R=42 G=59 B=102} TRAILRGB {R=42 G=59 B=102}}
  CONTROLPOINT 5 {COLORMAPFRACTION = 0.400000 LEADRGB {R=59 G=84 B=128} TRAILRGB {R=59 G=84 B=128}}
  CONTROLPOINT 6 {COLORMAPFRACTION = 0.500000 LEADRGB {R=73 G=105 B=147} TRAILRGB {R=73 G=105 B=147}}
  CONTROLPOINT 7 {COLORMAPFRACTION = 0.600000 LEADRGB {R=91 G=128 B=165} TRAILRGB {R=91 G=128 B=165}}
  CONTROLPOINT 8 {COLORMAPFRACTION = 0.700000 LEADRGB {R=112 G=156 B=186} TRAILRGB {R=112 G=156 B=186}}
  CONTROLPOINT 9 {COLORMAPFRACTION = 0.800000 LEADRGB {R=133 G=182 B=204} TRAILRGB {R=133 G=182 B=204}}
  CONTROLPOINT 10 {COLORMAPFRACTION = 0.900000 LEADRGB {R=163 G=212 B=223} TRAILRGB {R=163 G=212 B=223}}
  CONTROLPOINT 11 {COLORMAPFRACTION = 0.950000 LEADRGB {R=198 G=235 B=242} TRAILRGB {R=198 G=235 B=242}}
  CONTROLPOINT 12 {COLORMAPFRACTION = 1.000000 LEADRGB {R=237 G=255 B=255} TRAILRGB {R=237 G=255 B=255}}
