#!MC 1410
$!CREATECOLORMAP
  NAME = 'paraview - Blue 3 / Blue 10 / Yellow Orange 7 / Yellow Orange 5'
  NUMCONTROLPOINTS = 43
  CONTROLPOINT 1 {COLORMAPFRACTION = 0.000000 LEADRGB {R=33 G=15 B=77} TRAILRGB {R=33 G=15 B=77}}
  CONTROLPOINT 2 {COLORMAPFRACTION = 0.004988 LEADRGB {R=42 G=28 B=107} TRAILRGB {R=42 G=28 B=107}}
  CONTROLPOINT 3 {COLORMAPFRACTION = 0.019951 LEADRGB {R=26 G=33 B=153} TRAILRGB {R=26 G=33 B=153}}
  CONTROLPOINT 4 {COLORMAPFRACTION = 0.034914 LEADRGB {R=19 G=66 B=181} TRAILRGB {R=19 G=66 B=181}}
  CONTROLPOINT 5 {COLORMAPFRACTION = 0.054865 LEADRGB {R=22 G=93 B=191} TRAILRGB {R=22 G=93 B=191}}
  CONTROLPOINT 6 {COLORMAPFRACTION = 0.059853 LEADRGB {R=31 G=110 B=195} TRAILRGB {R=31 G=110 B=195}}
  CONTROLPOINT 7 {COLORMAPFRACTION = 0.074817 LEADRGB {R=72 G=163 B=212} TRAILRGB {R=72 G=163 B=212}}
  CONTROLPOINT 8 {COLORMAPFRACTION = 0.084792 LEADRGB {R=102 G=198 B=221} TRAILRGB {R=102 G=198 B=221}}
  CONTROLPOINT 9 {COLORMAPFRACTION = 0.089780 LEADRGB {R=121 G=216 B=230} TRAILRGB {R=121 G=216 B=230}}
  CONTROLPOINT 10 {COLORMAPFRACTION = 0.097760 LEADRGB {R=163 G=246 B=244} TRAILRGB {R=163 G=246 B=244}}
  CONTROLPOINT 11 {COLORMAPFRACTION = 0.099755 LEADRGB {R=204 G=255 B=251} TRAILRGB {R=204 G=255 B=251}}
  CONTROLPOINT 12 {COLORMAPFRACTION = 0.119681 LEADRGB {R=214 G=249 B=246} TRAILRGB {R=214 G=249 B=246}}
  CONTROLPOINT 13 {COLORMAPFRACTION = 0.139597 LEADRGB {R=195 G=244 B=244} TRAILRGB {R=195 G=244 B=244}}
  CONTROLPOINT 14 {COLORMAPFRACTION = 0.259091 LEADRGB {R=135 G=179 B=193} TRAILRGB {R=135 G=179 B=193}}
  CONTROLPOINT 15 {COLORMAPFRACTION = 0.338753 LEADRGB {R=105 G=142 B=165} TRAILRGB {R=105 G=142 B=165}}
  CONTROLPOINT 16 {COLORMAPFRACTION = 0.378584 LEADRGB {R=93 G=124 B=153} TRAILRGB {R=93 G=124 B=153}}
  CONTROLPOINT 17 {COLORMAPFRACTION = 0.418416 LEADRGB {R=80 G=105 B=140} TRAILRGB {R=80 G=105 B=140}}
  CONTROLPOINT 18 {COLORMAPFRACTION = 0.438331 LEADRGB {R=77 G=96 B=135} TRAILRGB {R=77 G=96 B=135}}
  CONTROLPOINT 19 {COLORMAPFRACTION = 0.478163 LEADRGB {R=70 G=80 B=124} TRAILRGB {R=70 G=80 B=124}}
  CONTROLPOINT 20 {COLORMAPFRACTION = 0.498078 LEADRGB {R=65 G=73 B=117} TRAILRGB {R=65 G=73 B=117}}
  CONTROLPOINT 21 {COLORMAPFRACTION = 0.518187 LEADRGB {R=110 G=70 B=66} TRAILRGB {R=110 G=70 B=66}}
  CONTROLPOINT 22 {COLORMAPFRACTION = 0.558385 LEADRGB {R=130 G=82 B=72} TRAILRGB {R=130 G=82 B=72}}
  CONTROLPOINT 23 {COLORMAPFRACTION = 0.578485 LEADRGB {R=140 G=89 B=73} TRAILRGB {R=140 G=89 B=73}}
  CONTROLPOINT 24 {COLORMAPFRACTION = 0.638782 LEADRGB {R=168 G=109 B=72} TRAILRGB {R=168 G=109 B=72}}
  CONTROLPOINT 25 {COLORMAPFRACTION = 0.678980 LEADRGB {R=184 G=130 B=79} TRAILRGB {R=184 G=130 B=79}}
  CONTROLPOINT 26 {COLORMAPFRACTION = 0.699079 LEADRGB {R=193 G=142 B=89} TRAILRGB {R=193 G=142 B=89}}
  CONTROLPOINT 27 {COLORMAPFRACTION = 0.779475 LEADRGB {R=216 G=186 B=117} TRAILRGB {R=216 G=186 B=117}}
  CONTROLPOINT 28 {COLORMAPFRACTION = 0.879971 LEADRGB {R=246 G=244 B=202} TRAILRGB {R=246 G=244 B=202}}
  CONTROLPOINT 29 {COLORMAPFRACTION = 0.892030 LEADRGB {R=249 G=249 B=219} TRAILRGB {R=249 G=249 B=219}}
  CONTROLPOINT 30 {COLORMAPFRACTION = 0.900080 LEADRGB {R=252 G=252 B=192} TRAILRGB {R=252 G=252 B=192}}
  CONTROLPOINT 31 {COLORMAPFRACTION = 0.905076 LEADRGB {R=250 G=248 B=171} TRAILRGB {R=250 G=248 B=171}}
  CONTROLPOINT 32 {COLORMAPFRACTION = 0.910072 LEADRGB {R=250 G=243 B=153} TRAILRGB {R=250 G=243 B=153}}
  CONTROLPOINT 33 {COLORMAPFRACTION = 0.920064 LEADRGB {R=247 G=225 B=111} TRAILRGB {R=247 G=225 B=111}}
  CONTROLPOINT 34 {COLORMAPFRACTION = 0.925060 LEADRGB {R=246 G=214 B=88} TRAILRGB {R=246 G=214 B=88}}
  CONTROLPOINT 35 {COLORMAPFRACTION = 0.935052 LEADRGB {R=242 G=185 B=52} TRAILRGB {R=242 G=185 B=52}}
  CONTROLPOINT 36 {COLORMAPFRACTION = 0.940048 LEADRGB {R=240 G=171 B=36} TRAILRGB {R=240 G=171 B=36}}
  CONTROLPOINT 37 {COLORMAPFRACTION = 0.950040 LEADRGB {R=235 G=140 B=15} TRAILRGB {R=235 G=140 B=15}}
  CONTROLPOINT 38 {COLORMAPFRACTION = 0.955036 LEADRGB {R=232 G=126 B=10} TRAILRGB {R=232 G=126 B=10}}
  CONTROLPOINT 39 {COLORMAPFRACTION = 0.965028 LEADRGB {R=212 G=87 B=1} TRAILRGB {R=212 G=87 B=1}}
  CONTROLPOINT 40 {COLORMAPFRACTION = 0.970024 LEADRGB {R=198 G=69 B=0} TRAILRGB {R=198 G=69 B=0}}
  CONTROLPOINT 41 {COLORMAPFRACTION = 0.980016 LEADRGB {R=165 G=40 B=4} TRAILRGB {R=165 G=40 B=4}}
  CONTROLPOINT 42 {COLORMAPFRACTION = 0.985012 LEADRGB {R=146 G=26 B=7} TRAILRGB {R=146 G=26 B=7}}
  CONTROLPOINT 43 {COLORMAPFRACTION = 0.995004 LEADRGB {R=100 G=10 B=16} TRAILRGB {R=100 G=10 B=16}}
