#!MC 1410
$!CREATECOLORMAP
  NAME = 'paraview - bl_4_6_a'
  NUMCONTROLPOINTS = 11
  CONTROLPOINT 1 {COLORMAPFRACTION = 0.000000 LEADRGB {R=237 G=253 B=255} TRAILRGB {R=237 G=253 B=255}}
  CONTROLPOINT 2 {COLORMAPFRACTION = 0.100000 LEADRGB {R=198 G=237 B=246} TRAILRGB {R=198 G=237 B=246}}
  CONTROLPOINT 3 {COLORMAPFRACTION = 0.200000 LEADRGB {R=156 G=207 B=230} TRAILRGB {R=156 G=207 B=230}}
  CONTROLPOINT 4 {COLORMAPFRACTION = 0.300000 LEADRGB {R=130 G=181 B=216} TRAILRGB {R=130 G=181 B=216}}
  CONTROLPOINT 5 {COLORMAPFRACTION = 0.400000 LEADRGB {R=110 G=156 B=204} TRAILRGB {R=110 G=156 B=204}}
  CONTROLPOINT 6 {COLORMAPFRACTION = 0.500000 LEADRGB {R=87 G=130 B=191} TRAILRGB {R=87 G=130 B=191}}
  CONTROLPOINT 7 {COLORMAPFRACTION = 0.600000 LEADRGB {R=72 G=109 B=181} TRAILRGB {R=72 G=109 B=181}}
  CONTROLPOINT 8 {COLORMAPFRACTION = 0.700000 LEADRGB {R=58 G=86 B=170} TRAILRGB {R=58 G=86 B=170}}
  CONTROLPOINT 9 {COLORMAPFRACTION = 0.800000 LEADRGB {R=45 G=59 B=161} TRAILRGB {R=45 G=59 B=161}}
  CONTROLPOINT 10 {COLORMAPFRACTION = 0.900000 LEADRGB {R=31 G=33 B=144} TRAILRGB {R=31 G=33 B=144}}
  CONTROLPOINT 11 {COLORMAPFRACTION = 1.000000 LEADRGB {R=35 G=26 B=133} TRAILRGB {R=35 G=26 B=133}}
