#!MC 1410
$!CREATECOLORMAP
  NAME = 'paraview - 123B1'
  NUMCONTROLPOINTS = 20
  CONTROLPOINT 1 {COLORMAPFRACTION = 0.000000 LEADRGB {R=204 G=255 B=251} TRAILRGB {R=204 G=255 B=251}}
  CONTROLPOINT 2 {COLORMAPFRACTION = 0.020000 LEADRGB {R=163 G=246 B=244} TRAILRGB {R=163 G=246 B=244}}
  CONTROLPOINT 3 {COLORMAPFRACTION = 0.050000 LEADRGB {R=142 G=233 B=237} TRAILRGB {R=142 G=233 B=237}}
  CONTROLPOINT 4 {COLORMAPFRACTION = 0.100000 LEADRGB {R=121 G=216 B=230} TRAILRGB {R=121 G=216 B=230}}
  CONTROLPOINT 5 {COLORMAPFRACTION = 0.150000 LEADRGB {R=102 G=198 B=221} TRAILRGB {R=102 G=198 B=221}}
  CONTROLPOINT 6 {COLORMAPFRACTION = 0.200000 LEADRGB {R=86 G=179 B=216} TRAILRGB {R=86 G=179 B=216}}
  CONTROLPOINT 7 {COLORMAPFRACTION = 0.250000 LEADRGB {R=72 G=163 B=212} TRAILRGB {R=72 G=163 B=212}}
  CONTROLPOINT 8 {COLORMAPFRACTION = 0.300000 LEADRGB {R=58 G=147 B=207} TRAILRGB {R=58 G=147 B=207}}
  CONTROLPOINT 9 {COLORMAPFRACTION = 0.350000 LEADRGB {R=43 G=128 B=200} TRAILRGB {R=43 G=128 B=200}}
  CONTROLPOINT 10 {COLORMAPFRACTION = 0.400000 LEADRGB {R=31 G=110 B=195} TRAILRGB {R=31 G=110 B=195}}
  CONTROLPOINT 11 {COLORMAPFRACTION = 0.450000 LEADRGB {R=22 G=93 B=191} TRAILRGB {R=22 G=93 B=191}}
  CONTROLPOINT 12 {COLORMAPFRACTION = 0.600000 LEADRGB {R=22 G=79 B=186} TRAILRGB {R=22 G=79 B=186}}
  CONTROLPOINT 13 {COLORMAPFRACTION = 0.650000 LEADRGB {R=19 G=66 B=181} TRAILRGB {R=19 G=66 B=181}}
  CONTROLPOINT 14 {COLORMAPFRACTION = 0.700000 LEADRGB {R=21 G=54 B=172} TRAILRGB {R=21 G=54 B=172}}
  CONTROLPOINT 15 {COLORMAPFRACTION = 0.750000 LEADRGB {R=22 G=42 B=163} TRAILRGB {R=22 G=42 B=163}}
  CONTROLPOINT 16 {COLORMAPFRACTION = 0.800000 LEADRGB {R=26 G=33 B=153} TRAILRGB {R=26 G=33 B=153}}
  CONTROLPOINT 17 {COLORMAPFRACTION = 0.850000 LEADRGB {R=28 G=28 B=140} TRAILRGB {R=28 G=28 B=140}}
  CONTROLPOINT 18 {COLORMAPFRACTION = 0.900000 LEADRGB {R=38 G=28 B=128} TRAILRGB {R=38 G=28 B=128}}
  CONTROLPOINT 19 {COLORMAPFRACTION = 0.950000 LEADRGB {R=42 G=28 B=107} TRAILRGB {R=42 G=28 B=107}}
  CONTROLPOINT 20 {COLORMAPFRACTION = 1.000000 LEADRGB {R=33 G=15 B=77} TRAILRGB {R=33 G=15 B=77}}
