#!MC 1410
$!CREATECOLORMAP
  NAME = 'paraview - gray13'
  NUMCONTROLPOINTS = 21
  CONTROLPOINT 1 {COLORMAPFRACTION = 0.000000 LEADRGB {R=249 G=255 B=242} TRAILRGB {R=249 G=255 B=242}}
  CONTROLPOINT 2 {COLORMAPFRACTION = 0.050000 LEADRGB {R=240 G=249 B=232} TRAILRGB {R=240 G=249 B=232}}
  CONTROLPOINT 3 {COLORMAPFRACTION = 0.100000 LEADRGB {R=230 G=242 B=223} TRAILRGB {R=230 G=242 B=223}}
  CONTROLPOINT 4 {COLORMAPFRACTION = 0.150000 LEADRGB {R=221 G=235 B=212} TRAILRGB {R=221 G=235 B=212}}
  CONTROLPOINT 5 {COLORMAPFRACTION = 0.200000 LEADRGB {R=209 G=226 B=204} TRAILRGB {R=209 G=226 B=204}}
  CONTROLPOINT 6 {COLORMAPFRACTION = 0.250000 LEADRGB {R=196 G=216 B=193} TRAILRGB {R=196 G=216 B=193}}
  CONTROLPOINT 7 {COLORMAPFRACTION = 0.300000 LEADRGB {R=188 G=209 B=186} TRAILRGB {R=188 G=209 B=186}}
  CONTROLPOINT 8 {COLORMAPFRACTION = 0.350000 LEADRGB {R=175 G=198 B=175} TRAILRGB {R=175 G=198 B=175}}
  CONTROLPOINT 9 {COLORMAPFRACTION = 0.400000 LEADRGB {R=165 G=188 B=168} TRAILRGB {R=165 G=188 B=168}}
  CONTROLPOINT 10 {COLORMAPFRACTION = 0.450000 LEADRGB {R=154 G=179 B=158} TRAILRGB {R=154 G=179 B=158}}
  CONTROLPOINT 11 {COLORMAPFRACTION = 0.500000 LEADRGB {R=145 G=168 B=151} TRAILRGB {R=145 G=168 B=151}}
  CONTROLPOINT 12 {COLORMAPFRACTION = 0.550000 LEADRGB {R=133 G=156 B=140} TRAILRGB {R=133 G=156 B=140}}
  CONTROLPOINT 13 {COLORMAPFRACTION = 0.600000 LEADRGB {R=126 G=147 B=135} TRAILRGB {R=126 G=147 B=135}}
  CONTROLPOINT 14 {COLORMAPFRACTION = 0.650000 LEADRGB {R=119 G=140 B=130} TRAILRGB {R=119 G=140 B=130}}
  CONTROLPOINT 15 {COLORMAPFRACTION = 0.700000 LEADRGB {R=112 G=133 B=124} TRAILRGB {R=112 G=133 B=124}}
  CONTROLPOINT 16 {COLORMAPFRACTION = 0.750000 LEADRGB {R=107 G=128 B=121} TRAILRGB {R=107 G=128 B=121}}
  CONTROLPOINT 17 {COLORMAPFRACTION = 0.800000 LEADRGB {R=105 G=121 B=117} TRAILRGB {R=105 G=121 B=117}}
  CONTROLPOINT 18 {COLORMAPFRACTION = 0.850000 LEADRGB {R=103 G=117 B=114} TRAILRGB {R=103 G=117 B=114}}
  CONTROLPOINT 19 {COLORMAPFRACTION = 0.900000 LEADRGB {R=100 G=112 B=110} TRAILRGB {R=100 G=112 B=110}}
  CONTROLPOINT 20 {COLORMAPFRACTION = 0.950000 LEADRGB {R=98 G=107 B=107} TRAILRGB {R=98 G=107 B=107}}
  CONTROLPOINT 21 {COLORMAPFRACTION = 1.000000 LEADRGB {R=96 G=100 B=102} TRAILRGB {R=96 G=100 B=102}}
