#!MC 1410
$!CREATECOLORMAP
  NAME = 'paraview - Alternately Struct. 1 / Brown 9'
  NUMCONTROLPOINTS = 49
  CONTROLPOINT 1 {COLORMAPFRACTION = 0.000000 LEADRGB {R=0 G=47 B=63} TRAILRGB {R=0 G=47 B=63}}
  CONTROLPOINT 2 {COLORMAPFRACTION = 0.004107 LEADRGB {R=12 G=66 B=82} TRAILRGB {R=12 G=66 B=82}}
  CONTROLPOINT 3 {COLORMAPFRACTION = 0.012321 LEADRGB {R=33 G=96 B=107} TRAILRGB {R=33 G=96 B=107}}
  CONTROLPOINT 4 {COLORMAPFRACTION = 0.016429 LEADRGB {R=49 G=116 B=124} TRAILRGB {R=49 G=116 B=124}}
  CONTROLPOINT 5 {COLORMAPFRACTION = 0.024643 LEADRGB {R=89 G=165 B=165} TRAILRGB {R=89 G=165 B=165}}
  CONTROLPOINT 6 {COLORMAPFRACTION = 0.028460 LEADRGB {R=119 G=191 B=186} TRAILRGB {R=119 G=191 B=186}}
  CONTROLPOINT 7 {COLORMAPFRACTION = 0.035554 LEADRGB {R=179 G=230 B=219} TRAILRGB {R=179 G=230 B=219}}
  CONTROLPOINT 8 {COLORMAPFRACTION = 0.042057 LEADRGB {R=225 G=241 B=251} TRAILRGB {R=225 G=241 B=251}}
  CONTROLPOINT 9 {COLORMAPFRACTION = 0.046111 LEADRGB {R=208 G=230 B=244} TRAILRGB {R=208 G=230 B=244}}
  CONTROLPOINT 10 {COLORMAPFRACTION = 0.053142 LEADRGB {R=173 G=197 B=220} TRAILRGB {R=173 G=197 B=220}}
  CONTROLPOINT 11 {COLORMAPFRACTION = 0.057165 LEADRGB {R=155 G=180 B=205} TRAILRGB {R=155 G=180 B=205}}
  CONTROLPOINT 12 {COLORMAPFRACTION = 0.065211 LEADRGB {R=121 G=144 B=173} TRAILRGB {R=121 G=144 B=173}}
  CONTROLPOINT 13 {COLORMAPFRACTION = 0.069234 LEADRGB {R=106 G=128 B=157} TRAILRGB {R=106 G=128 B=157}}
  CONTROLPOINT 14 {COLORMAPFRACTION = 0.077280 LEADRGB {R=77 G=97 B=125} TRAILRGB {R=77 G=97 B=125}}
  CONTROLPOINT 15 {COLORMAPFRACTION = 0.083359 LEADRGB {R=91 G=110 B=110} TRAILRGB {R=91 G=110 B=110}}
  CONTROLPOINT 16 {COLORMAPFRACTION = 0.085412 LEADRGB {R=96 G=117 B=116} TRAILRGB {R=96 G=117 B=116}}
  CONTROLPOINT 17 {COLORMAPFRACTION = 0.089520 LEADRGB {R=109 G=130 B=124} TRAILRGB {R=109 G=130 B=124}}
  CONTROLPOINT 18 {COLORMAPFRACTION = 0.091573 LEADRGB {R=114 G=135 B=128} TRAILRGB {R=114 G=135 B=128}}
  CONTROLPOINT 19 {COLORMAPFRACTION = 0.095680 LEADRGB {R=124 G=144 B=133} TRAILRGB {R=124 G=144 B=133}}
  CONTROLPOINT 20 {COLORMAPFRACTION = 0.099788 LEADRGB {R=133 G=156 B=140} TRAILRGB {R=133 G=156 B=140}}
  CONTROLPOINT 21 {COLORMAPFRACTION = 0.101841 LEADRGB {R=140 G=161 B=144} TRAILRGB {R=140 G=161 B=144}}
  CONTROLPOINT 22 {COLORMAPFRACTION = 0.105948 LEADRGB {R=149 G=170 B=151} TRAILRGB {R=149 G=170 B=151}}
  CONTROLPOINT 23 {COLORMAPFRACTION = 0.108002 LEADRGB {R=154 G=175 B=154} TRAILRGB {R=154 G=175 B=154}}
  CONTROLPOINT 24 {COLORMAPFRACTION = 0.111307 LEADRGB {R=168 G=186 B=165} TRAILRGB {R=168 G=186 B=165}}
  CONTROLPOINT 25 {COLORMAPFRACTION = 0.114601 LEADRGB {R=188 G=200 B=182} TRAILRGB {R=188 G=200 B=182}}
  CONTROLPOINT 26 {COLORMAPFRACTION = 0.122539 LEADRGB {R=241 G=225 B=196} TRAILRGB {R=241 G=225 B=196}}
  CONTROLPOINT 27 {COLORMAPFRACTION = 0.128789 LEADRGB {R=231 G=201 B=151} TRAILRGB {R=231 G=201 B=151}}
  CONTROLPOINT 28 {COLORMAPFRACTION = 0.133180 LEADRGB {R=218 G=180 B=128} TRAILRGB {R=218 G=180 B=128}}
  CONTROLPOINT 29 {COLORMAPFRACTION = 0.147115 LEADRGB {R=162 G=115 B=78} TRAILRGB {R=162 G=115 B=78}}
  CONTROLPOINT 30 {COLORMAPFRACTION = 0.158769 LEADRGB {R=156 G=107 B=71} TRAILRGB {R=156 G=107 B=71}}
  CONTROLPOINT 31 {COLORMAPFRACTION = 0.162316 LEADRGB {R=194 G=152 B=65} TRAILRGB {R=194 G=152 B=65}}
  CONTROLPOINT 32 {COLORMAPFRACTION = 0.171027 LEADRGB {R=224 G=186 B=78} TRAILRGB {R=224 G=186 B=78}}
  CONTROLPOINT 33 {COLORMAPFRACTION = 0.179276 LEADRGB {R=231 G=204 B=93} TRAILRGB {R=231 G=204 B=93}}
  CONTROLPOINT 34 {COLORMAPFRACTION = 0.183400 LEADRGB {R=235 G=212 B=103} TRAILRGB {R=235 G=212 B=103}}
  CONTROLPOINT 35 {COLORMAPFRACTION = 0.191648 LEADRGB {R=243 G=230 B=139} TRAILRGB {R=243 G=230 B=139}}
  CONTROLPOINT 36 {COLORMAPFRACTION = 0.195773 LEADRGB {R=246 G=236 B=162} TRAILRGB {R=246 G=236 B=162}}
  CONTROLPOINT 37 {COLORMAPFRACTION = 0.200000 LEADRGB {R=251 G=251 B=242} TRAILRGB {R=251 G=251 B=242}}
  CONTROLPOINT 38 {COLORMAPFRACTION = 0.279916 LEADRGB {R=219 G=219 B=196} TRAILRGB {R=219 G=219 B=196}}
  CONTROLPOINT 39 {COLORMAPFRACTION = 0.319921 LEADRGB {R=204 G=202 B=179} TRAILRGB {R=204 G=202 B=179}}
  CONTROLPOINT 40 {COLORMAPFRACTION = 0.399930 LEADRGB {R=179 G=175 B=154} TRAILRGB {R=179 G=175 B=154}}
  CONTROLPOINT 41 {COLORMAPFRACTION = 0.439935 LEADRGB {R=165 G=161 B=140} TRAILRGB {R=165 G=161 B=140}}
  CONTROLPOINT 42 {COLORMAPFRACTION = 0.519944 LEADRGB {R=140 G=133 B=116} TRAILRGB {R=140 G=133 B=116}}
  CONTROLPOINT 43 {COLORMAPFRACTION = 0.559949 LEADRGB {R=130 G=121 B=107} TRAILRGB {R=130 G=121 B=107}}
  CONTROLPOINT 44 {COLORMAPFRACTION = 0.639958 LEADRGB {R=112 G=100 B=89} TRAILRGB {R=112 G=100 B=89}}
  CONTROLPOINT 45 {COLORMAPFRACTION = 0.719967 LEADRGB {R=96 G=84 B=75} TRAILRGB {R=96 G=84 B=75}}
  CONTROLPOINT 46 {COLORMAPFRACTION = 0.759972 LEADRGB {R=89 G=75 B=68} TRAILRGB {R=89 G=75 B=68}}
  CONTROLPOINT 47 {COLORMAPFRACTION = 0.839981 LEADRGB {R=73 G=59 B=54} TRAILRGB {R=73 G=59 B=54}}
  CONTROLPOINT 48 {COLORMAPFRACTION = 0.879986 LEADRGB {R=66 G=52 B=47} TRAILRGB {R=66 G=52 B=47}}
  CONTROLPOINT 49 {COLORMAPFRACTION = 0.959995 LEADRGB {R=51 G=36 B=35} TRAILRGB {R=51 G=36 B=35}}
