#!MC 1410
$!CREATECOLORMAP
  NAME = 'paraview - Rainbow Uniform'
  NUMCONTROLPOINTS = 41
  CONTROLPOINT 1 {COLORMAPFRACTION = 0.000000 LEADRGB {R=5 G=97 B=254} TRAILRGB {R=5 G=97 B=254}}
  CONTROLPOINT 2 {COLORMAPFRACTION = 0.023810 LEADRGB {R=5 G=108 B=247} TRAILRGB {R=5 G=108 B=247}}
  CONTROLPOINT 3 {COLORMAPFRACTION = 0.047619 LEADRGB {R=5 G=119 B=239} TRAILRGB {R=5 G=119 B=239}}
  CONTROLPOINT 4 {COLORMAPFRACTION = 0.071429 LEADRGB {R=5 G=130 B=232} TRAILRGB {R=5 G=130 B=232}}
  CONTROLPOINT 5 {COLORMAPFRACTION = 0.095238 LEADRGB {R=5 G=139 B=222} TRAILRGB {R=5 G=139 B=222}}
  CONTROLPOINT 6 {COLORMAPFRACTION = 0.119048 LEADRGB {R=5 G=148 B=212} TRAILRGB {R=5 G=148 B=212}}
  CONTROLPOINT 7 {COLORMAPFRACTION = 0.142857 LEADRGB {R=5 G=157 B=202} TRAILRGB {R=5 G=157 B=202}}
  CONTROLPOINT 8 {COLORMAPFRACTION = 0.166667 LEADRGB {R=5 G=166 B=191} TRAILRGB {R=5 G=166 B=191}}
  CONTROLPOINT 9 {COLORMAPFRACTION = 0.190476 LEADRGB {R=5 G=174 B=179} TRAILRGB {R=5 G=174 B=179}}
  CONTROLPOINT 10 {COLORMAPFRACTION = 0.214286 LEADRGB {R=5 G=183 B=167} TRAILRGB {R=5 G=183 B=167}}
  CONTROLPOINT 11 {COLORMAPFRACTION = 0.238095 LEADRGB {R=5 G=193 B=153} TRAILRGB {R=5 G=193 B=153}}
  CONTROLPOINT 12 {COLORMAPFRACTION = 0.261905 LEADRGB {R=5 G=202 B=140} TRAILRGB {R=5 G=202 B=140}}
  CONTROLPOINT 13 {COLORMAPFRACTION = 0.285714 LEADRGB {R=5 G=211 B=126} TRAILRGB {R=5 G=211 B=126}}
  CONTROLPOINT 14 {COLORMAPFRACTION = 0.309524 LEADRGB {R=5 G=220 B=109} TRAILRGB {R=5 G=220 B=109}}
  CONTROLPOINT 15 {COLORMAPFRACTION = 0.333333 LEADRGB {R=5 G=228 B=91} TRAILRGB {R=5 G=228 B=91}}
  CONTROLPOINT 16 {COLORMAPFRACTION = 0.357143 LEADRGB {R=4 G=237 B=74} TRAILRGB {R=4 G=237 B=74}}
  CONTROLPOINT 17 {COLORMAPFRACTION = 0.380952 LEADRGB {R=69 G=242 B=39} TRAILRGB {R=69 G=242 B=39}}
  CONTROLPOINT 18 {COLORMAPFRACTION = 0.404762 LEADRGB {R=125 G=245 B=28} TRAILRGB {R=125 G=245 B=28}}
  CONTROLPOINT 19 {COLORMAPFRACTION = 0.428571 LEADRGB {R=164 G=249 B=11} TRAILRGB {R=164 G=249 B=11}}
  CONTROLPOINT 20 {COLORMAPFRACTION = 0.452381 LEADRGB {R=194 G=251 B=8} TRAILRGB {R=194 G=251 B=8}}
  CONTROLPOINT 21 {COLORMAPFRACTION = 0.476190 LEADRGB {R=224 G=252 B=5} TRAILRGB {R=224 G=252 B=5}}
  CONTROLPOINT 22 {COLORMAPFRACTION = 0.500000 LEADRGB {R=254 G=254 B=3} TRAILRGB {R=254 G=254 B=3}}
  CONTROLPOINT 23 {COLORMAPFRACTION = 0.523810 LEADRGB {R=254 G=243 B=20} TRAILRGB {R=254 G=243 B=20}}
  CONTROLPOINT 24 {COLORMAPFRACTION = 0.571429 LEADRGB {R=254 G=220 B=55} TRAILRGB {R=254 G=220 B=55}}
  CONTROLPOINT 25 {COLORMAPFRACTION = 0.595238 LEADRGB {R=254 G=208 B=55} TRAILRGB {R=254 G=208 B=55}}
  CONTROLPOINT 26 {COLORMAPFRACTION = 0.619048 LEADRGB {R=254 G=196 B=55} TRAILRGB {R=254 G=196 B=55}}
  CONTROLPOINT 27 {COLORMAPFRACTION = 0.642857 LEADRGB {R=254 G=183 B=55} TRAILRGB {R=254 G=183 B=55}}
  CONTROLPOINT 28 {COLORMAPFRACTION = 0.666667 LEADRGB {R=254 G=171 B=55} TRAILRGB {R=254 G=171 B=55}}
  CONTROLPOINT 29 {COLORMAPFRACTION = 0.690476 LEADRGB {R=254 G=159 B=55} TRAILRGB {R=254 G=159 B=55}}
  CONTROLPOINT 30 {COLORMAPFRACTION = 0.714286 LEADRGB {R=254 G=147 B=55} TRAILRGB {R=254 G=147 B=55}}
  CONTROLPOINT 31 {COLORMAPFRACTION = 0.761905 LEADRGB {R=254 G=118 B=55} TRAILRGB {R=254 G=118 B=55}}
  CONTROLPOINT 32 {COLORMAPFRACTION = 0.785714 LEADRGB {R=254 G=104 B=55} TRAILRGB {R=254 G=104 B=55}}
  CONTROLPOINT 33 {COLORMAPFRACTION = 0.809524 LEADRGB {R=253 G=84 B=53} TRAILRGB {R=253 G=84 B=53}}
  CONTROLPOINT 34 {COLORMAPFRACTION = 0.833333 LEADRGB {R=251 G=66 B=48} TRAILRGB {R=251 G=66 B=48}}
  CONTROLPOINT 35 {COLORMAPFRACTION = 0.857143 LEADRGB {R=252 G=37 B=53} TRAILRGB {R=252 G=37 B=53}}
  CONTROLPOINT 36 {COLORMAPFRACTION = 0.880952 LEADRGB {R=242 G=29 B=64} TRAILRGB {R=242 G=29 B=64}}
  CONTROLPOINT 37 {COLORMAPFRACTION = 0.904762 LEADRGB {R=230 G=20 B=74} TRAILRGB {R=230 G=20 B=74}}
  CONTROLPOINT 38 {COLORMAPFRACTION = 0.928571 LEADRGB {R=218 G=10 B=84} TRAILRGB {R=218 G=10 B=84}}
  CONTROLPOINT 39 {COLORMAPFRACTION = 0.952381 LEADRGB {R=203 G=11 B=91} TRAILRGB {R=203 G=11 B=91}}
  CONTROLPOINT 40 {COLORMAPFRACTION = 0.976190 LEADRGB {R=189 G=11 B=98} TRAILRGB {R=189 G=11 B=98}}
  CONTROLPOINT 41 {COLORMAPFRACTION = 1.000000 LEADRGB {R=174 G=12 B=105} TRAILRGB {R=174 G=12 B=105}}
