#!MC 1410
$!CREATECOLORMAP
  NAME = 'paraview - Linear Green (Gr4L)'
  NUMCONTROLPOINTS = 21
  CONTROLPOINT 1 {COLORMAPFRACTION = 0.000000 LEADRGB {R=14 G=28 B=31} TRAILRGB {R=14 G=28 B=31}}
  CONTROLPOINT 2 {COLORMAPFRACTION = 0.050000 LEADRGB {R=19 G=43 B=45} TRAILRGB {R=19 G=43 B=45}}
  CONTROLPOINT 3 {COLORMAPFRACTION = 0.100000 LEADRGB {R=22 G=59 B=56} TRAILRGB {R=22 G=59 B=56}}
  CONTROLPOINT 4 {COLORMAPFRACTION = 0.150000 LEADRGB {R=24 G=70 B=63} TRAILRGB {R=24 G=70 B=63}}
  CONTROLPOINT 5 {COLORMAPFRACTION = 0.200000 LEADRGB {R=28 G=89 B=70} TRAILRGB {R=28 G=89 B=70}}
  CONTROLPOINT 6 {COLORMAPFRACTION = 0.250000 LEADRGB {R=28 G=102 B=70} TRAILRGB {R=28 G=102 B=70}}
  CONTROLPOINT 7 {COLORMAPFRACTION = 0.300000 LEADRGB {R=29 G=114 B=68} TRAILRGB {R=29 G=114 B=68}}
  CONTROLPOINT 8 {COLORMAPFRACTION = 0.350000 LEADRGB {R=29 G=124 B=61} TRAILRGB {R=29 G=124 B=61}}
  CONTROLPOINT 9 {COLORMAPFRACTION = 0.400000 LEADRGB {R=28 G=133 B=52} TRAILRGB {R=28 G=133 B=52}}
  CONTROLPOINT 10 {COLORMAPFRACTION = 0.450000 LEADRGB {R=28 G=140 B=38} TRAILRGB {R=28 G=140 B=38}}
  CONTROLPOINT 11 {COLORMAPFRACTION = 0.500000 LEADRGB {R=21 G=149 B=21} TRAILRGB {R=21 G=149 B=21}}
  CONTROLPOINT 12 {COLORMAPFRACTION = 0.550000 LEADRGB {R=28 G=161 B=12} TRAILRGB {R=28 G=161 B=12}}
  CONTROLPOINT 13 {COLORMAPFRACTION = 0.600000 LEADRGB {R=54 G=172 B=21} TRAILRGB {R=54 G=172 B=21}}
  CONTROLPOINT 14 {COLORMAPFRACTION = 0.650000 LEADRGB {R=80 G=184 B=28} TRAILRGB {R=80 G=184 B=28}}
  CONTROLPOINT 15 {COLORMAPFRACTION = 0.700000 LEADRGB {R=110 G=193 B=40} TRAILRGB {R=110 G=193 B=40}}
  CONTROLPOINT 16 {COLORMAPFRACTION = 0.750000 LEADRGB {R=142 G=204 B=61} TRAILRGB {R=142 G=204 B=61}}
  CONTROLPOINT 17 {COLORMAPFRACTION = 0.800000 LEADRGB {R=170 G=214 B=75} TRAILRGB {R=170 G=214 B=75}}
  CONTROLPOINT 18 {COLORMAPFRACTION = 0.850000 LEADRGB {R=200 G=223 B=100} TRAILRGB {R=200 G=223 B=100}}
  CONTROLPOINT 19 {COLORMAPFRACTION = 0.900000 LEADRGB {R=226 G=235 B=135} TRAILRGB {R=226 G=235 B=135}}
  CONTROLPOINT 20 {COLORMAPFRACTION = 0.950000 LEADRGB {R=244 G=242 B=170} TRAILRGB {R=244 G=242 B=170}}
  CONTROLPOINT 21 {COLORMAPFRACTION = 1.000000 LEADRGB {R=255 G=251 B=230} TRAILRGB {R=255 G=251 B=230}}
