#!MC 1410
$!CREATECOLORMAP
  NAME = 'paraview - Blue Orange (divergent)'
  NUMCONTROLPOINTS = 42
  CONTROLPOINT 1 {COLORMAPFRACTION = 0.000000 LEADRGB {R=22 G=1 B=76} TRAILRGB {R=22 G=1 B=76}}
  CONTROLPOINT 2 {COLORMAPFRACTION = 0.030334 LEADRGB {R=28 G=5 B=114} TRAILRGB {R=28 G=5 B=114}}
  CONTROLPOINT 3 {COLORMAPFRACTION = 0.055527 LEADRGB {R=26 G=13 B=130} TRAILRGB {R=26 G=13 B=130}}
  CONTROLPOINT 4 {COLORMAPFRACTION = 0.073008 LEADRGB {R=10 G=10 B=142} TRAILRGB {R=10 G=10 B=142}}
  CONTROLPOINT 5 {COLORMAPFRACTION = 0.089974 LEADRGB {R=7 G=24 B=153} TRAILRGB {R=7 G=24 B=153}}
  CONTROLPOINT 6 {COLORMAPFRACTION = 0.106427 LEADRGB {R=11 G=42 B=163} TRAILRGB {R=11 G=42 B=163}}
  CONTROLPOINT 7 {COLORMAPFRACTION = 0.130077 LEADRGB {R=14 G=61 B=172} TRAILRGB {R=14 G=61 B=172}}
  CONTROLPOINT 8 {COLORMAPFRACTION = 0.161440 LEADRGB {R=14 G=80 B=181} TRAILRGB {R=14 G=80 B=181}}
  CONTROLPOINT 9 {COLORMAPFRACTION = 0.200000 LEADRGB {R=13 G=100 B=188} TRAILRGB {R=13 G=100 B=188}}
  CONTROLPOINT 10 {COLORMAPFRACTION = 0.225000 LEADRGB {R=10 G=119 B=195} TRAILRGB {R=10 G=119 B=195}}
  CONTROLPOINT 11 {COLORMAPFRACTION = 0.250000 LEADRGB {R=7 G=137 B=200} TRAILRGB {R=7 G=137 B=200}}
  CONTROLPOINT 12 {COLORMAPFRACTION = 0.276093 LEADRGB {R=7 G=156 B=207} TRAILRGB {R=7 G=156 B=207}}
  CONTROLPOINT 13 {COLORMAPFRACTION = 0.302828 LEADRGB {R=5 G=181 B=212} TRAILRGB {R=5 G=181 B=212}}
  CONTROLPOINT 14 {COLORMAPFRACTION = 0.351671 LEADRGB {R=17 G=218 B=221} TRAILRGB {R=17 G=218 B=221}}
  CONTROLPOINT 15 {COLORMAPFRACTION = 0.372237 LEADRGB {R=66 G=230 B=219} TRAILRGB {R=66 G=230 B=219}}
  CONTROLPOINT 16 {COLORMAPFRACTION = 0.417995 LEADRGB {R=145 G=246 B=212} TRAILRGB {R=145 G=246 B=212}}
  CONTROLPOINT 17 {COLORMAPFRACTION = 0.436504 LEADRGB {R=168 G=249 B=214} TRAILRGB {R=168 G=249 B=214}}
  CONTROLPOINT 18 {COLORMAPFRACTION = 0.449871 LEADRGB {R=195 G=249 B=221} TRAILRGB {R=195 G=249 B=221}}
  CONTROLPOINT 19 {COLORMAPFRACTION = 0.464267 LEADRGB {R=211 G=249 B=226} TRAILRGB {R=211 G=249 B=226}}
  CONTROLPOINT 20 {COLORMAPFRACTION = 0.492545 LEADRGB {R=232 G=251 B=239} TRAILRGB {R=232 G=251 B=239}}
  CONTROLPOINT 21 {COLORMAPFRACTION = 0.501285 LEADRGB {R=255 G=255 B=247} TRAILRGB {R=255 G=255 B=247}}
  CONTROLPOINT 22 {COLORMAPFRACTION = 0.510026 LEADRGB {R=251 G=249 B=221} TRAILRGB {R=251 G=249 B=221}}
  CONTROLPOINT 23 {COLORMAPFRACTION = 0.522879 LEADRGB {R=252 G=247 B=205} TRAILRGB {R=252 G=247 B=205}}
  CONTROLPOINT 24 {COLORMAPFRACTION = 0.532648 LEADRGB {R=253 G=246 B=181} TRAILRGB {R=253 G=246 B=181}}
  CONTROLPOINT 25 {COLORMAPFRACTION = 0.575321 LEADRGB {R=249 G=233 B=130} TRAILRGB {R=249 G=233 B=130}}
  CONTROLPOINT 26 {COLORMAPFRACTION = 0.597429 LEADRGB {R=246 G=223 B=103} TRAILRGB {R=246 G=223 B=103}}
  CONTROLPOINT 27 {COLORMAPFRACTION = 0.620051 LEADRGB {R=242 G=209 B=82} TRAILRGB {R=242 G=209 B=82}}
  CONTROLPOINT 28 {COLORMAPFRACTION = 0.636504 LEADRGB {R=237 G=198 B=70} TRAILRGB {R=237 G=198 B=70}}
  CONTROLPOINT 29 {COLORMAPFRACTION = 0.660668 LEADRGB {R=232 G=182 B=59} TRAILRGB {R=232 G=182 B=59}}
  CONTROLPOINT 30 {COLORMAPFRACTION = 0.700000 LEADRGB {R=223 G=158 B=42} TRAILRGB {R=223 G=158 B=42}}
  CONTROLPOINT 31 {COLORMAPFRACTION = 0.725000 LEADRGB {R=221 G=140 B=40} TRAILRGB {R=221 G=140 B=40}}
  CONTROLPOINT 32 {COLORMAPFRACTION = 0.750000 LEADRGB {R=216 G=121 B=36} TRAILRGB {R=216 G=121 B=36}}
  CONTROLPOINT 33 {COLORMAPFRACTION = 0.775000 LEADRGB {R=212 G=105 B=33} TRAILRGB {R=212 G=105 B=33}}
  CONTROLPOINT 34 {COLORMAPFRACTION = 0.800000 LEADRGB {R=207 G=87 B=28} TRAILRGB {R=207 G=87 B=28}}
  CONTROLPOINT 35 {COLORMAPFRACTION = 0.825000 LEADRGB {R=200 G=68 B=23} TRAILRGB {R=200 G=68 B=23}}
  CONTROLPOINT 36 {COLORMAPFRACTION = 0.850000 LEADRGB {R=188 G=47 B=18} TRAILRGB {R=188 G=47 B=18}}
  CONTROLPOINT 37 {COLORMAPFRACTION = 0.875000 LEADRGB {R=175 G=31 B=16} TRAILRGB {R=175 G=31 B=16}}
  CONTROLPOINT 38 {COLORMAPFRACTION = 0.900000 LEADRGB {R=158 G=16 B=11} TRAILRGB {R=158 G=16 B=11}}
  CONTROLPOINT 39 {COLORMAPFRACTION = 0.923393 LEADRGB {R=140 G=7 B=17} TRAILRGB {R=140 G=7 B=17}}
  CONTROLPOINT 40 {COLORMAPFRACTION = 0.943959 LEADRGB {R=119 G=4 B=23} TRAILRGB {R=119 G=4 B=23}}
  CONTROLPOINT 41 {COLORMAPFRACTION = 0.967095 LEADRGB {R=102 G=1 B=26} TRAILRGB {R=102 G=1 B=26}}
  CONTROLPOINT 42 {COLORMAPFRACTION = 1.000000 LEADRGB {R=47 G=0 B=17} TRAILRGB {R=47 G=0 B=17}}
