#!MC 1410
$!CREATECOLORMAP
  NAME = 'paraview - Blue - Green - Orange'
  NUMCONTROLPOINTS = 43
  CONTROLPOINT 1 {COLORMAPFRACTION = 0.000000 LEADRGB {R=212 G=232 B=249} TRAILRGB {R=212 G=232 B=249}}
  CONTROLPOINT 2 {COLORMAPFRACTION = 0.012500 LEADRGB {R=191 G=219 B=244} TRAILRGB {R=191 G=219 B=244}}
  CONTROLPOINT 3 {COLORMAPFRACTION = 0.050000 LEADRGB {R=144 G=193 B=235} TRAILRGB {R=144 G=193 B=235}}
  CONTROLPOINT 4 {COLORMAPFRACTION = 0.100000 LEADRGB {R=87 G=163 B=219} TRAILRGB {R=87 G=163 B=219}}
  CONTROLPOINT 5 {COLORMAPFRACTION = 0.125000 LEADRGB {R=63 G=145 B=209} TRAILRGB {R=63 G=145 B=209}}
  CONTROLPOINT 6 {COLORMAPFRACTION = 0.150000 LEADRGB {R=45 G=133 B=198} TRAILRGB {R=45 G=133 B=198}}
  CONTROLPOINT 7 {COLORMAPFRACTION = 0.180000 LEADRGB {R=33 G=114 B=181} TRAILRGB {R=33 G=114 B=181}}
  CONTROLPOINT 8 {COLORMAPFRACTION = 0.200000 LEADRGB {R=26 G=109 B=175} TRAILRGB {R=26 G=109 B=175}}
  CONTROLPOINT 9 {COLORMAPFRACTION = 0.210000 LEADRGB {R=24 G=103 B=168} TRAILRGB {R=24 G=103 B=168}}
  CONTROLPOINT 10 {COLORMAPFRACTION = 0.220000 LEADRGB {R=22 G=100 B=163} TRAILRGB {R=22 G=100 B=163}}
  CONTROLPOINT 11 {COLORMAPFRACTION = 0.230000 LEADRGB {R=21 G=93 B=158} TRAILRGB {R=21 G=93 B=158}}
  CONTROLPOINT 12 {COLORMAPFRACTION = 0.240000 LEADRGB {R=17 G=89 B=153} TRAILRGB {R=17 G=89 B=153}}
  CONTROLPOINT 13 {COLORMAPFRACTION = 0.250000 LEADRGB {R=17 G=84 B=144} TRAILRGB {R=17 G=84 B=144}}
  CONTROLPOINT 14 {COLORMAPFRACTION = 0.270000 LEADRGB {R=22 G=77 B=130} TRAILRGB {R=22 G=77 B=130}}
  CONTROLPOINT 15 {COLORMAPFRACTION = 0.280000 LEADRGB {R=24 G=73 B=121} TRAILRGB {R=24 G=73 B=121}}
  CONTROLPOINT 16 {COLORMAPFRACTION = 0.290000 LEADRGB {R=26 G=70 B=114} TRAILRGB {R=26 G=70 B=114}}
  CONTROLPOINT 17 {COLORMAPFRACTION = 0.300000 LEADRGB {R=28 G=68 B=105} TRAILRGB {R=28 G=68 B=105}}
  CONTROLPOINT 18 {COLORMAPFRACTION = 0.310000 LEADRGB {R=28 G=66 B=96} TRAILRGB {R=28 G=66 B=96}}
  CONTROLPOINT 19 {COLORMAPFRACTION = 0.320000 LEADRGB {R=28 G=63 B=89} TRAILRGB {R=28 G=63 B=89}}
  CONTROLPOINT 20 {COLORMAPFRACTION = 0.330000 LEADRGB {R=28 G=68 B=82} TRAILRGB {R=28 G=68 B=82}}
  CONTROLPOINT 21 {COLORMAPFRACTION = 0.340000 LEADRGB {R=26 G=77 B=66} TRAILRGB {R=26 G=77 B=66}}
  CONTROLPOINT 22 {COLORMAPFRACTION = 0.350000 LEADRGB {R=24 G=79 B=61} TRAILRGB {R=24 G=79 B=61}}
  CONTROLPOINT 23 {COLORMAPFRACTION = 0.360000 LEADRGB {R=21 G=82 B=58} TRAILRGB {R=21 G=82 B=58}}
  CONTROLPOINT 24 {COLORMAPFRACTION = 0.380000 LEADRGB {R=17 G=91 B=54} TRAILRGB {R=17 G=91 B=54}}
  CONTROLPOINT 25 {COLORMAPFRACTION = 0.400000 LEADRGB {R=15 G=102 B=45} TRAILRGB {R=15 G=102 B=45}}
  CONTROLPOINT 26 {COLORMAPFRACTION = 0.425000 LEADRGB {R=19 G=107 B=36} TRAILRGB {R=19 G=107 B=36}}
  CONTROLPOINT 27 {COLORMAPFRACTION = 0.450000 LEADRGB {R=22 G=112 B=29} TRAILRGB {R=22 G=112 B=29}}
  CONTROLPOINT 28 {COLORMAPFRACTION = 0.500000 LEADRGB {R=47 G=128 B=38} TRAILRGB {R=47 G=128 B=38}}
  CONTROLPOINT 29 {COLORMAPFRACTION = 0.525000 LEADRGB {R=65 G=137 B=47} TRAILRGB {R=65 G=137 B=47}}
  CONTROLPOINT 30 {COLORMAPFRACTION = 0.550000 LEADRGB {R=82 G=147 B=59} TRAILRGB {R=82 G=147 B=59}}
  CONTROLPOINT 31 {COLORMAPFRACTION = 0.575000 LEADRGB {R=103 G=158 B=70} TRAILRGB {R=103 G=158 B=70}}
  CONTROLPOINT 32 {COLORMAPFRACTION = 0.600000 LEADRGB {R=128 G=170 B=84} TRAILRGB {R=128 G=170 B=84}}
  CONTROLPOINT 33 {COLORMAPFRACTION = 0.630000 LEADRGB {R=151 G=186 B=102} TRAILRGB {R=151 G=186 B=102}}
  CONTROLPOINT 34 {COLORMAPFRACTION = 0.650000 LEADRGB {R=188 G=200 B=124} TRAILRGB {R=188 G=200 B=124}}
  CONTROLPOINT 35 {COLORMAPFRACTION = 0.670000 LEADRGB {R=219 G=219 B=154} TRAILRGB {R=219 G=219 B=154}}
  CONTROLPOINT 36 {COLORMAPFRACTION = 0.700000 LEADRGB {R=235 G=212 B=147} TRAILRGB {R=235 G=212 B=147}}
  CONTROLPOINT 37 {COLORMAPFRACTION = 0.750000 LEADRGB {R=230 G=186 B=126} TRAILRGB {R=230 G=186 B=126}}
  CONTROLPOINT 38 {COLORMAPFRACTION = 0.800000 LEADRGB {R=219 G=149 B=98} TRAILRGB {R=219 G=149 B=98}}
  CONTROLPOINT 39 {COLORMAPFRACTION = 0.850000 LEADRGB {R=204 G=112 B=82} TRAILRGB {R=204 G=112 B=82}}
  CONTROLPOINT 40 {COLORMAPFRACTION = 0.900000 LEADRGB {R=172 G=75 B=52} TRAILRGB {R=172 G=75 B=52}}
  CONTROLPOINT 41 {COLORMAPFRACTION = 0.950000 LEADRGB {R=140 G=42 B=28} TRAILRGB {R=140 G=42 B=28}}
  CONTROLPOINT 42 {COLORMAPFRACTION = 0.975000 LEADRGB {R=121 G=21 B=12} TRAILRGB {R=121 G=21 B=12}}
  CONTROLPOINT 43 {COLORMAPFRACTION = 1.000000 LEADRGB {R=114 G=1 B=0} TRAILRGB {R=114 G=1 B=0}}
