#!MC 1410
$!CREATECOLORMAP
  NAME = 'paraview - Viridis (matplotlib)'
  NUMCONTROLPOINTS = 49
  CONTROLPOINT 1 {COLORMAPFRACTION = 0.000000 LEADRGB {R=68 G=1 B=84} TRAILRGB {R=68 G=1 B=84}}
  CONTROLPOINT 2 {COLORMAPFRACTION = 0.019608 LEADRGB {R=69 G=8 B=91} TRAILRGB {R=69 G=8 B=91}}
  CONTROLPOINT 3 {COLORMAPFRACTION = 0.039216 LEADRGB {R=71 G=15 B=98} TRAILRGB {R=71 G=15 B=98}}
  CONTROLPOINT 4 {COLORMAPFRACTION = 0.058824 LEADRGB {R=71 G=22 B=105} TRAILRGB {R=71 G=22 B=105}}
  CONTROLPOINT 5 {COLORMAPFRACTION = 0.078431 LEADRGB {R=72 G=29 B=111} TRAILRGB {R=72 G=29 B=111}}
  CONTROLPOINT 6 {COLORMAPFRACTION = 0.098039 LEADRGB {R=72 G=35 B=116} TRAILRGB {R=72 G=35 B=116}}
  CONTROLPOINT 7 {COLORMAPFRACTION = 0.117647 LEADRGB {R=71 G=42 B=121} TRAILRGB {R=71 G=42 B=121}}
  CONTROLPOINT 8 {COLORMAPFRACTION = 0.137255 LEADRGB {R=70 G=48 B=125} TRAILRGB {R=70 G=48 B=125}}
  CONTROLPOINT 9 {COLORMAPFRACTION = 0.156863 LEADRGB {R=69 G=54 B=129} TRAILRGB {R=69 G=54 B=129}}
  CONTROLPOINT 10 {COLORMAPFRACTION = 0.180392 LEADRGB {R=66 G=61 B=132} TRAILRGB {R=66 G=61 B=132}}
  CONTROLPOINT 11 {COLORMAPFRACTION = 0.200000 LEADRGB {R=64 G=67 B=135} TRAILRGB {R=64 G=67 B=135}}
  CONTROLPOINT 12 {COLORMAPFRACTION = 0.219608 LEADRGB {R=62 G=73 B=137} TRAILRGB {R=62 G=73 B=137}}
  CONTROLPOINT 13 {COLORMAPFRACTION = 0.239216 LEADRGB {R=60 G=78 B=138} TRAILRGB {R=60 G=78 B=138}}
  CONTROLPOINT 14 {COLORMAPFRACTION = 0.258824 LEADRGB {R=57 G=84 B=139} TRAILRGB {R=57 G=84 B=139}}
  CONTROLPOINT 15 {COLORMAPFRACTION = 0.278431 LEADRGB {R=55 G=89 B=140} TRAILRGB {R=55 G=89 B=140}}
  CONTROLPOINT 16 {COLORMAPFRACTION = 0.298039 LEADRGB {R=52 G=94 B=141} TRAILRGB {R=52 G=94 B=141}}
  CONTROLPOINT 17 {COLORMAPFRACTION = 0.317647 LEADRGB {R=50 G=99 B=141} TRAILRGB {R=50 G=99 B=141}}
  CONTROLPOINT 18 {COLORMAPFRACTION = 0.341176 LEADRGB {R=47 G=105 B=141} TRAILRGB {R=47 G=105 B=141}}
  CONTROLPOINT 19 {COLORMAPFRACTION = 0.360784 LEADRGB {R=45 G=110 B=142} TRAILRGB {R=45 G=110 B=142}}
  CONTROLPOINT 20 {COLORMAPFRACTION = 0.380392 LEADRGB {R=43 G=115 B=142} TRAILRGB {R=43 G=115 B=142}}
  CONTROLPOINT 21 {COLORMAPFRACTION = 0.400000 LEADRGB {R=41 G=120 B=142} TRAILRGB {R=41 G=120 B=142}}
  CONTROLPOINT 22 {COLORMAPFRACTION = 0.419608 LEADRGB {R=39 G=124 B=142} TRAILRGB {R=39 G=124 B=142}}
  CONTROLPOINT 23 {COLORMAPFRACTION = 0.439216 LEADRGB {R=38 G=129 B=142} TRAILRGB {R=38 G=129 B=142}}
  CONTROLPOINT 24 {COLORMAPFRACTION = 0.458824 LEADRGB {R=36 G=134 B=141} TRAILRGB {R=36 G=134 B=141}}
  CONTROLPOINT 25 {COLORMAPFRACTION = 0.478431 LEADRGB {R=34 G=138 B=141} TRAILRGB {R=34 G=138 B=141}}
  CONTROLPOINT 26 {COLORMAPFRACTION = 0.501961 LEADRGB {R=32 G=144 B=140} TRAILRGB {R=32 G=144 B=140}}
  CONTROLPOINT 27 {COLORMAPFRACTION = 0.521569 LEADRGB {R=31 G=149 B=139} TRAILRGB {R=31 G=149 B=139}}
  CONTROLPOINT 28 {COLORMAPFRACTION = 0.541176 LEADRGB {R=30 G=153 B=138} TRAILRGB {R=30 G=153 B=138}}
  CONTROLPOINT 29 {COLORMAPFRACTION = 0.560784 LEADRGB {R=30 G=158 B=136} TRAILRGB {R=30 G=158 B=136}}
  CONTROLPOINT 30 {COLORMAPFRACTION = 0.600000 LEADRGB {R=34 G=167 B=132} TRAILRGB {R=34 G=167 B=132}}
  CONTROLPOINT 31 {COLORMAPFRACTION = 0.619608 LEADRGB {R=38 G=172 B=129} TRAILRGB {R=38 G=172 B=129}}
  CONTROLPOINT 32 {COLORMAPFRACTION = 0.639216 LEADRGB {R=43 G=177 B=125} TRAILRGB {R=43 G=177 B=125}}
  CONTROLPOINT 33 {COLORMAPFRACTION = 0.658824 LEADRGB {R=50 G=181 B=122} TRAILRGB {R=50 G=181 B=122}}
  CONTROLPOINT 34 {COLORMAPFRACTION = 0.682353 LEADRGB {R=59 G=186 B=117} TRAILRGB {R=59 G=186 B=117}}
  CONTROLPOINT 35 {COLORMAPFRACTION = 0.701961 LEADRGB {R=68 G=190 B=112} TRAILRGB {R=68 G=190 B=112}}
  CONTROLPOINT 36 {COLORMAPFRACTION = 0.721569 LEADRGB {R=77 G=194 B=107} TRAILRGB {R=77 G=194 B=107}}
  CONTROLPOINT 37 {COLORMAPFRACTION = 0.741176 LEADRGB {R=87 G=198 B=101} TRAILRGB {R=87 G=198 B=101}}
  CONTROLPOINT 38 {COLORMAPFRACTION = 0.760784 LEADRGB {R=98 G=202 B=95} TRAILRGB {R=98 G=202 B=95}}
  CONTROLPOINT 39 {COLORMAPFRACTION = 0.780392 LEADRGB {R=109 G=206 B=88} TRAILRGB {R=109 G=206 B=88}}
  CONTROLPOINT 40 {COLORMAPFRACTION = 0.800000 LEADRGB {R=121 G=209 B=81} TRAILRGB {R=121 G=209 B=81}}
  CONTROLPOINT 41 {COLORMAPFRACTION = 0.819608 LEADRGB {R=134 G=212 B=73} TRAILRGB {R=134 G=212 B=73}}
  CONTROLPOINT 42 {COLORMAPFRACTION = 0.843137 LEADRGB {R=149 G=215 B=63} TRAILRGB {R=149 G=215 B=63}}
  CONTROLPOINT 43 {COLORMAPFRACTION = 0.862745 LEADRGB {R=162 G=218 B=55} TRAILRGB {R=162 G=218 B=55}}
  CONTROLPOINT 44 {COLORMAPFRACTION = 0.882353 LEADRGB {R=175 G=220 B=46} TRAILRGB {R=175 G=220 B=46}}
  CONTROLPOINT 45 {COLORMAPFRACTION = 0.901961 LEADRGB {R=189 G=222 B=38} TRAILRGB {R=189 G=222 B=38}}
  CONTROLPOINT 46 {COLORMAPFRACTION = 0.921569 LEADRGB {R=202 G=224 B=30} TRAILRGB {R=202 G=224 B=30}}
  CONTROLPOINT 47 {COLORMAPFRACTION = 0.941176 LEADRGB {R=215 G=226 B=25} TRAILRGB {R=215 G=226 B=25}}
  CONTROLPOINT 48 {COLORMAPFRACTION = 0.960784 LEADRGB {R=228 G=227 B=24} TRAILRGB {R=228 G=227 B=24}}
  CONTROLPOINT 49 {COLORMAPFRACTION = 0.980392 LEADRGB {R=241 G=229 B=28} TRAILRGB {R=241 G=229 B=28}}
