#!MC 1410
$!CREATECOLORMAP
  NAME = 'paraview - Cool to Warm (Extended)'
  NUMCONTROLPOINTS = 34
  CONTROLPOINT 1 {COLORMAPFRACTION = 0.000000 LEADRGB {R=0 G=0 B=89} TRAILRGB {R=0 G=0 B=89}}
  CONTROLPOINT 2 {COLORMAPFRACTION = 0.031250 LEADRGB {R=10 G=15 B=96} TRAILRGB {R=10 G=15 B=96}}
  CONTROLPOINT 3 {COLORMAPFRACTION = 0.062500 LEADRGB {R=15 G=29 B=105} TRAILRGB {R=15 G=29 B=105}}
  CONTROLPOINT 4 {COLORMAPFRACTION = 0.093750 LEADRGB {R=22 G=47 B=114} TRAILRGB {R=22 G=47 B=114}}
  CONTROLPOINT 5 {COLORMAPFRACTION = 0.125000 LEADRGB {R=31 G=66 B=128} TRAILRGB {R=31 G=66 B=128}}
  CONTROLPOINT 6 {COLORMAPFRACTION = 0.156250 LEADRGB {R=40 G=86 B=137} TRAILRGB {R=40 G=86 B=137}}
  CONTROLPOINT 7 {COLORMAPFRACTION = 0.187500 LEADRGB {R=51 G=100 B=144} TRAILRGB {R=51 G=100 B=144}}
  CONTROLPOINT 8 {COLORMAPFRACTION = 0.218750 LEADRGB {R=61 G=116 B=153} TRAILRGB {R=61 G=116 B=153}}
  CONTROLPOINT 9 {COLORMAPFRACTION = 0.250000 LEADRGB {R=73 G=133 B=165} TRAILRGB {R=73 G=133 B=165}}
  CONTROLPOINT 10 {COLORMAPFRACTION = 0.281250 LEADRGB {R=86 G=151 B=179} TRAILRGB {R=86 G=151 B=179}}
  CONTROLPOINT 11 {COLORMAPFRACTION = 0.312500 LEADRGB {R=98 G=167 B=191} TRAILRGB {R=98 G=167 B=191}}
  CONTROLPOINT 12 {COLORMAPFRACTION = 0.343750 LEADRGB {R=119 G=188 B=209} TRAILRGB {R=119 G=188 B=209}}
  CONTROLPOINT 13 {COLORMAPFRACTION = 0.375000 LEADRGB {R=145 G=209 B=223} TRAILRGB {R=145 G=209 B=223}}
  CONTROLPOINT 14 {COLORMAPFRACTION = 0.406250 LEADRGB {R=167 G=221 B=232} TRAILRGB {R=167 G=221 B=232}}
  CONTROLPOINT 15 {COLORMAPFRACTION = 0.437500 LEADRGB {R=191 G=233 B=239} TRAILRGB {R=191 G=233 B=239}}
  CONTROLPOINT 16 {COLORMAPFRACTION = 0.468750 LEADRGB {R=209 G=244 B=246} TRAILRGB {R=209 G=244 B=246}}
  CONTROLPOINT 17 {COLORMAPFRACTION = 0.500000 LEADRGB {R=239 G=251 B=251} TRAILRGB {R=251 G=244 B=230}}
  CONTROLPOINT 18 {COLORMAPFRACTION = 0.520000 LEADRGB {R=251 G=240 B=216} TRAILRGB {R=251 G=240 B=216}}
  CONTROLPOINT 19 {COLORMAPFRACTION = 0.540000 LEADRGB {R=249 G=228 B=200} TRAILRGB {R=249 G=228 B=200}}
  CONTROLPOINT 20 {COLORMAPFRACTION = 0.562500 LEADRGB {R=246 G=212 B=177} TRAILRGB {R=246 G=212 B=177}}
  CONTROLPOINT 21 {COLORMAPFRACTION = 0.593750 LEADRGB {R=242 G=186 B=149} TRAILRGB {R=242 G=186 B=149}}
  CONTROLPOINT 22 {COLORMAPFRACTION = 0.625000 LEADRGB {R=237 G=165 B=130} TRAILRGB {R=237 G=165 B=130}}
  CONTROLPOINT 23 {COLORMAPFRACTION = 0.656250 LEADRGB {R=232 G=144 B=110} TRAILRGB {R=232 G=144 B=110}}
  CONTROLPOINT 24 {COLORMAPFRACTION = 0.687500 LEADRGB {R=223 G=117 B=89} TRAILRGB {R=223 G=117 B=89}}
  CONTROLPOINT 25 {COLORMAPFRACTION = 0.718750 LEADRGB {R=214 G=98 B=73} TRAILRGB {R=214 G=98 B=73}}
  CONTROLPOINT 26 {COLORMAPFRACTION = 0.750000 LEADRGB {R=193 G=75 B=54} TRAILRGB {R=193 G=75 B=54}}
  CONTROLPOINT 27 {COLORMAPFRACTION = 0.781250 LEADRGB {R=179 G=54 B=42} TRAILRGB {R=179 G=54 B=42}}
  CONTROLPOINT 28 {COLORMAPFRACTION = 0.812500 LEADRGB {R=165 G=40 B=33} TRAILRGB {R=165 G=40 B=33}}
  CONTROLPOINT 29 {COLORMAPFRACTION = 0.843750 LEADRGB {R=153 G=24 B=24} TRAILRGB {R=153 G=24 B=24}}
  CONTROLPOINT 30 {COLORMAPFRACTION = 0.875000 LEADRGB {R=140 G=17 B=24} TRAILRGB {R=140 G=17 B=24}}
  CONTROLPOINT 31 {COLORMAPFRACTION = 0.906250 LEADRGB {R=128 G=12 B=31} TRAILRGB {R=128 G=12 B=31}}
  CONTROLPOINT 32 {COLORMAPFRACTION = 0.937500 LEADRGB {R=114 G=14 B=43} TRAILRGB {R=114 G=14 B=43}}
  CONTROLPOINT 33 {COLORMAPFRACTION = 0.968750 LEADRGB {R=102 G=14 B=49} TRAILRGB {R=102 G=14 B=49}}
  CONTROLPOINT 34 {COLORMAPFRACTION = 1.000000 LEADRGB {R=89 G=17 B=54} TRAILRGB {R=89 G=17 B=54}}
