#!MC 1410
$!CREATECOLORMAP
  NAME = 'paraview - Inferno (matplotlib)'
  NUMCONTROLPOINTS = 49
  CONTROLPOINT 1 {COLORMAPFRACTION = 0.000000 LEADRGB {R=0 G=0 B=3} TRAILRGB {R=0 G=0 B=3}}
  CONTROLPOINT 2 {COLORMAPFRACTION = 0.019608 LEADRGB {R=1 G=1 B=11} TRAILRGB {R=1 G=1 B=11}}
  CONTROLPOINT 3 {COLORMAPFRACTION = 0.039216 LEADRGB {R=4 G=3 B=22} TRAILRGB {R=4 G=3 B=22}}
  CONTROLPOINT 4 {COLORMAPFRACTION = 0.058824 LEADRGB {R=9 G=6 B=33} TRAILRGB {R=9 G=6 B=33}}
  CONTROLPOINT 5 {COLORMAPFRACTION = 0.078431 LEADRGB {R=15 G=9 B=45} TRAILRGB {R=15 G=9 B=45}}
  CONTROLPOINT 6 {COLORMAPFRACTION = 0.098039 LEADRGB {R=22 G=11 B=57} TRAILRGB {R=22 G=11 B=57}}
  CONTROLPOINT 7 {COLORMAPFRACTION = 0.117647 LEADRGB {R=29 G=12 B=69} TRAILRGB {R=29 G=12 B=69}}
  CONTROLPOINT 8 {COLORMAPFRACTION = 0.137255 LEADRGB {R=38 G=11 B=80} TRAILRGB {R=38 G=11 B=80}}
  CONTROLPOINT 9 {COLORMAPFRACTION = 0.156863 LEADRGB {R=46 G=10 B=90} TRAILRGB {R=46 G=10 B=90}}
  CONTROLPOINT 10 {COLORMAPFRACTION = 0.180392 LEADRGB {R=57 G=9 B=98} TRAILRGB {R=57 G=9 B=98}}
  CONTROLPOINT 11 {COLORMAPFRACTION = 0.200000 LEADRGB {R=65 G=9 B=103} TRAILRGB {R=65 G=9 B=103}}
  CONTROLPOINT 12 {COLORMAPFRACTION = 0.219608 LEADRGB {R=74 G=11 B=106} TRAILRGB {R=74 G=11 B=106}}
  CONTROLPOINT 13 {COLORMAPFRACTION = 0.239216 LEADRGB {R=82 G=14 B=108} TRAILRGB {R=82 G=14 B=108}}
  CONTROLPOINT 14 {COLORMAPFRACTION = 0.258824 LEADRGB {R=90 G=17 B=109} TRAILRGB {R=90 G=17 B=109}}
  CONTROLPOINT 15 {COLORMAPFRACTION = 0.278431 LEADRGB {R=98 G=20 B=110} TRAILRGB {R=98 G=20 B=110}}
  CONTROLPOINT 16 {COLORMAPFRACTION = 0.298039 LEADRGB {R=106 G=23 B=110} TRAILRGB {R=106 G=23 B=110}}
  CONTROLPOINT 17 {COLORMAPFRACTION = 0.317647 LEADRGB {R=114 G=25 B=109} TRAILRGB {R=114 G=25 B=109}}
  CONTROLPOINT 18 {COLORMAPFRACTION = 0.341176 LEADRGB {R=123 G=29 B=108} TRAILRGB {R=123 G=29 B=108}}
  CONTROLPOINT 19 {COLORMAPFRACTION = 0.360784 LEADRGB {R=131 G=32 B=107} TRAILRGB {R=131 G=32 B=107}}
  CONTROLPOINT 20 {COLORMAPFRACTION = 0.380392 LEADRGB {R=139 G=34 B=105} TRAILRGB {R=139 G=34 B=105}}
  CONTROLPOINT 21 {COLORMAPFRACTION = 0.400000 LEADRGB {R=147 G=37 B=103} TRAILRGB {R=147 G=37 B=103}}
  CONTROLPOINT 22 {COLORMAPFRACTION = 0.419608 LEADRGB {R=155 G=40 B=100} TRAILRGB {R=155 G=40 B=100}}
  CONTROLPOINT 23 {COLORMAPFRACTION = 0.439216 LEADRGB {R=163 G=43 B=97} TRAILRGB {R=163 G=43 B=97}}
  CONTROLPOINT 24 {COLORMAPFRACTION = 0.458824 LEADRGB {R=171 G=46 B=93} TRAILRGB {R=171 G=46 B=93}}
  CONTROLPOINT 25 {COLORMAPFRACTION = 0.478431 LEADRGB {R=178 G=50 B=89} TRAILRGB {R=178 G=50 B=89}}
  CONTROLPOINT 26 {COLORMAPFRACTION = 0.501961 LEADRGB {R=187 G=55 B=84} TRAILRGB {R=187 G=55 B=84}}
  CONTROLPOINT 27 {COLORMAPFRACTION = 0.521569 LEADRGB {R=194 G=59 B=79} TRAILRGB {R=194 G=59 B=79}}
  CONTROLPOINT 28 {COLORMAPFRACTION = 0.541176 LEADRGB {R=201 G=63 B=74} TRAILRGB {R=201 G=63 B=74}}
  CONTROLPOINT 29 {COLORMAPFRACTION = 0.560784 LEADRGB {R=208 G=69 B=68} TRAILRGB {R=208 G=69 B=68}}
  CONTROLPOINT 30 {COLORMAPFRACTION = 0.600000 LEADRGB {R=220 G=80 B=57} TRAILRGB {R=220 G=80 B=57}}
  CONTROLPOINT 31 {COLORMAPFRACTION = 0.619608 LEADRGB {R=226 G=87 B=51} TRAILRGB {R=226 G=87 B=51}}
  CONTROLPOINT 32 {COLORMAPFRACTION = 0.639216 LEADRGB {R=230 G=94 B=45} TRAILRGB {R=230 G=94 B=45}}
  CONTROLPOINT 33 {COLORMAPFRACTION = 0.658824 LEADRGB {R=235 G=101 B=39} TRAILRGB {R=235 G=101 B=39}}
  CONTROLPOINT 34 {COLORMAPFRACTION = 0.682353 LEADRGB {R=240 G=111 B=31} TRAILRGB {R=240 G=111 B=31}}
  CONTROLPOINT 35 {COLORMAPFRACTION = 0.701961 LEADRGB {R=243 G=119 B=25} TRAILRGB {R=243 G=119 B=25}}
  CONTROLPOINT 36 {COLORMAPFRACTION = 0.721569 LEADRGB {R=246 G=128 B=18} TRAILRGB {R=246 G=128 B=18}}
  CONTROLPOINT 37 {COLORMAPFRACTION = 0.741176 LEADRGB {R=248 G=136 B=12} TRAILRGB {R=248 G=136 B=12}}
  CONTROLPOINT 38 {COLORMAPFRACTION = 0.760784 LEADRGB {R=250 G=145 B=7} TRAILRGB {R=250 G=145 B=7}}
  CONTROLPOINT 39 {COLORMAPFRACTION = 0.780392 LEADRGB {R=251 G=155 B=6} TRAILRGB {R=251 G=155 B=6}}
  CONTROLPOINT 40 {COLORMAPFRACTION = 0.800000 LEADRGB {R=251 G=164 B=10} TRAILRGB {R=251 G=164 B=10}}
  CONTROLPOINT 41 {COLORMAPFRACTION = 0.819608 LEADRGB {R=251 G=174 B=18} TRAILRGB {R=251 G=174 B=18}}
  CONTROLPOINT 42 {COLORMAPFRACTION = 0.843137 LEADRGB {R=251 G=185 B=30} TRAILRGB {R=251 G=185 B=30}}
  CONTROLPOINT 43 {COLORMAPFRACTION = 0.862745 LEADRGB {R=249 G=195 B=42} TRAILRGB {R=249 G=195 B=42}}
  CONTROLPOINT 44 {COLORMAPFRACTION = 0.882353 LEADRGB {R=248 G=205 B=55} TRAILRGB {R=248 G=205 B=55}}
  CONTROLPOINT 45 {COLORMAPFRACTION = 0.901961 LEADRGB {R=245 G=215 B=69} TRAILRGB {R=245 G=215 B=69}}
  CONTROLPOINT 46 {COLORMAPFRACTION = 0.921569 LEADRGB {R=243 G=224 B=86} TRAILRGB {R=243 G=224 B=86}}
  CONTROLPOINT 47 {COLORMAPFRACTION = 0.941176 LEADRGB {R=241 G=233 B=104} TRAILRGB {R=241 G=233 B=104}}
  CONTROLPOINT 48 {COLORMAPFRACTION = 0.960784 LEADRGB {R=241 G=242 B=125} TRAILRGB {R=241 G=242 B=125}}
  CONTROLPOINT 49 {COLORMAPFRACTION = 0.980392 LEADRGB {R=245 G=248 B=145} TRAILRGB {R=245 G=248 B=145}}
