#!MC 1410
$!CREATECOLORMAP
  NAME = 'paraview - Gray and Red'
  NUMCONTROLPOINTS = 17
  CONTROLPOINT 1 {COLORMAPFRACTION = 0.000000 LEADRGB {R=26 G=26 B=26} TRAILRGB {R=26 G=26 B=26}}
  CONTROLPOINT 2 {COLORMAPFRACTION = 0.062745 LEADRGB {R=58 G=58 B=58} TRAILRGB {R=58 G=58 B=58}}
  CONTROLPOINT 3 {COLORMAPFRACTION = 0.125490 LEADRGB {R=91 G=91 B=91} TRAILRGB {R=91 G=91 B=91}}
  CONTROLPOINT 4 {COLORMAPFRACTION = 0.188236 LEADRGB {R=128 G=128 B=128} TRAILRGB {R=128 G=128 B=128}}
  CONTROLPOINT 5 {COLORMAPFRACTION = 0.250980 LEADRGB {R=161 G=161 B=161} TRAILRGB {R=161 G=161 B=161}}
  CONTROLPOINT 6 {COLORMAPFRACTION = 0.313725 LEADRGB {R=191 G=191 B=191} TRAILRGB {R=191 G=191 B=191}}
  CONTROLPOINT 7 {COLORMAPFRACTION = 0.376470 LEADRGB {R=215 G=215 B=215} TRAILRGB {R=215 G=215 B=215}}
  CONTROLPOINT 8 {COLORMAPFRACTION = 0.439215 LEADRGB {R=236 G=236 B=236} TRAILRGB {R=236 G=236 B=236}}
  CONTROLPOINT 9 {COLORMAPFRACTION = 0.501961 LEADRGB {R=254 G=254 B=253} TRAILRGB {R=254 G=254 B=253}}
  CONTROLPOINT 10 {COLORMAPFRACTION = 0.564706 LEADRGB {R=253 G=231 B=218} TRAILRGB {R=253 G=231 B=218}}
  CONTROLPOINT 11 {COLORMAPFRACTION = 0.627451 LEADRGB {R=250 G=204 B=180} TRAILRGB {R=250 G=204 B=180}}
  CONTROLPOINT 12 {COLORMAPFRACTION = 0.690196 LEADRGB {R=244 G=170 B=136} TRAILRGB {R=244 G=170 B=136}}
  CONTROLPOINT 13 {COLORMAPFRACTION = 0.752941 LEADRGB {R=228 G=128 B=101} TRAILRGB {R=228 G=128 B=101}}
  CONTROLPOINT 14 {COLORMAPFRACTION = 0.815686 LEADRGB {R=208 G=84 B=71} TRAILRGB {R=208 G=84 B=71}}
  CONTROLPOINT 15 {COLORMAPFRACTION = 0.878432 LEADRGB {R=185 G=39 B=50} TRAILRGB {R=185 G=39 B=50}}
  CONTROLPOINT 16 {COLORMAPFRACTION = 0.941177 LEADRGB {R=147 G=14 B=38} TRAILRGB {R=147 G=14 B=38}}
  CONTROLPOINT 17 {COLORMAPFRACTION = 1.000000 LEADRGB {R=103 G=0 B=31} TRAILRGB {R=103 G=0 B=31}}
