#!MC 1410

$!CreateColorMap 
  Name = 'Large Rainbow - converted '
  NumControlPoints = 7
  ControlPoint 1
    {
    ColorMapFraction = 0
    LeadRGB
      {
      R = 0
      G = 0
      B = 255
      }
    TrailRGB
      {
      R = 0
      G = 0
      B = 255
      }
    }
  ControlPoint 2
    {
    ColorMapFraction = 0.1667
    LeadRGB
      {
      R = 0
      G = 255
      B = 255
      }
    TrailRGB
      {
      R = 0
      G = 255
      B = 255
      }
    }
  ControlPoint 3
    {
    ColorMapFraction = 0.3333
    LeadRGB
      {
      R = 0
      G = 255
      B = 0
      }
    TrailRGB
      {
      R = 0
      G = 255
      B = 0
      }
    }
  ControlPoint 4
    {
    ColorMapFraction = 0.5
    LeadRGB
      {
      R = 255
      G = 255
      B = 0
      }
    TrailRGB
      {
      R = 255
      G = 255
      B = 0
      }
    }
  ControlPoint 5
    {
    ColorMapFraction = 0.6667
    LeadRGB
      {
      R = 255
      G = 0
      B = 0
      }
    TrailRGB
      {
      R = 255
      G = 0
      B = 0
      }
    }
  ControlPoint 6
    {
    ColorMapFraction = 0.8333
    LeadRGB
      {
      R = 255
      G = 0
      B = 255
      }
    TrailRGB
      {
      R = 255
      G = 0
      B = 255
      }
    }
  ControlPoint 7
    {
    ColorMapFraction = 1
    LeadRGB
      {
      R = 255
      G = 255
      B = 255
      }
    TrailRGB
      {
      R = 255
      G = 255
      B = 255
      }
    }