#!MC 1410

$!CreateColorMap 
  Name = 'Sequential - Green - converted '
  NumControlPoints = 7
  ControlPoint 1
    {
    ColorMapFraction = 0
    LeadRGB
      {
      R = 237
      G = 248
      B = 233
      }
    TrailRGB
      {
      R = 237
      G = 248
      B = 233
      }
    }
  ControlPoint 2
    {
    ColorMapFraction = 0.1667
    LeadRGB
      {
      R = 199
      G = 233
      B = 192
      }
    TrailRGB
      {
      R = 199
      G = 233
      B = 192
      }
    }
  ControlPoint 3
    {
    ColorMapFraction = 0.3333
    LeadRGB
      {
      R = 161
      G = 217
      B = 155
      }
    TrailRGB
      {
      R = 161
      G = 217
      B = 155
      }
    }
  ControlPoint 4
    {
    ColorMapFraction = 0.5
    LeadRGB
      {
      R = 116
      G = 196
      B = 118
      }
    TrailRGB
      {
      R = 116
      G = 196
      B = 118
      }
    }
  ControlPoint 5
    {
    ColorMapFraction = 0.6667
    LeadRGB
      {
      R = 65
      G = 171
      B = 93
      }
    TrailRGB
      {
      R = 65
      G = 171
      B = 93
      }
    }
  ControlPoint 6
    {
    ColorMapFraction = 0.8333
    LeadRGB
      {
      R = 35
      G = 139
      B = 69
      }
    TrailRGB
      {
      R = 35
      G = 139
      B = 69
      }
    }
  ControlPoint 7
    {
    ColorMapFraction = 1
    LeadRGB
      {
      R = 0
      G = 90
      B = 50
      }
    TrailRGB
      {
      R = 0
      G = 90
      B = 50
      }
    }