#!MC 1410

$!CreateColorMap 
  Name = 'Sequential - Yellow/Orange/Red - converted '
  NumControlPoints = 7
  ControlPoint 1
    {
    ColorMapFraction = 0
    LeadRGB
      {
      R = 255
      G = 255
      B = 178
      }
    TrailRGB
      {
      R = 255
      G = 255
      B = 178
      }
    }
  ControlPoint 2
    {
    ColorMapFraction = 0.1667
    LeadRGB
      {
      R = 254
      G = 217
      B = 118
      }
    TrailRGB
      {
      R = 254
      G = 217
      B = 118
      }
    }
  ControlPoint 3
    {
    ColorMapFraction = 0.3333
    LeadRGB
      {
      R = 254
      G = 178
      B = 76
      }
    TrailRGB
      {
      R = 254
      G = 178
      B = 76
      }
    }
  ControlPoint 4
    {
    ColorMapFraction = 0.5
    LeadRGB
      {
      R = 253
      G = 141
      B = 60
      }
    TrailRGB
      {
      R = 253
      G = 141
      B = 60
      }
    }
  ControlPoint 5
    {
    ColorMapFraction = 0.6667
    LeadRGB
      {
      R = 252
      G = 78
      B = 42
      }
    TrailRGB
      {
      R = 252
      G = 78
      B = 42
      }
    }
  ControlPoint 6
    {
    ColorMapFraction = 0.8333
    LeadRGB
      {
      R = 227
      G = 26
      B = 28
      }
    TrailRGB
      {
      R = 227
      G = 26
      B = 28
      }
    }
  ControlPoint 7
    {
    ColorMapFraction = 1
    LeadRGB
      {
      R = 177
      G = 0
      B = 38
      }
    TrailRGB
      {
      R = 177
      G = 0
      B = 38
      }
    }